[H[2J[3JSLURM_JOBID=24946075
SLURM_JOB_NODELIST=cpn-c02-32
SLURM_NNODES=1
SLURMTMPDIR=/scratch/24946075
working directory=/projects/academic/cyberwksp21/Students/alexeyak/libra_examples/Tutorials_Libra/6_dynamics/2_nbra_workflows/7_step2_cp2k/1_DFT/2_hpc/3_example_TiO2_June_2026/job1
The following modules were not unloaded:
  (Use "module --force purge" to unload all):

  1) ccrenv   2) gentoo/2023.01   3) ccrsoft/2023.01
[H[2J[3J<frozen importlib._bootstrap>:241: RuntimeWarning: to-Python converter for std::vector<std::vector<int, std::allocator<int> >, std::allocator<std::vector<int, std::allocator<int> > > > already registered; second conversion method ignored.
<frozen importlib._bootstrap>:241: RuntimeWarning: to-Python converter for boost::python::detail::container_element<std::vector<std::vector<int, std::allocator<int> >, std::allocator<std::vector<int, std::allocator<int> > > >, unsigned long, boost::python::detail::final_vector_derived_policies<std::vector<std::vector<int, std::allocator<int> >, std::allocator<std::vector<int, std::allocator<int> > > >, false> > already registered; second conversion method ignored.
<frozen importlib._bootstrap>:241: RuntimeWarning: to-Python converter for std::vector<std::vector<float, std::allocator<float> >, std::allocator<std::vector<float, std::allocator<float> > > > already registered; second conversion method ignored.
<frozen importlib._bootstrap>:241: RuntimeWarning: to-Python converter for boost::python::detail::container_element<std::vector<std::vector<float, std::allocator<float> >, std::allocator<std::vector<float, std::allocator<float> > > >, unsigned long, boost::python::detail::final_vector_derived_policies<std::vector<std::vector<float, std::allocator<float> >, std::allocator<std::vector<float, std::allocator<float> > > >, false> > already registered; second conversion method ignored.
<frozen importlib._bootstrap>:241: RuntimeWarning: to-Python converter for std::vector<std::vector<double, std::allocator<double> >, std::allocator<std::vector<double, std::allocator<double> > > > already registered; second conversion method ignored.
<frozen importlib._bootstrap>:241: RuntimeWarning: to-Python converter for boost::python::detail::container_element<std::vector<std::vector<double, std::allocator<double> >, std::allocator<std::vector<double, std::allocator<double> > > >, unsigned long, boost::python::detail::final_vector_derived_policies<std::vector<std::vector<double, std::allocator<double> >, std::allocator<std::vector<double, std::allocator<double> > > >, false> > already registered; second conversion method ignored.
<frozen importlib._bootstrap>:241: RuntimeWarning: to-Python converter for std::vector<std::vector<std::complex<double>, std::allocator<std::complex<double> > >, std::allocator<std::vector<std::complex<double>, std::allocator<std::complex<double> > > > > already registered; second conversion method ignored.
<frozen importlib._bootstrap>:241: RuntimeWarning: to-Python converter for boost::python::detail::container_element<std::vector<std::vector<std::complex<double>, std::allocator<std::complex<double> > >, std::allocator<std::vector<std::complex<double>, std::allocator<std::complex<double> > > > >, unsigned long, boost::python::detail::final_vector_derived_policies<std::vector<std::vector<std::complex<double>, std::allocator<std::complex<double> > >, std::allocator<std::vector<std::complex<double>, std::allocator<std::complex<double> > > > >, false> > already registered; second conversion method ignored.
mkdir: cannot create directory ‘/projects/academic/cyberwksp21/Students/alexeyak/libra_examples/Tutorials_Libra/6_dynamics/2_nbra_workflows/7_step2_cp2k/1_DFT/2_hpc/3_example_TiO2_June_2026/job1/../res’: File exists
cp: cannot stat 'True': No such file or directory
SIRIUS 7.7.1, git hash: https://api.github.com/repos/electronic-structure/SIRIUS/git/ref/tags/v7.7.1
cp: cannot stat 'True': No such file or directory
SIRIUS 7.7.1, git hash: https://api.github.com/repos/electronic-structure/SIRIUS/git/ref/tags/v7.7.1
cp: cannot stat 'True': No such file or directory
SIRIUS 7.7.1, git hash: https://api.github.com/repos/electronic-structure/SIRIUS/git/ref/tags/v7.7.1
cp: cannot stat 'True': No such file or directory
SIRIUS 7.7.1, git hash: https://api.github.com/repos/electronic-structure/SIRIUS/git/ref/tags/v7.7.1
cp: cannot stat 'True': No such file or directory
SIRIUS 7.7.1, git hash: https://api.github.com/repos/electronic-structure/SIRIUS/git/ref/tags/v7.7.1
cp: cannot stat 'True': No such file or directory
SIRIUS 7.7.1, git hash: https://api.github.com/repos/electronic-structure/SIRIUS/git/ref/tags/v7.7.1
mv: cannot stat '*bmp': No such file or directory
rm: cannot remove '*.cube': No such file or directory
The translational vectors for the current periodic system are:

[[-2 -2 -2]
 [-2 -2 -1]
 [-2 -2  0]
 [-2 -2  1]
 [-2 -2  2]
 [-2 -1 -2]
 [-2 -1 -1]
 [-2 -1  0]
 [-2 -1  1]
 [-2 -1  2]
 [-2  0 -2]
 [-2  0 -1]
 [-2  0  0]
 [-2  0  1]
 [-2  0  2]
 [-2  1 -2]
 [-2  1 -1]
 [-2  1  0]
 [-2  1  1]
 [-2  1  2]
 [-2  2 -2]
 [-2  2 -1]
 [-2  2  0]
 [-2  2  1]
 [-2  2  2]
 [-1 -2 -2]
 [-1 -2 -1]
 [-1 -2  0]
 [-1 -2  1]
 [-1 -2  2]
 [-1 -1 -2]
 [-1 -1 -1]
 [-1 -1  0]
 [-1 -1  1]
 [-1 -1  2]
 [-1  0 -2]
 [-1  0 -1]
 [-1  0  0]
 [-1  0  1]
 [-1  0  2]
 [-1  1 -2]
 [-1  1 -1]
 [-1  1  0]
 [-1  1  1]
 [-1  1  2]
 [-1  2 -2]
 [-1  2 -1]
 [-1  2  0]
 [-1  2  1]
 [-1  2  2]
 [ 0 -2 -2]
 [ 0 -2 -1]
 [ 0 -2  0]
 [ 0 -2  1]
 [ 0 -2  2]
 [ 0 -1 -2]
 [ 0 -1 -1]
 [ 0 -1  0]
 [ 0 -1  1]
 [ 0 -1  2]
 [ 0  0 -2]
 [ 0  0 -1]
 [ 0  0  1]
 [ 0  0  2]
 [ 0  1 -2]
 [ 0  1 -1]
 [ 0  1  0]
 [ 0  1  1]
 [ 0  1  2]
 [ 0  2 -2]
 [ 0  2 -1]
 [ 0  2  0]
 [ 0  2  1]
 [ 0  2  2]
 [ 1 -2 -2]
 [ 1 -2 -1]
 [ 1 -2  0]
 [ 1 -2  1]
 [ 1 -2  2]
 [ 1 -1 -2]
 [ 1 -1 -1]
 [ 1 -1  0]
 [ 1 -1  1]
 [ 1 -1  2]
 [ 1  0 -2]
 [ 1  0 -1]
 [ 1  0  0]
 [ 1  0  1]
 [ 1  0  2]
 [ 1  1 -2]
 [ 1  1 -1]
 [ 1  1  0]
 [ 1  1  1]
 [ 1  1  2]
 [ 1  2 -2]
 [ 1  2 -1]
 [ 1  2  0]
 [ 1  2  1]
 [ 1  2  2]
 [ 2 -2 -2]
 [ 2 -2 -1]
 [ 2 -2  0]
 [ 2 -2  1]
 [ 2 -2  2]
 [ 2 -1 -2]
 [ 2 -1 -1]
 [ 2 -1  0]
 [ 2 -1  1]
 [ 2 -1  2]
 [ 2  0 -2]
 [ 2  0 -1]
 [ 2  0  0]
 [ 2  0  1]
 [ 2  0  2]
 [ 2  1 -2]
 [ 2  1 -1]
 [ 2  1  0]
 [ 2  1  1]
 [ 2  1  2]
 [ 2  2 -2]
 [ 2  2 -1]
 [ 2  2  0]
 [ 2  2  1]
 [ 2  2  2]]
Will compute the S^AO between R(0,0,0) and 125 translational vectors
-----------------------Start-----------------------
-----------------------Step 0-----------------------
Done with step 0 Elapsed time: 48.29383158683777
Creating shell...
Done with creating shell. Elapsed time: 0.016744613647460938
Reading energies and eigenvectors....
Done with reading energies and eigenvectors. Elapsed time: 0.017501354217529297
Computing atomic orbital overlap matrix...
Computing the AO overlaps between R(-2,-2,-2) and R(0,0,0)
Computing the AO overlaps between R(-2,-2,-1) and R(0,0,0)
Computing the AO overlaps between R(-2,-2,0) and R(0,0,0)
Computing the AO overlaps between R(-2,-2,1) and R(0,0,0)
Computing the AO overlaps between R(-2,-2,2) and R(0,0,0)
Computing the AO overlaps between R(-2,-1,-2) and R(0,0,0)
Computing the AO overlaps between R(-2,-1,-1) and R(0,0,0)
Computing the AO overlaps between R(-2,-1,0) and R(0,0,0)
Computing the AO overlaps between R(-2,-1,1) and R(0,0,0)
Computing the AO overlaps between R(-2,-1,2) and R(0,0,0)
Computing the AO overlaps between R(-2,0,-2) and R(0,0,0)
Computing the AO overlaps between R(-2,0,-1) and R(0,0,0)
Computing the AO overlaps between R(-2,0,0) and R(0,0,0)
Computing the AO overlaps between R(-2,0,1) and R(0,0,0)
Computing the AO overlaps between R(-2,0,2) and R(0,0,0)
Computing the AO overlaps between R(-2,1,-2) and R(0,0,0)
Computing the AO overlaps between R(-2,1,-1) and R(0,0,0)
Computing the AO overlaps between R(-2,1,0) and R(0,0,0)
Computing the AO overlaps between R(-2,1,1) and R(0,0,0)
Computing the AO overlaps between R(-2,1,2) and R(0,0,0)
Computing the AO overlaps between R(-2,2,-2) and R(0,0,0)
Computing the AO overlaps between R(-2,2,-1) and R(0,0,0)
Computing the AO overlaps between R(-2,2,0) and R(0,0,0)
Computing the AO overlaps between R(-2,2,1) and R(0,0,0)
Computing the AO overlaps between R(-2,2,2) and R(0,0,0)
Computing the AO overlaps between R(-1,-2,-2) and R(0,0,0)
Computing the AO overlaps between R(-1,-2,-1) and R(0,0,0)
Computing the AO overlaps between R(-1,-2,0) and R(0,0,0)
Computing the AO overlaps between R(-1,-2,1) and R(0,0,0)
Computing the AO overlaps between R(-1,-2,2) and R(0,0,0)
Computing the AO overlaps between R(-1,-1,-2) and R(0,0,0)
Computing the AO overlaps between R(-1,-1,-1) and R(0,0,0)
Computing the AO overlaps between R(-1,-1,0) and R(0,0,0)
Computing the AO overlaps between R(-1,-1,1) and R(0,0,0)
Computing the AO overlaps between R(-1,-1,2) and R(0,0,0)
Computing the AO overlaps between R(-1,0,-2) and R(0,0,0)
Computing the AO overlaps between R(-1,0,-1) and R(0,0,0)
Computing the AO overlaps between R(-1,0,0) and R(0,0,0)
Computing the AO overlaps between R(-1,0,1) and R(0,0,0)
Computing the AO overlaps between R(-1,0,2) and R(0,0,0)
Computing the AO overlaps between R(-1,1,-2) and R(0,0,0)
Computing the AO overlaps between R(-1,1,-1) and R(0,0,0)
Computing the AO overlaps between R(-1,1,0) and R(0,0,0)
Computing the AO overlaps between R(-1,1,1) and R(0,0,0)
Computing the AO overlaps between R(-1,1,2) and R(0,0,0)
Computing the AO overlaps between R(-1,2,-2) and R(0,0,0)
Computing the AO overlaps between R(-1,2,-1) and R(0,0,0)
Computing the AO overlaps between R(-1,2,0) and R(0,0,0)
Computing the AO overlaps between R(-1,2,1) and R(0,0,0)
Computing the AO overlaps between R(-1,2,2) and R(0,0,0)
Computing the AO overlaps between R(0,-2,-2) and R(0,0,0)
Computing the AO overlaps between R(0,-2,-1) and R(0,0,0)
Computing the AO overlaps between R(0,-2,0) and R(0,0,0)
Computing the AO overlaps between R(0,-2,1) and R(0,0,0)
Computing the AO overlaps between R(0,-2,2) and R(0,0,0)
Computing the AO overlaps between R(0,-1,-2) and R(0,0,0)
Computing the AO overlaps between R(0,-1,-1) and R(0,0,0)
Computing the AO overlaps between R(0,-1,0) and R(0,0,0)
Computing the AO overlaps between R(0,-1,1) and R(0,0,0)
Computing the AO overlaps between R(0,-1,2) and R(0,0,0)
Computing the AO overlaps between R(0,0,-2) and R(0,0,0)
Computing the AO overlaps between R(0,0,-1) and R(0,0,0)
Computing the AO overlaps between R(0,0,1) and R(0,0,0)
Computing the AO overlaps between R(0,0,2) and R(0,0,0)
Computing the AO overlaps between R(0,1,-2) and R(0,0,0)
Computing the AO overlaps between R(0,1,-1) and R(0,0,0)
Computing the AO overlaps between R(0,1,0) and R(0,0,0)
Computing the AO overlaps between R(0,1,1) and R(0,0,0)
Computing the AO overlaps between R(0,1,2) and R(0,0,0)
Computing the AO overlaps between R(0,2,-2) and R(0,0,0)
Computing the AO overlaps between R(0,2,-1) and R(0,0,0)
Computing the AO overlaps between R(0,2,0) and R(0,0,0)
Computing the AO overlaps between R(0,2,1) and R(0,0,0)
Computing the AO overlaps between R(0,2,2) and R(0,0,0)
Computing the AO overlaps between R(1,-2,-2) and R(0,0,0)
Computing the AO overlaps between R(1,-2,-1) and R(0,0,0)
Computing the AO overlaps between R(1,-2,0) and R(0,0,0)
Computing the AO overlaps between R(1,-2,1) and R(0,0,0)
Computing the AO overlaps between R(1,-2,2) and R(0,0,0)
Computing the AO overlaps between R(1,-1,-2) and R(0,0,0)
Computing the AO overlaps between R(1,-1,-1) and R(0,0,0)
Computing the AO overlaps between R(1,-1,0) and R(0,0,0)
Computing the AO overlaps between R(1,-1,1) and R(0,0,0)
Computing the AO overlaps between R(1,-1,2) and R(0,0,0)
Computing the AO overlaps between R(1,0,-2) and R(0,0,0)
Computing the AO overlaps between R(1,0,-1) and R(0,0,0)
Computing the AO overlaps between R(1,0,0) and R(0,0,0)
Computing the AO overlaps between R(1,0,1) and R(0,0,0)
Computing the AO overlaps between R(1,0,2) and R(0,0,0)
Computing the AO overlaps between R(1,1,-2) and R(0,0,0)
Computing the AO overlaps between R(1,1,-1) and R(0,0,0)
Computing the AO overlaps between R(1,1,0) and R(0,0,0)
Computing the AO overlaps between R(1,1,1) and R(0,0,0)
Computing the AO overlaps between R(1,1,2) and R(0,0,0)
Computing the AO overlaps between R(1,2,-2) and R(0,0,0)
Computing the AO overlaps between R(1,2,-1) and R(0,0,0)
Computing the AO overlaps between R(1,2,0) and R(0,0,0)
Computing the AO overlaps between R(1,2,1) and R(0,0,0)
Computing the AO overlaps between R(1,2,2) and R(0,0,0)
Computing the AO overlaps between R(2,-2,-2) and R(0,0,0)
Computing the AO overlaps between R(2,-2,-1) and R(0,0,0)
Computing the AO overlaps between R(2,-2,0) and R(0,0,0)
Computing the AO overlaps between R(2,-2,1) and R(0,0,0)
Computing the AO overlaps between R(2,-2,2) and R(0,0,0)
Computing the AO overlaps between R(2,-1,-2) and R(0,0,0)
Computing the AO overlaps between R(2,-1,-1) and R(0,0,0)
Computing the AO overlaps between R(2,-1,0) and R(0,0,0)
Computing the AO overlaps between R(2,-1,1) and R(0,0,0)
Computing the AO overlaps between R(2,-1,2) and R(0,0,0)
Computing the AO overlaps between R(2,0,-2) and R(0,0,0)
Computing the AO overlaps between R(2,0,-1) and R(0,0,0)
Computing the AO overlaps between R(2,0,0) and R(0,0,0)
Computing the AO overlaps between R(2,0,1) and R(0,0,0)
Computing the AO overlaps between R(2,0,2) and R(0,0,0)
Computing the AO overlaps between R(2,1,-2) and R(0,0,0)
Computing the AO overlaps between R(2,1,-1) and R(0,0,0)
Computing the AO overlaps between R(2,1,0) and R(0,0,0)
Computing the AO overlaps between R(2,1,1) and R(0,0,0)
Computing the AO overlaps between R(2,1,2) and R(0,0,0)
Computing the AO overlaps between R(2,2,-2) and R(0,0,0)
Computing the AO overlaps between R(2,2,-1) and R(0,0,0)
Computing the AO overlaps between R(2,2,0) and R(0,0,0)
Computing the AO overlaps between R(2,2,1) and R(0,0,0)
Computing the AO overlaps between R(2,2,2) and R(0,0,0)
Done with computing atomic orbital overlaps. Elapsed time: 0.44315171241760254
Turning the MATRIX to numpy array...
Done with transforming MATRIX 2 numpy array. Elapsed time: 0.0045473575592041016
Resorting eigenvectors elements...
Done with resorting eigenvectors elements. Elapsed time: 0.0006458759307861328
Computing and saving molecular orbital overlaps...
Done with computing molecular orbital overlaps. Elapsed time: 0.044790029525756836
Done with step 0. Elapsed time: 48.82128643989563
-----------------------Step 1-----------------------
Done with step 1 Elapsed time: 59.688730001449585
Creating shell...
Done with creating shell. Elapsed time: 0.006872415542602539
Reading energies and eigenvectors....
Done with reading energies and eigenvectors. Elapsed time: 0.026939868927001953
Computing atomic orbital overlap matrix...
Computing the AO overlaps between R(-2,-2,-2) and R(0,0,0)
Computing the AO overlaps between R(-2,-2,-1) and R(0,0,0)
Computing the AO overlaps between R(-2,-2,0) and R(0,0,0)
Computing the AO overlaps between R(-2,-2,1) and R(0,0,0)
Computing the AO overlaps between R(-2,-2,2) and R(0,0,0)
Computing the AO overlaps between R(-2,-1,-2) and R(0,0,0)
Computing the AO overlaps between R(-2,-1,-1) and R(0,0,0)
Computing the AO overlaps between R(-2,-1,0) and R(0,0,0)
Computing the AO overlaps between R(-2,-1,1) and R(0,0,0)
Computing the AO overlaps between R(-2,-1,2) and R(0,0,0)
Computing the AO overlaps between R(-2,0,-2) and R(0,0,0)
Computing the AO overlaps between R(-2,0,-1) and R(0,0,0)
Computing the AO overlaps between R(-2,0,0) and R(0,0,0)
Computing the AO overlaps between R(-2,0,1) and R(0,0,0)
Computing the AO overlaps between R(-2,0,2) and R(0,0,0)
Computing the AO overlaps between R(-2,1,-2) and R(0,0,0)
Computing the AO overlaps between R(-2,1,-1) and R(0,0,0)
Computing the AO overlaps between R(-2,1,0) and R(0,0,0)
Computing the AO overlaps between R(-2,1,1) and R(0,0,0)
Computing the AO overlaps between R(-2,1,2) and R(0,0,0)
Computing the AO overlaps between R(-2,2,-2) and R(0,0,0)
Computing the AO overlaps between R(-2,2,-1) and R(0,0,0)
Computing the AO overlaps between R(-2,2,0) and R(0,0,0)
Computing the AO overlaps between R(-2,2,1) and R(0,0,0)
Computing the AO overlaps between R(-2,2,2) and R(0,0,0)
Computing the AO overlaps between R(-1,-2,-2) and R(0,0,0)
Computing the AO overlaps between R(-1,-2,-1) and R(0,0,0)
Computing the AO overlaps between R(-1,-2,0) and R(0,0,0)
Computing the AO overlaps between R(-1,-2,1) and R(0,0,0)
Computing the AO overlaps between R(-1,-2,2) and R(0,0,0)
Computing the AO overlaps between R(-1,-1,-2) and R(0,0,0)
Computing the AO overlaps between R(-1,-1,-1) and R(0,0,0)
Computing the AO overlaps between R(-1,-1,0) and R(0,0,0)
Computing the AO overlaps between R(-1,-1,1) and R(0,0,0)
Computing the AO overlaps between R(-1,-1,2) and R(0,0,0)
Computing the AO overlaps between R(-1,0,-2) and R(0,0,0)
Computing the AO overlaps between R(-1,0,-1) and R(0,0,0)
Computing the AO overlaps between R(-1,0,0) and R(0,0,0)
Computing the AO overlaps between R(-1,0,1) and R(0,0,0)
Computing the AO overlaps between R(-1,0,2) and R(0,0,0)
Computing the AO overlaps between R(-1,1,-2) and R(0,0,0)
Computing the AO overlaps between R(-1,1,-1) and R(0,0,0)
Computing the AO overlaps between R(-1,1,0) and R(0,0,0)
Computing the AO overlaps between R(-1,1,1) and R(0,0,0)
Computing the AO overlaps between R(-1,1,2) and R(0,0,0)
Computing the AO overlaps between R(-1,2,-2) and R(0,0,0)
Computing the AO overlaps between R(-1,2,-1) and R(0,0,0)
Computing the AO overlaps between R(-1,2,0) and R(0,0,0)
Computing the AO overlaps between R(-1,2,1) and R(0,0,0)
Computing the AO overlaps between R(-1,2,2) and R(0,0,0)
Computing the AO overlaps between R(0,-2,-2) and R(0,0,0)
Computing the AO overlaps between R(0,-2,-1) and R(0,0,0)
Computing the AO overlaps between R(0,-2,0) and R(0,0,0)
Computing the AO overlaps between R(0,-2,1) and R(0,0,0)
Computing the AO overlaps between R(0,-2,2) and R(0,0,0)
Computing the AO overlaps between R(0,-1,-2) and R(0,0,0)
Computing the AO overlaps between R(0,-1,-1) and R(0,0,0)
Computing the AO overlaps between R(0,-1,0) and R(0,0,0)
Computing the AO overlaps between R(0,-1,1) and R(0,0,0)
Computing the AO overlaps between R(0,-1,2) and R(0,0,0)
Computing the AO overlaps between R(0,0,-2) and R(0,0,0)
Computing the AO overlaps between R(0,0,-1) and R(0,0,0)
Computing the AO overlaps between R(0,0,1) and R(0,0,0)
Computing the AO overlaps between R(0,0,2) and R(0,0,0)
Computing the AO overlaps between R(0,1,-2) and R(0,0,0)
Computing the AO overlaps between R(0,1,-1) and R(0,0,0)
Computing the AO overlaps between R(0,1,0) and R(0,0,0)
Computing the AO overlaps between R(0,1,1) and R(0,0,0)
Computing the AO overlaps between R(0,1,2) and R(0,0,0)
Computing the AO overlaps between R(0,2,-2) and R(0,0,0)
Computing the AO overlaps between R(0,2,-1) and R(0,0,0)
Computing the AO overlaps between R(0,2,0) and R(0,0,0)
Computing the AO overlaps between R(0,2,1) and R(0,0,0)
Computing the AO overlaps between R(0,2,2) and R(0,0,0)
Computing the AO overlaps between R(1,-2,-2) and R(0,0,0)
Computing the AO overlaps between R(1,-2,-1) and R(0,0,0)
Computing the AO overlaps between R(1,-2,0) and R(0,0,0)
Computing the AO overlaps between R(1,-2,1) and R(0,0,0)
Computing the AO overlaps between R(1,-2,2) and R(0,0,0)
Computing the AO overlaps between R(1,-1,-2) and R(0,0,0)
Computing the AO overlaps between R(1,-1,-1) and R(0,0,0)
Computing the AO overlaps between R(1,-1,0) and R(0,0,0)
Computing the AO overlaps between R(1,-1,1) and R(0,0,0)
Computing the AO overlaps between R(1,-1,2) and R(0,0,0)
Computing the AO overlaps between R(1,0,-2) and R(0,0,0)
Computing the AO overlaps between R(1,0,-1) and R(0,0,0)
Computing the AO overlaps between R(1,0,0) and R(0,0,0)
Computing the AO overlaps between R(1,0,1) and R(0,0,0)
Computing the AO overlaps between R(1,0,2) and R(0,0,0)
Computing the AO overlaps between R(1,1,-2) and R(0,0,0)
Computing the AO overlaps between R(1,1,-1) and R(0,0,0)
Computing the AO overlaps between R(1,1,0) and R(0,0,0)
Computing the AO overlaps between R(1,1,1) and R(0,0,0)
Computing the AO overlaps between R(1,1,2) and R(0,0,0)
Computing the AO overlaps between R(1,2,-2) and R(0,0,0)
Computing the AO overlaps between R(1,2,-1) and R(0,0,0)
Computing the AO overlaps between R(1,2,0) and R(0,0,0)
Computing the AO overlaps between R(1,2,1) and R(0,0,0)
Computing the AO overlaps between R(1,2,2) and R(0,0,0)
Computing the AO overlaps between R(2,-2,-2) and R(0,0,0)
Computing the AO overlaps between R(2,-2,-1) and R(0,0,0)
Computing the AO overlaps between R(2,-2,0) and R(0,0,0)
Computing the AO overlaps between R(2,-2,1) and R(0,0,0)
Computing the AO overlaps between R(2,-2,2) and R(0,0,0)
Computing the AO overlaps between R(2,-1,-2) and R(0,0,0)
Computing the AO overlaps between R(2,-1,-1) and R(0,0,0)
Computing the AO overlaps between R(2,-1,0) and R(0,0,0)
Computing the AO overlaps between R(2,-1,1) and R(0,0,0)
Computing the AO overlaps between R(2,-1,2) and R(0,0,0)
Computing the AO overlaps between R(2,0,-2) and R(0,0,0)
Computing the AO overlaps between R(2,0,-1) and R(0,0,0)
Computing the AO overlaps between R(2,0,0) and R(0,0,0)
Computing the AO overlaps between R(2,0,1) and R(0,0,0)
Computing the AO overlaps between R(2,0,2) and R(0,0,0)
Computing the AO overlaps between R(2,1,-2) and R(0,0,0)
Computing the AO overlaps between R(2,1,-1) and R(0,0,0)
Computing the AO overlaps between R(2,1,0) and R(0,0,0)
Computing the AO overlaps between R(2,1,1) and R(0,0,0)
Computing the AO overlaps between R(2,1,2) and R(0,0,0)
Computing the AO overlaps between R(2,2,-2) and R(0,0,0)
Computing the AO overlaps between R(2,2,-1) and R(0,0,0)
Computing the AO overlaps between R(2,2,0) and R(0,0,0)
Computing the AO overlaps between R(2,2,1) and R(0,0,0)
Computing the AO overlaps between R(2,2,2) and R(0,0,0)
Done with computing atomic orbital overlaps. Elapsed time: 0.6495780944824219
Turning the MATRIX to numpy array...
Done with transforming MATRIX 2 numpy array. Elapsed time: 0.009083271026611328
Resorting eigenvectors elements...
Done with resorting eigenvectors elements. Elapsed time: 0.0007140636444091797
Computing and saving molecular orbital overlaps...
Done with computing molecular orbital overlaps. Elapsed time: 0.023717403411865234
Done with step 1. Elapsed time: 60.473958253860474
-----------------------Step 2-----------------------
Done with step 2 Elapsed time: 60.652610778808594
Creating shell...
Done with creating shell. Elapsed time: 0.011845827102661133
Reading energies and eigenvectors....
Done with reading energies and eigenvectors. Elapsed time: 0.04870176315307617
Computing atomic orbital overlap matrix...
Computing the AO overlaps between R(-2,-2,-2) and R(0,0,0)
Computing the AO overlaps between R(-2,-2,-1) and R(0,0,0)
Computing the AO overlaps between R(-2,-2,0) and R(0,0,0)
Computing the AO overlaps between R(-2,-2,1) and R(0,0,0)
Computing the AO overlaps between R(-2,-2,2) and R(0,0,0)
Computing the AO overlaps between R(-2,-1,-2) and R(0,0,0)
Computing the AO overlaps between R(-2,-1,-1) and R(0,0,0)
Computing the AO overlaps between R(-2,-1,0) and R(0,0,0)
Computing the AO overlaps between R(-2,-1,1) and R(0,0,0)
Computing the AO overlaps between R(-2,-1,2) and R(0,0,0)
Computing the AO overlaps between R(-2,0,-2) and R(0,0,0)
Computing the AO overlaps between R(-2,0,-1) and R(0,0,0)
Computing the AO overlaps between R(-2,0,0) and R(0,0,0)
Computing the AO overlaps between R(-2,0,1) and R(0,0,0)
Computing the AO overlaps between R(-2,0,2) and R(0,0,0)
Computing the AO overlaps between R(-2,1,-2) and R(0,0,0)
Computing the AO overlaps between R(-2,1,-1) and R(0,0,0)
Computing the AO overlaps between R(-2,1,0) and R(0,0,0)
Computing the AO overlaps between R(-2,1,1) and R(0,0,0)
Computing the AO overlaps between R(-2,1,2) and R(0,0,0)
Computing the AO overlaps between R(-2,2,-2) and R(0,0,0)
Computing the AO overlaps between R(-2,2,-1) and R(0,0,0)
Computing the AO overlaps between R(-2,2,0) and R(0,0,0)
Computing the AO overlaps between R(-2,2,1) and R(0,0,0)
Computing the AO overlaps between R(-2,2,2) and R(0,0,0)
Computing the AO overlaps between R(-1,-2,-2) and R(0,0,0)
Computing the AO overlaps between R(-1,-2,-1) and R(0,0,0)
Computing the AO overlaps between R(-1,-2,0) and R(0,0,0)
Computing the AO overlaps between R(-1,-2,1) and R(0,0,0)
Computing the AO overlaps between R(-1,-2,2) and R(0,0,0)
Computing the AO overlaps between R(-1,-1,-2) and R(0,0,0)
Computing the AO overlaps between R(-1,-1,-1) and R(0,0,0)
Computing the AO overlaps between R(-1,-1,0) and R(0,0,0)
Computing the AO overlaps between R(-1,-1,1) and R(0,0,0)
Computing the AO overlaps between R(-1,-1,2) and R(0,0,0)
Computing the AO overlaps between R(-1,0,-2) and R(0,0,0)
Computing the AO overlaps between R(-1,0,-1) and R(0,0,0)
Computing the AO overlaps between R(-1,0,0) and R(0,0,0)
Computing the AO overlaps between R(-1,0,1) and R(0,0,0)
Computing the AO overlaps between R(-1,0,2) and R(0,0,0)
Computing the AO overlaps between R(-1,1,-2) and R(0,0,0)
Computing the AO overlaps between R(-1,1,-1) and R(0,0,0)
Computing the AO overlaps between R(-1,1,0) and R(0,0,0)
Computing the AO overlaps between R(-1,1,1) and R(0,0,0)
Computing the AO overlaps between R(-1,1,2) and R(0,0,0)
Computing the AO overlaps between R(-1,2,-2) and R(0,0,0)
Computing the AO overlaps between R(-1,2,-1) and R(0,0,0)
Computing the AO overlaps between R(-1,2,0) and R(0,0,0)
Computing the AO overlaps between R(-1,2,1) and R(0,0,0)
Computing the AO overlaps between R(-1,2,2) and R(0,0,0)
Computing the AO overlaps between R(0,-2,-2) and R(0,0,0)
Computing the AO overlaps between R(0,-2,-1) and R(0,0,0)
Computing the AO overlaps between R(0,-2,0) and R(0,0,0)
Computing the AO overlaps between R(0,-2,1) and R(0,0,0)
Computing the AO overlaps between R(0,-2,2) and R(0,0,0)
Computing the AO overlaps between R(0,-1,-2) and R(0,0,0)
Computing the AO overlaps between R(0,-1,-1) and R(0,0,0)
Computing the AO overlaps between R(0,-1,0) and R(0,0,0)
Computing the AO overlaps between R(0,-1,1) and R(0,0,0)
Computing the AO overlaps between R(0,-1,2) and R(0,0,0)
Computing the AO overlaps between R(0,0,-2) and R(0,0,0)
Computing the AO overlaps between R(0,0,-1) and R(0,0,0)
Computing the AO overlaps between R(0,0,1) and R(0,0,0)
Computing the AO overlaps between R(0,0,2) and R(0,0,0)
Computing the AO overlaps between R(0,1,-2) and R(0,0,0)
Computing the AO overlaps between R(0,1,-1) and R(0,0,0)
Computing the AO overlaps between R(0,1,0) and R(0,0,0)
Computing the AO overlaps between R(0,1,1) and R(0,0,0)
Computing the AO overlaps between R(0,1,2) and R(0,0,0)
Computing the AO overlaps between R(0,2,-2) and R(0,0,0)
Computing the AO overlaps between R(0,2,-1) and R(0,0,0)
Computing the AO overlaps between R(0,2,0) and R(0,0,0)
Computing the AO overlaps between R(0,2,1) and R(0,0,0)
Computing the AO overlaps between R(0,2,2) and R(0,0,0)
Computing the AO overlaps between R(1,-2,-2) and R(0,0,0)
Computing the AO overlaps between R(1,-2,-1) and R(0,0,0)
Computing the AO overlaps between R(1,-2,0) and R(0,0,0)
Computing the AO overlaps between R(1,-2,1) and R(0,0,0)
Computing the AO overlaps between R(1,-2,2) and R(0,0,0)
Computing the AO overlaps between R(1,-1,-2) and R(0,0,0)
Computing the AO overlaps between R(1,-1,-1) and R(0,0,0)
Computing the AO overlaps between R(1,-1,0) and R(0,0,0)
Computing the AO overlaps between R(1,-1,1) and R(0,0,0)
Computing the AO overlaps between R(1,-1,2) and R(0,0,0)
Computing the AO overlaps between R(1,0,-2) and R(0,0,0)
Computing the AO overlaps between R(1,0,-1) and R(0,0,0)
Computing the AO overlaps between R(1,0,0) and R(0,0,0)
Computing the AO overlaps between R(1,0,1) and R(0,0,0)
Computing the AO overlaps between R(1,0,2) and R(0,0,0)
Computing the AO overlaps between R(1,1,-2) and R(0,0,0)
Computing the AO overlaps between R(1,1,-1) and R(0,0,0)
Computing the AO overlaps between R(1,1,0) and R(0,0,0)
Computing the AO overlaps between R(1,1,1) and R(0,0,0)
Computing the AO overlaps between R(1,1,2) and R(0,0,0)
Computing the AO overlaps between R(1,2,-2) and R(0,0,0)
Computing the AO overlaps between R(1,2,-1) and R(0,0,0)
Computing the AO overlaps between R(1,2,0) and R(0,0,0)
Computing the AO overlaps between R(1,2,1) and R(0,0,0)
Computing the AO overlaps between R(1,2,2) and R(0,0,0)
Computing the AO overlaps between R(2,-2,-2) and R(0,0,0)
Computing the AO overlaps between R(2,-2,-1) and R(0,0,0)
Computing the AO overlaps between R(2,-2,0) and R(0,0,0)
Computing the AO overlaps between R(2,-2,1) and R(0,0,0)
Computing the AO overlaps between R(2,-2,2) and R(0,0,0)
Computing the AO overlaps between R(2,-1,-2) and R(0,0,0)
Computing the AO overlaps between R(2,-1,-1) and R(0,0,0)
Computing the AO overlaps between R(2,-1,0) and R(0,0,0)
Computing the AO overlaps between R(2,-1,1) and R(0,0,0)
Computing the AO overlaps between R(2,-1,2) and R(0,0,0)
Computing the AO overlaps between R(2,0,-2) and R(0,0,0)
Computing the AO overlaps between R(2,0,-1) and R(0,0,0)
Computing the AO overlaps between R(2,0,0) and R(0,0,0)
Computing the AO overlaps between R(2,0,1) and R(0,0,0)
Computing the AO overlaps between R(2,0,2) and R(0,0,0)
Computing the AO overlaps between R(2,1,-2) and R(0,0,0)
Computing the AO overlaps between R(2,1,-1) and R(0,0,0)
Computing the AO overlaps between R(2,1,0) and R(0,0,0)
Computing the AO overlaps between R(2,1,1) and R(0,0,0)
Computing the AO overlaps between R(2,1,2) and R(0,0,0)
Computing the AO overlaps between R(2,2,-2) and R(0,0,0)
Computing the AO overlaps between R(2,2,-1) and R(0,0,0)
Computing the AO overlaps between R(2,2,0) and R(0,0,0)
Computing the AO overlaps between R(2,2,1) and R(0,0,0)
Computing the AO overlaps between R(2,2,2) and R(0,0,0)
Done with computing atomic orbital overlaps. Elapsed time: 0.6556580066680908
Turning the MATRIX to numpy array...
Done with transforming MATRIX 2 numpy array. Elapsed time: 0.009076833724975586
Resorting eigenvectors elements...
Done with resorting eigenvectors elements. Elapsed time: 0.0007100105285644531
Computing and saving molecular orbital overlaps...
Done with computing molecular orbital overlaps. Elapsed time: 0.023530960083007812
Done with step 2. Elapsed time: 61.473875522613525
-----------------------Step 3-----------------------
Done with step 3 Elapsed time: 55.2071590423584
Creating shell...
Done with creating shell. Elapsed time: 0.005536794662475586
Reading energies and eigenvectors....
Done with reading energies and eigenvectors. Elapsed time: 0.02132892608642578
Computing atomic orbital overlap matrix...
Computing the AO overlaps between R(-2,-2,-2) and R(0,0,0)
Computing the AO overlaps between R(-2,-2,-1) and R(0,0,0)
Computing the AO overlaps between R(-2,-2,0) and R(0,0,0)
Computing the AO overlaps between R(-2,-2,1) and R(0,0,0)
Computing the AO overlaps between R(-2,-2,2) and R(0,0,0)
Computing the AO overlaps between R(-2,-1,-2) and R(0,0,0)
Computing the AO overlaps between R(-2,-1,-1) and R(0,0,0)
Computing the AO overlaps between R(-2,-1,0) and R(0,0,0)
Computing the AO overlaps between R(-2,-1,1) and R(0,0,0)
Computing the AO overlaps between R(-2,-1,2) and R(0,0,0)
Computing the AO overlaps between R(-2,0,-2) and R(0,0,0)
Computing the AO overlaps between R(-2,0,-1) and R(0,0,0)
Computing the AO overlaps between R(-2,0,0) and R(0,0,0)
Computing the AO overlaps between R(-2,0,1) and R(0,0,0)
Computing the AO overlaps between R(-2,0,2) and R(0,0,0)
Computing the AO overlaps between R(-2,1,-2) and R(0,0,0)
Computing the AO overlaps between R(-2,1,-1) and R(0,0,0)
Computing the AO overlaps between R(-2,1,0) and R(0,0,0)
Computing the AO overlaps between R(-2,1,1) and R(0,0,0)
Computing the AO overlaps between R(-2,1,2) and R(0,0,0)
Computing the AO overlaps between R(-2,2,-2) and R(0,0,0)
Computing the AO overlaps between R(-2,2,-1) and R(0,0,0)
Computing the AO overlaps between R(-2,2,0) and R(0,0,0)
Computing the AO overlaps between R(-2,2,1) and R(0,0,0)
Computing the AO overlaps between R(-2,2,2) and R(0,0,0)
Computing the AO overlaps between R(-1,-2,-2) and R(0,0,0)
Computing the AO overlaps between R(-1,-2,-1) and R(0,0,0)
Computing the AO overlaps between R(-1,-2,0) and R(0,0,0)
Computing the AO overlaps between R(-1,-2,1) and R(0,0,0)
Computing the AO overlaps between R(-1,-2,2) and R(0,0,0)
Computing the AO overlaps between R(-1,-1,-2) and R(0,0,0)
Computing the AO overlaps between R(-1,-1,-1) and R(0,0,0)
Computing the AO overlaps between R(-1,-1,0) and R(0,0,0)
Computing the AO overlaps between R(-1,-1,1) and R(0,0,0)
Computing the AO overlaps between R(-1,-1,2) and R(0,0,0)
Computing the AO overlaps between R(-1,0,-2) and R(0,0,0)
Computing the AO overlaps between R(-1,0,-1) and R(0,0,0)
Computing the AO overlaps between R(-1,0,0) and R(0,0,0)
Computing the AO overlaps between R(-1,0,1) and R(0,0,0)
Computing the AO overlaps between R(-1,0,2) and R(0,0,0)
Computing the AO overlaps between R(-1,1,-2) and R(0,0,0)
Computing the AO overlaps between R(-1,1,-1) and R(0,0,0)
Computing the AO overlaps between R(-1,1,0) and R(0,0,0)
Computing the AO overlaps between R(-1,1,1) and R(0,0,0)
Computing the AO overlaps between R(-1,1,2) and R(0,0,0)
Computing the AO overlaps between R(-1,2,-2) and R(0,0,0)
Computing the AO overlaps between R(-1,2,-1) and R(0,0,0)
Computing the AO overlaps between R(-1,2,0) and R(0,0,0)
Computing the AO overlaps between R(-1,2,1) and R(0,0,0)
Computing the AO overlaps between R(-1,2,2) and R(0,0,0)
Computing the AO overlaps between R(0,-2,-2) and R(0,0,0)
Computing the AO overlaps between R(0,-2,-1) and R(0,0,0)
Computing the AO overlaps between R(0,-2,0) and R(0,0,0)
Computing the AO overlaps between R(0,-2,1) and R(0,0,0)
Computing the AO overlaps between R(0,-2,2) and R(0,0,0)
Computing the AO overlaps between R(0,-1,-2) and R(0,0,0)
Computing the AO overlaps between R(0,-1,-1) and R(0,0,0)
Computing the AO overlaps between R(0,-1,0) and R(0,0,0)
Computing the AO overlaps between R(0,-1,1) and R(0,0,0)
Computing the AO overlaps between R(0,-1,2) and R(0,0,0)
Computing the AO overlaps between R(0,0,-2) and R(0,0,0)
Computing the AO overlaps between R(0,0,-1) and R(0,0,0)
Computing the AO overlaps between R(0,0,1) and R(0,0,0)
Computing the AO overlaps between R(0,0,2) and R(0,0,0)
Computing the AO overlaps between R(0,1,-2) and R(0,0,0)
Computing the AO overlaps between R(0,1,-1) and R(0,0,0)
Computing the AO overlaps between R(0,1,0) and R(0,0,0)
Computing the AO overlaps between R(0,1,1) and R(0,0,0)
Computing the AO overlaps between R(0,1,2) and R(0,0,0)
Computing the AO overlaps between R(0,2,-2) and R(0,0,0)
Computing the AO overlaps between R(0,2,-1) and R(0,0,0)
Computing the AO overlaps between R(0,2,0) and R(0,0,0)
Computing the AO overlaps between R(0,2,1) and R(0,0,0)
Computing the AO overlaps between R(0,2,2) and R(0,0,0)
Computing the AO overlaps between R(1,-2,-2) and R(0,0,0)
Computing the AO overlaps between R(1,-2,-1) and R(0,0,0)
Computing the AO overlaps between R(1,-2,0) and R(0,0,0)
Computing the AO overlaps between R(1,-2,1) and R(0,0,0)
Computing the AO overlaps between R(1,-2,2) and R(0,0,0)
Computing the AO overlaps between R(1,-1,-2) and R(0,0,0)
Computing the AO overlaps between R(1,-1,-1) and R(0,0,0)
Computing the AO overlaps between R(1,-1,0) and R(0,0,0)
Computing the AO overlaps between R(1,-1,1) and R(0,0,0)
Computing the AO overlaps between R(1,-1,2) and R(0,0,0)
Computing the AO overlaps between R(1,0,-2) and R(0,0,0)
Computing the AO overlaps between R(1,0,-1) and R(0,0,0)
Computing the AO overlaps between R(1,0,0) and R(0,0,0)
Computing the AO overlaps between R(1,0,1) and R(0,0,0)
Computing the AO overlaps between R(1,0,2) and R(0,0,0)
Computing the AO overlaps between R(1,1,-2) and R(0,0,0)
Computing the AO overlaps between R(1,1,-1) and R(0,0,0)
Computing the AO overlaps between R(1,1,0) and R(0,0,0)
Computing the AO overlaps between R(1,1,1) and R(0,0,0)
Computing the AO overlaps between R(1,1,2) and R(0,0,0)
Computing the AO overlaps between R(1,2,-2) and R(0,0,0)
Computing the AO overlaps between R(1,2,-1) and R(0,0,0)
Computing the AO overlaps between R(1,2,0) and R(0,0,0)
Computing the AO overlaps between R(1,2,1) and R(0,0,0)
Computing the AO overlaps between R(1,2,2) and R(0,0,0)
Computing the AO overlaps between R(2,-2,-2) and R(0,0,0)
Computing the AO overlaps between R(2,-2,-1) and R(0,0,0)
Computing the AO overlaps between R(2,-2,0) and R(0,0,0)
Computing the AO overlaps between R(2,-2,1) and R(0,0,0)
Computing the AO overlaps between R(2,-2,2) and R(0,0,0)
Computing the AO overlaps between R(2,-1,-2) and R(0,0,0)
Computing the AO overlaps between R(2,-1,-1) and R(0,0,0)
Computing the AO overlaps between R(2,-1,0) and R(0,0,0)
Computing the AO overlaps between R(2,-1,1) and R(0,0,0)
Computing the AO overlaps between R(2,-1,2) and R(0,0,0)
Computing the AO overlaps between R(2,0,-2) and R(0,0,0)
Computing the AO overlaps between R(2,0,-1) and R(0,0,0)
Computing the AO overlaps between R(2,0,0) and R(0,0,0)
Computing the AO overlaps between R(2,0,1) and R(0,0,0)
Computing the AO overlaps between R(2,0,2) and R(0,0,0)
Computing the AO overlaps between R(2,1,-2) and R(0,0,0)
Computing the AO overlaps between R(2,1,-1) and R(0,0,0)
Computing the AO overlaps between R(2,1,0) and R(0,0,0)
Computing the AO overlaps between R(2,1,1) and R(0,0,0)
Computing the AO overlaps between R(2,1,2) and R(0,0,0)
Computing the AO overlaps between R(2,2,-2) and R(0,0,0)
Computing the AO overlaps between R(2,2,-1) and R(0,0,0)
Computing the AO overlaps between R(2,2,0) and R(0,0,0)
Computing the AO overlaps between R(2,2,1) and R(0,0,0)
Computing the AO overlaps between R(2,2,2) and R(0,0,0)
Done with computing atomic orbital overlaps. Elapsed time: 0.6352150440216064
Turning the MATRIX to numpy array...
Done with transforming MATRIX 2 numpy array. Elapsed time: 0.009090900421142578
Resorting eigenvectors elements...
Done with resorting eigenvectors elements. Elapsed time: 0.0006310939788818359
Computing and saving molecular orbital overlaps...
Done with computing molecular orbital overlaps. Elapsed time: 0.01615738868713379
Done with step 3. Elapsed time: 55.914571046829224
-----------------------Step 4-----------------------
Done with step 4 Elapsed time: 53.6456835269928
Creating shell...
Done with creating shell. Elapsed time: 0.005715370178222656
Reading energies and eigenvectors....
Done with reading energies and eigenvectors. Elapsed time: 0.021269798278808594
Computing atomic orbital overlap matrix...
Computing the AO overlaps between R(-2,-2,-2) and R(0,0,0)
Computing the AO overlaps between R(-2,-2,-1) and R(0,0,0)
Computing the AO overlaps between R(-2,-2,0) and R(0,0,0)
Computing the AO overlaps between R(-2,-2,1) and R(0,0,0)
Computing the AO overlaps between R(-2,-2,2) and R(0,0,0)
Computing the AO overlaps between R(-2,-1,-2) and R(0,0,0)
Computing the AO overlaps between R(-2,-1,-1) and R(0,0,0)
Computing the AO overlaps between R(-2,-1,0) and R(0,0,0)
Computing the AO overlaps between R(-2,-1,1) and R(0,0,0)
Computing the AO overlaps between R(-2,-1,2) and R(0,0,0)
Computing the AO overlaps between R(-2,0,-2) and R(0,0,0)
Computing the AO overlaps between R(-2,0,-1) and R(0,0,0)
Computing the AO overlaps between R(-2,0,0) and R(0,0,0)
Computing the AO overlaps between R(-2,0,1) and R(0,0,0)
Computing the AO overlaps between R(-2,0,2) and R(0,0,0)
Computing the AO overlaps between R(-2,1,-2) and R(0,0,0)
Computing the AO overlaps between R(-2,1,-1) and R(0,0,0)
Computing the AO overlaps between R(-2,1,0) and R(0,0,0)
Computing the AO overlaps between R(-2,1,1) and R(0,0,0)
Computing the AO overlaps between R(-2,1,2) and R(0,0,0)
Computing the AO overlaps between R(-2,2,-2) and R(0,0,0)
Computing the AO overlaps between R(-2,2,-1) and R(0,0,0)
Computing the AO overlaps between R(-2,2,0) and R(0,0,0)
Computing the AO overlaps between R(-2,2,1) and R(0,0,0)
Computing the AO overlaps between R(-2,2,2) and R(0,0,0)
Computing the AO overlaps between R(-1,-2,-2) and R(0,0,0)
Computing the AO overlaps between R(-1,-2,-1) and R(0,0,0)
Computing the AO overlaps between R(-1,-2,0) and R(0,0,0)
Computing the AO overlaps between R(-1,-2,1) and R(0,0,0)
Computing the AO overlaps between R(-1,-2,2) and R(0,0,0)
Computing the AO overlaps between R(-1,-1,-2) and R(0,0,0)
Computing the AO overlaps between R(-1,-1,-1) and R(0,0,0)
Computing the AO overlaps between R(-1,-1,0) and R(0,0,0)
Computing the AO overlaps between R(-1,-1,1) and R(0,0,0)
Computing the AO overlaps between R(-1,-1,2) and R(0,0,0)
Computing the AO overlaps between R(-1,0,-2) and R(0,0,0)
Computing the AO overlaps between R(-1,0,-1) and R(0,0,0)
Computing the AO overlaps between R(-1,0,0) and R(0,0,0)
Computing the AO overlaps between R(-1,0,1) and R(0,0,0)
Computing the AO overlaps between R(-1,0,2) and R(0,0,0)
Computing the AO overlaps between R(-1,1,-2) and R(0,0,0)
Computing the AO overlaps between R(-1,1,-1) and R(0,0,0)
Computing the AO overlaps between R(-1,1,0) and R(0,0,0)
Computing the AO overlaps between R(-1,1,1) and R(0,0,0)
Computing the AO overlaps between R(-1,1,2) and R(0,0,0)
Computing the AO overlaps between R(-1,2,-2) and R(0,0,0)
Computing the AO overlaps between R(-1,2,-1) and R(0,0,0)
Computing the AO overlaps between R(-1,2,0) and R(0,0,0)
Computing the AO overlaps between R(-1,2,1) and R(0,0,0)
Computing the AO overlaps between R(-1,2,2) and R(0,0,0)
Computing the AO overlaps between R(0,-2,-2) and R(0,0,0)
Computing the AO overlaps between R(0,-2,-1) and R(0,0,0)
Computing the AO overlaps between R(0,-2,0) and R(0,0,0)
Computing the AO overlaps between R(0,-2,1) and R(0,0,0)
Computing the AO overlaps between R(0,-2,2) and R(0,0,0)
Computing the AO overlaps between R(0,-1,-2) and R(0,0,0)
Computing the AO overlaps between R(0,-1,-1) and R(0,0,0)
Computing the AO overlaps between R(0,-1,0) and R(0,0,0)
Computing the AO overlaps between R(0,-1,1) and R(0,0,0)
Computing the AO overlaps between R(0,-1,2) and R(0,0,0)
Computing the AO overlaps between R(0,0,-2) and R(0,0,0)
Computing the AO overlaps between R(0,0,-1) and R(0,0,0)
Computing the AO overlaps between R(0,0,1) and R(0,0,0)
Computing the AO overlaps between R(0,0,2) and R(0,0,0)
Computing the AO overlaps between R(0,1,-2) and R(0,0,0)
Computing the AO overlaps between R(0,1,-1) and R(0,0,0)
Computing the AO overlaps between R(0,1,0) and R(0,0,0)
Computing the AO overlaps between R(0,1,1) and R(0,0,0)
Computing the AO overlaps between R(0,1,2) and R(0,0,0)
Computing the AO overlaps between R(0,2,-2) and R(0,0,0)
Computing the AO overlaps between R(0,2,-1) and R(0,0,0)
Computing the AO overlaps between R(0,2,0) and R(0,0,0)
Computing the AO overlaps between R(0,2,1) and R(0,0,0)
Computing the AO overlaps between R(0,2,2) and R(0,0,0)
Computing the AO overlaps between R(1,-2,-2) and R(0,0,0)
Computing the AO overlaps between R(1,-2,-1) and R(0,0,0)
Computing the AO overlaps between R(1,-2,0) and R(0,0,0)
Computing the AO overlaps between R(1,-2,1) and R(0,0,0)
Computing the AO overlaps between R(1,-2,2) and R(0,0,0)
Computing the AO overlaps between R(1,-1,-2) and R(0,0,0)
Computing the AO overlaps between R(1,-1,-1) and R(0,0,0)
Computing the AO overlaps between R(1,-1,0) and R(0,0,0)
Computing the AO overlaps between R(1,-1,1) and R(0,0,0)
Computing the AO overlaps between R(1,-1,2) and R(0,0,0)
Computing the AO overlaps between R(1,0,-2) and R(0,0,0)
Computing the AO overlaps between R(1,0,-1) and R(0,0,0)
Computing the AO overlaps between R(1,0,0) and R(0,0,0)
Computing the AO overlaps between R(1,0,1) and R(0,0,0)
Computing the AO overlaps between R(1,0,2) and R(0,0,0)
Computing the AO overlaps between R(1,1,-2) and R(0,0,0)
Computing the AO overlaps between R(1,1,-1) and R(0,0,0)
Computing the AO overlaps between R(1,1,0) and R(0,0,0)
Computing the AO overlaps between R(1,1,1) and R(0,0,0)
Computing the AO overlaps between R(1,1,2) and R(0,0,0)
Computing the AO overlaps between R(1,2,-2) and R(0,0,0)
Computing the AO overlaps between R(1,2,-1) and R(0,0,0)
Computing the AO overlaps between R(1,2,0) and R(0,0,0)
Computing the AO overlaps between R(1,2,1) and R(0,0,0)
Computing the AO overlaps between R(1,2,2) and R(0,0,0)
Computing the AO overlaps between R(2,-2,-2) and R(0,0,0)
Computing the AO overlaps between R(2,-2,-1) and R(0,0,0)
Computing the AO overlaps between R(2,-2,0) and R(0,0,0)
Computing the AO overlaps between R(2,-2,1) and R(0,0,0)
Computing the AO overlaps between R(2,-2,2) and R(0,0,0)
Computing the AO overlaps between R(2,-1,-2) and R(0,0,0)
Computing the AO overlaps between R(2,-1,-1) and R(0,0,0)
Computing the AO overlaps between R(2,-1,0) and R(0,0,0)
Computing the AO overlaps between R(2,-1,1) and R(0,0,0)
Computing the AO overlaps between R(2,-1,2) and R(0,0,0)
Computing the AO overlaps between R(2,0,-2) and R(0,0,0)
Computing the AO overlaps between R(2,0,-1) and R(0,0,0)
Computing the AO overlaps between R(2,0,0) and R(0,0,0)
Computing the AO overlaps between R(2,0,1) and R(0,0,0)
Computing the AO overlaps between R(2,0,2) and R(0,0,0)
Computing the AO overlaps between R(2,1,-2) and R(0,0,0)
Computing the AO overlaps between R(2,1,-1) and R(0,0,0)
Computing the AO overlaps between R(2,1,0) and R(0,0,0)
Computing the AO overlaps between R(2,1,1) and R(0,0,0)
Computing the AO overlaps between R(2,1,2) and R(0,0,0)
Computing the AO overlaps between R(2,2,-2) and R(0,0,0)
Computing the AO overlaps between R(2,2,-1) and R(0,0,0)
Computing the AO overlaps between R(2,2,0) and R(0,0,0)
Computing the AO overlaps between R(2,2,1) and R(0,0,0)
Computing the AO overlaps between R(2,2,2) and R(0,0,0)
Done with computing atomic orbital overlaps. Elapsed time: 0.8157649040222168
Turning the MATRIX to numpy array...
Done with transforming MATRIX 2 numpy array. Elapsed time: 0.009012460708618164
Resorting eigenvectors elements...
Done with resorting eigenvectors elements. Elapsed time: 0.0006380081176757812
Computing and saving molecular orbital overlaps...
Done with computing molecular orbital overlaps. Elapsed time: 0.015692472457885742
Done with step 4. Elapsed time: 54.532307386398315
-----------------------Step 5-----------------------
Done with step 5 Elapsed time: 48.758948802948
Creating shell...
Done with creating shell. Elapsed time: 0.009614706039428711
Reading energies and eigenvectors....
Done with reading energies and eigenvectors. Elapsed time: 0.041327476501464844
Computing atomic orbital overlap matrix...
Computing the AO overlaps between R(-2,-2,-2) and R(0,0,0)
Computing the AO overlaps between R(-2,-2,-1) and R(0,0,0)
Computing the AO overlaps between R(-2,-2,0) and R(0,0,0)
Computing the AO overlaps between R(-2,-2,1) and R(0,0,0)
Computing the AO overlaps between R(-2,-2,2) and R(0,0,0)
Computing the AO overlaps between R(-2,-1,-2) and R(0,0,0)
Computing the AO overlaps between R(-2,-1,-1) and R(0,0,0)
Computing the AO overlaps between R(-2,-1,0) and R(0,0,0)
Computing the AO overlaps between R(-2,-1,1) and R(0,0,0)
Computing the AO overlaps between R(-2,-1,2) and R(0,0,0)
Computing the AO overlaps between R(-2,0,-2) and R(0,0,0)
Computing the AO overlaps between R(-2,0,-1) and R(0,0,0)
Computing the AO overlaps between R(-2,0,0) and R(0,0,0)
Computing the AO overlaps between R(-2,0,1) and R(0,0,0)
Computing the AO overlaps between R(-2,0,2) and R(0,0,0)
Computing the AO overlaps between R(-2,1,-2) and R(0,0,0)
Computing the AO overlaps between R(-2,1,-1) and R(0,0,0)
Computing the AO overlaps between R(-2,1,0) and R(0,0,0)
Computing the AO overlaps between R(-2,1,1) and R(0,0,0)
Computing the AO overlaps between R(-2,1,2) and R(0,0,0)
Computing the AO overlaps between R(-2,2,-2) and R(0,0,0)
Computing the AO overlaps between R(-2,2,-1) and R(0,0,0)
Computing the AO overlaps between R(-2,2,0) and R(0,0,0)
Computing the AO overlaps between R(-2,2,1) and R(0,0,0)
Computing the AO overlaps between R(-2,2,2) and R(0,0,0)
Computing the AO overlaps between R(-1,-2,-2) and R(0,0,0)
Computing the AO overlaps between R(-1,-2,-1) and R(0,0,0)
Computing the AO overlaps between R(-1,-2,0) and R(0,0,0)
Computing the AO overlaps between R(-1,-2,1) and R(0,0,0)
Computing the AO overlaps between R(-1,-2,2) and R(0,0,0)
Computing the AO overlaps between R(-1,-1,-2) and R(0,0,0)
Computing the AO overlaps between R(-1,-1,-1) and R(0,0,0)
Computing the AO overlaps between R(-1,-1,0) and R(0,0,0)
Computing the AO overlaps between R(-1,-1,1) and R(0,0,0)
Computing the AO overlaps between R(-1,-1,2) and R(0,0,0)
Computing the AO overlaps between R(-1,0,-2) and R(0,0,0)
Computing the AO overlaps between R(-1,0,-1) and R(0,0,0)
Computing the AO overlaps between R(-1,0,0) and R(0,0,0)
Computing the AO overlaps between R(-1,0,1) and R(0,0,0)
Computing the AO overlaps between R(-1,0,2) and R(0,0,0)
Computing the AO overlaps between R(-1,1,-2) and R(0,0,0)
Computing the AO overlaps between R(-1,1,-1) and R(0,0,0)
Computing the AO overlaps between R(-1,1,0) and R(0,0,0)
Computing the AO overlaps between R(-1,1,1) and R(0,0,0)
Computing the AO overlaps between R(-1,1,2) and R(0,0,0)
Computing the AO overlaps between R(-1,2,-2) and R(0,0,0)
Computing the AO overlaps between R(-1,2,-1) and R(0,0,0)
Computing the AO overlaps between R(-1,2,0) and R(0,0,0)
Computing the AO overlaps between R(-1,2,1) and R(0,0,0)
Computing the AO overlaps between R(-1,2,2) and R(0,0,0)
Computing the AO overlaps between R(0,-2,-2) and R(0,0,0)
Computing the AO overlaps between R(0,-2,-1) and R(0,0,0)
Computing the AO overlaps between R(0,-2,0) and R(0,0,0)
Computing the AO overlaps between R(0,-2,1) and R(0,0,0)
Computing the AO overlaps between R(0,-2,2) and R(0,0,0)
Computing the AO overlaps between R(0,-1,-2) and R(0,0,0)
Computing the AO overlaps between R(0,-1,-1) and R(0,0,0)
Computing the AO overlaps between R(0,-1,0) and R(0,0,0)
Computing the AO overlaps between R(0,-1,1) and R(0,0,0)
Computing the AO overlaps between R(0,-1,2) and R(0,0,0)
Computing the AO overlaps between R(0,0,-2) and R(0,0,0)
Computing the AO overlaps between R(0,0,-1) and R(0,0,0)
Computing the AO overlaps between R(0,0,1) and R(0,0,0)
Computing the AO overlaps between R(0,0,2) and R(0,0,0)
Computing the AO overlaps between R(0,1,-2) and R(0,0,0)
Computing the AO overlaps between R(0,1,-1) and R(0,0,0)
Computing the AO overlaps between R(0,1,0) and R(0,0,0)
Computing the AO overlaps between R(0,1,1) and R(0,0,0)
Computing the AO overlaps between R(0,1,2) and R(0,0,0)
Computing the AO overlaps between R(0,2,-2) and R(0,0,0)
Computing the AO overlaps between R(0,2,-1) and R(0,0,0)
Computing the AO overlaps between R(0,2,0) and R(0,0,0)
Computing the AO overlaps between R(0,2,1) and R(0,0,0)
Computing the AO overlaps between R(0,2,2) and R(0,0,0)
Computing the AO overlaps between R(1,-2,-2) and R(0,0,0)
Computing the AO overlaps between R(1,-2,-1) and R(0,0,0)
Computing the AO overlaps between R(1,-2,0) and R(0,0,0)
Computing the AO overlaps between R(1,-2,1) and R(0,0,0)
Computing the AO overlaps between R(1,-2,2) and R(0,0,0)
Computing the AO overlaps between R(1,-1,-2) and R(0,0,0)
Computing the AO overlaps between R(1,-1,-1) and R(0,0,0)
Computing the AO overlaps between R(1,-1,0) and R(0,0,0)
Computing the AO overlaps between R(1,-1,1) and R(0,0,0)
Computing the AO overlaps between R(1,-1,2) and R(0,0,0)
Computing the AO overlaps between R(1,0,-2) and R(0,0,0)
Computing the AO overlaps between R(1,0,-1) and R(0,0,0)
Computing the AO overlaps between R(1,0,0) and R(0,0,0)
Computing the AO overlaps between R(1,0,1) and R(0,0,0)
Computing the AO overlaps between R(1,0,2) and R(0,0,0)
Computing the AO overlaps between R(1,1,-2) and R(0,0,0)
Computing the AO overlaps between R(1,1,-1) and R(0,0,0)
Computing the AO overlaps between R(1,1,0) and R(0,0,0)
Computing the AO overlaps between R(1,1,1) and R(0,0,0)
Computing the AO overlaps between R(1,1,2) and R(0,0,0)
Computing the AO overlaps between R(1,2,-2) and R(0,0,0)
Computing the AO overlaps between R(1,2,-1) and R(0,0,0)
Computing the AO overlaps between R(1,2,0) and R(0,0,0)
Computing the AO overlaps between R(1,2,1) and R(0,0,0)
Computing the AO overlaps between R(1,2,2) and R(0,0,0)
Computing the AO overlaps between R(2,-2,-2) and R(0,0,0)
Computing the AO overlaps between R(2,-2,-1) and R(0,0,0)
Computing the AO overlaps between R(2,-2,0) and R(0,0,0)
Computing the AO overlaps between R(2,-2,1) and R(0,0,0)
Computing the AO overlaps between R(2,-2,2) and R(0,0,0)
Computing the AO overlaps between R(2,-1,-2) and R(0,0,0)
Computing the AO overlaps between R(2,-1,-1) and R(0,0,0)
Computing the AO overlaps between R(2,-1,0) and R(0,0,0)
Computing the AO overlaps between R(2,-1,1) and R(0,0,0)
Computing the AO overlaps between R(2,-1,2) and R(0,0,0)
Computing the AO overlaps between R(2,0,-2) and R(0,0,0)
Computing the AO overlaps between R(2,0,-1) and R(0,0,0)
Computing the AO overlaps between R(2,0,0) and R(0,0,0)
Computing the AO overlaps between R(2,0,1) and R(0,0,0)
Computing the AO overlaps between R(2,0,2) and R(0,0,0)
Computing the AO overlaps between R(2,1,-2) and R(0,0,0)
Computing the AO overlaps between R(2,1,-1) and R(0,0,0)
Computing the AO overlaps between R(2,1,0) and R(0,0,0)
Computing the AO overlaps between R(2,1,1) and R(0,0,0)
Computing the AO overlaps between R(2,1,2) and R(0,0,0)
Computing the AO overlaps between R(2,2,-2) and R(0,0,0)
Computing the AO overlaps between R(2,2,-1) and R(0,0,0)
Computing the AO overlaps between R(2,2,0) and R(0,0,0)
Computing the AO overlaps between R(2,2,1) and R(0,0,0)
Computing the AO overlaps between R(2,2,2) and R(0,0,0)
Done with computing atomic orbital overlaps. Elapsed time: 0.6596465110778809
Turning the MATRIX to numpy array...
Done with transforming MATRIX 2 numpy array. Elapsed time: 0.009065389633178711
Resorting eigenvectors elements...
Done with resorting eigenvectors elements. Elapsed time: 0.0007398128509521484
Computing and saving molecular orbital overlaps...
Done with computing molecular orbital overlaps. Elapsed time: 0.01804661750793457
Done with step 5. Elapsed time: 49.51617193222046
Done with the job!!!
WARNING: Parameter all_images is not defined! in the input parametersUse the default value 
WARNING: Parameter image_format is not defined! in the input parametersUse the default value 
WARNING: Parameter isXTB is not defined! in the input parametersUse the default value 
WARNING: Parameter vmd_input_template is not defined! in the input parametersUse the default value 
WARNING: Parameter states_to_plot is not defined! in the input parametersUse the default value 
WARNING: Parameter plot_phase_corrected is not defined! in the input parametersUse the default value 
WARNING: Parameter vmd_exe is not defined! in the input parametersUse the default value 
WARNING: Parameter tachyon_exe is not defined! in the input parametersUse the default value 
WARNING: Parameter x_pixels is not defined! in the input parametersUse the default value 
WARNING: Parameter y_pixels is not defined! in the input parametersUse the default value 
WARNING: Parameter remove_cube is not defined! in the input parametersUse the default value 
WARNING: Parameter together_mode is not defined! in the input parametersUse the default value 
WARNING: Parameter use_emultipole is not defined! in the input parametersUse the default value 
WARNING: Parameter emultipole_components is not defined! in the input parametersUse the default value 
