[H[2J[3JSLURM_JOBID=24946077
SLURM_JOB_NODELIST=cpn-c04-04
SLURM_NNODES=1
SLURMTMPDIR=/scratch/24946077
working directory=/projects/academic/cyberwksp21/Students/alexeyak/libra_examples/Tutorials_Libra/6_dynamics/2_nbra_workflows/7_step2_cp2k/1_DFT/2_hpc/3_example_TiO2_June_2026/job3
The following modules were not unloaded:
  (Use "module --force purge" to unload all):

  1) ccrenv   2) gentoo/2023.01   3) ccrsoft/2023.01
[H[2J[3J<frozen importlib._bootstrap>:241: RuntimeWarning: to-Python converter for std::vector<std::vector<int, std::allocator<int> >, std::allocator<std::vector<int, std::allocator<int> > > > already registered; second conversion method ignored.
<frozen importlib._bootstrap>:241: RuntimeWarning: to-Python converter for boost::python::detail::container_element<std::vector<std::vector<int, std::allocator<int> >, std::allocator<std::vector<int, std::allocator<int> > > >, unsigned long, boost::python::detail::final_vector_derived_policies<std::vector<std::vector<int, std::allocator<int> >, std::allocator<std::vector<int, std::allocator<int> > > >, false> > already registered; second conversion method ignored.
<frozen importlib._bootstrap>:241: RuntimeWarning: to-Python converter for std::vector<std::vector<float, std::allocator<float> >, std::allocator<std::vector<float, std::allocator<float> > > > already registered; second conversion method ignored.
<frozen importlib._bootstrap>:241: RuntimeWarning: to-Python converter for boost::python::detail::container_element<std::vector<std::vector<float, std::allocator<float> >, std::allocator<std::vector<float, std::allocator<float> > > >, unsigned long, boost::python::detail::final_vector_derived_policies<std::vector<std::vector<float, std::allocator<float> >, std::allocator<std::vector<float, std::allocator<float> > > >, false> > already registered; second conversion method ignored.
<frozen importlib._bootstrap>:241: RuntimeWarning: to-Python converter for std::vector<std::vector<double, std::allocator<double> >, std::allocator<std::vector<double, std::allocator<double> > > > already registered; second conversion method ignored.
<frozen importlib._bootstrap>:241: RuntimeWarning: to-Python converter for boost::python::detail::container_element<std::vector<std::vector<double, std::allocator<double> >, std::allocator<std::vector<double, std::allocator<double> > > >, unsigned long, boost::python::detail::final_vector_derived_policies<std::vector<std::vector<double, std::allocator<double> >, std::allocator<std::vector<double, std::allocator<double> > > >, false> > already registered; second conversion method ignored.
<frozen importlib._bootstrap>:241: RuntimeWarning: to-Python converter for std::vector<std::vector<std::complex<double>, std::allocator<std::complex<double> > >, std::allocator<std::vector<std::complex<double>, std::allocator<std::complex<double> > > > > already registered; second conversion method ignored.
<frozen importlib._bootstrap>:241: RuntimeWarning: to-Python converter for boost::python::detail::container_element<std::vector<std::vector<std::complex<double>, std::allocator<std::complex<double> > >, std::allocator<std::vector<std::complex<double>, std::allocator<std::complex<double> > > > >, unsigned long, boost::python::detail::final_vector_derived_policies<std::vector<std::vector<std::complex<double>, std::allocator<std::complex<double> > >, std::allocator<std::vector<std::complex<double>, std::allocator<std::complex<double> > > > >, false> > already registered; second conversion method ignored.
mkdir: cannot create directory ‘/projects/academic/cyberwksp21/Students/alexeyak/libra_examples/Tutorials_Libra/6_dynamics/2_nbra_workflows/7_step2_cp2k/1_DFT/2_hpc/3_example_TiO2_June_2026/job3/../res’: File exists
cp: cannot stat 'True': No such file or directory
SIRIUS 7.7.1, git hash: https://api.github.com/repos/electronic-structure/SIRIUS/git/ref/tags/v7.7.1
cp: cannot stat 'True': No such file or directory
SIRIUS 7.7.1, git hash: https://api.github.com/repos/electronic-structure/SIRIUS/git/ref/tags/v7.7.1
cp: cannot stat 'True': No such file or directory
SIRIUS 7.7.1, git hash: https://api.github.com/repos/electronic-structure/SIRIUS/git/ref/tags/v7.7.1
cp: cannot stat 'True': No such file or directory
SIRIUS 7.7.1, git hash: https://api.github.com/repos/electronic-structure/SIRIUS/git/ref/tags/v7.7.1
cp: cannot stat 'True': No such file or directory
SIRIUS 7.7.1, git hash: https://api.github.com/repos/electronic-structure/SIRIUS/git/ref/tags/v7.7.1
cp: cannot stat 'True': No such file or directory
SIRIUS 7.7.1, git hash: https://api.github.com/repos/electronic-structure/SIRIUS/git/ref/tags/v7.7.1
mv: cannot stat '*bmp': No such file or directory
rm: cannot remove '*.cube': No such file or directory
The translational vectors for the current periodic system are:

[[-2 -2 -2]
 [-2 -2 -1]
 [-2 -2  0]
 [-2 -2  1]
 [-2 -2  2]
 [-2 -1 -2]
 [-2 -1 -1]
 [-2 -1  0]
 [-2 -1  1]
 [-2 -1  2]
 [-2  0 -2]
 [-2  0 -1]
 [-2  0  0]
 [-2  0  1]
 [-2  0  2]
 [-2  1 -2]
 [-2  1 -1]
 [-2  1  0]
 [-2  1  1]
 [-2  1  2]
 [-2  2 -2]
 [-2  2 -1]
 [-2  2  0]
 [-2  2  1]
 [-2  2  2]
 [-1 -2 -2]
 [-1 -2 -1]
 [-1 -2  0]
 [-1 -2  1]
 [-1 -2  2]
 [-1 -1 -2]
 [-1 -1 -1]
 [-1 -1  0]
 [-1 -1  1]
 [-1 -1  2]
 [-1  0 -2]
 [-1  0 -1]
 [-1  0  0]
 [-1  0  1]
 [-1  0  2]
 [-1  1 -2]
 [-1  1 -1]
 [-1  1  0]
 [-1  1  1]
 [-1  1  2]
 [-1  2 -2]
 [-1  2 -1]
 [-1  2  0]
 [-1  2  1]
 [-1  2  2]
 [ 0 -2 -2]
 [ 0 -2 -1]
 [ 0 -2  0]
 [ 0 -2  1]
 [ 0 -2  2]
 [ 0 -1 -2]
 [ 0 -1 -1]
 [ 0 -1  0]
 [ 0 -1  1]
 [ 0 -1  2]
 [ 0  0 -2]
 [ 0  0 -1]
 [ 0  0  1]
 [ 0  0  2]
 [ 0  1 -2]
 [ 0  1 -1]
 [ 0  1  0]
 [ 0  1  1]
 [ 0  1  2]
 [ 0  2 -2]
 [ 0  2 -1]
 [ 0  2  0]
 [ 0  2  1]
 [ 0  2  2]
 [ 1 -2 -2]
 [ 1 -2 -1]
 [ 1 -2  0]
 [ 1 -2  1]
 [ 1 -2  2]
 [ 1 -1 -2]
 [ 1 -1 -1]
 [ 1 -1  0]
 [ 1 -1  1]
 [ 1 -1  2]
 [ 1  0 -2]
 [ 1  0 -1]
 [ 1  0  0]
 [ 1  0  1]
 [ 1  0  2]
 [ 1  1 -2]
 [ 1  1 -1]
 [ 1  1  0]
 [ 1  1  1]
 [ 1  1  2]
 [ 1  2 -2]
 [ 1  2 -1]
 [ 1  2  0]
 [ 1  2  1]
 [ 1  2  2]
 [ 2 -2 -2]
 [ 2 -2 -1]
 [ 2 -2  0]
 [ 2 -2  1]
 [ 2 -2  2]
 [ 2 -1 -2]
 [ 2 -1 -1]
 [ 2 -1  0]
 [ 2 -1  1]
 [ 2 -1  2]
 [ 2  0 -2]
 [ 2  0 -1]
 [ 2  0  0]
 [ 2  0  1]
 [ 2  0  2]
 [ 2  1 -2]
 [ 2  1 -1]
 [ 2  1  0]
 [ 2  1  1]
 [ 2  1  2]
 [ 2  2 -2]
 [ 2  2 -1]
 [ 2  2  0]
 [ 2  2  1]
 [ 2  2  2]]
Will compute the S^AO between R(0,0,0) and 125 translational vectors
-----------------------Start-----------------------
-----------------------Step 10-----------------------
Done with step 10 Elapsed time: 54.88841247558594
Creating shell...
Done with creating shell. Elapsed time: 0.011656045913696289
Reading energies and eigenvectors....
Done with reading energies and eigenvectors. Elapsed time: 0.0458836555480957
Computing atomic orbital overlap matrix...
Computing the AO overlaps between R(-2,-2,-2) and R(0,0,0)
Computing the AO overlaps between R(-2,-2,-1) and R(0,0,0)
Computing the AO overlaps between R(-2,-2,0) and R(0,0,0)
Computing the AO overlaps between R(-2,-2,1) and R(0,0,0)
Computing the AO overlaps between R(-2,-2,2) and R(0,0,0)
Computing the AO overlaps between R(-2,-1,-2) and R(0,0,0)
Computing the AO overlaps between R(-2,-1,-1) and R(0,0,0)
Computing the AO overlaps between R(-2,-1,0) and R(0,0,0)
Computing the AO overlaps between R(-2,-1,1) and R(0,0,0)
Computing the AO overlaps between R(-2,-1,2) and R(0,0,0)
Computing the AO overlaps between R(-2,0,-2) and R(0,0,0)
Computing the AO overlaps between R(-2,0,-1) and R(0,0,0)
Computing the AO overlaps between R(-2,0,0) and R(0,0,0)
Computing the AO overlaps between R(-2,0,1) and R(0,0,0)
Computing the AO overlaps between R(-2,0,2) and R(0,0,0)
Computing the AO overlaps between R(-2,1,-2) and R(0,0,0)
Computing the AO overlaps between R(-2,1,-1) and R(0,0,0)
Computing the AO overlaps between R(-2,1,0) and R(0,0,0)
Computing the AO overlaps between R(-2,1,1) and R(0,0,0)
Computing the AO overlaps between R(-2,1,2) and R(0,0,0)
Computing the AO overlaps between R(-2,2,-2) and R(0,0,0)
Computing the AO overlaps between R(-2,2,-1) and R(0,0,0)
Computing the AO overlaps between R(-2,2,0) and R(0,0,0)
Computing the AO overlaps between R(-2,2,1) and R(0,0,0)
Computing the AO overlaps between R(-2,2,2) and R(0,0,0)
Computing the AO overlaps between R(-1,-2,-2) and R(0,0,0)
Computing the AO overlaps between R(-1,-2,-1) and R(0,0,0)
Computing the AO overlaps between R(-1,-2,0) and R(0,0,0)
Computing the AO overlaps between R(-1,-2,1) and R(0,0,0)
Computing the AO overlaps between R(-1,-2,2) and R(0,0,0)
Computing the AO overlaps between R(-1,-1,-2) and R(0,0,0)
Computing the AO overlaps between R(-1,-1,-1) and R(0,0,0)
Computing the AO overlaps between R(-1,-1,0) and R(0,0,0)
Computing the AO overlaps between R(-1,-1,1) and R(0,0,0)
Computing the AO overlaps between R(-1,-1,2) and R(0,0,0)
Computing the AO overlaps between R(-1,0,-2) and R(0,0,0)
Computing the AO overlaps between R(-1,0,-1) and R(0,0,0)
Computing the AO overlaps between R(-1,0,0) and R(0,0,0)
Computing the AO overlaps between R(-1,0,1) and R(0,0,0)
Computing the AO overlaps between R(-1,0,2) and R(0,0,0)
Computing the AO overlaps between R(-1,1,-2) and R(0,0,0)
Computing the AO overlaps between R(-1,1,-1) and R(0,0,0)
Computing the AO overlaps between R(-1,1,0) and R(0,0,0)
Computing the AO overlaps between R(-1,1,1) and R(0,0,0)
Computing the AO overlaps between R(-1,1,2) and R(0,0,0)
Computing the AO overlaps between R(-1,2,-2) and R(0,0,0)
Computing the AO overlaps between R(-1,2,-1) and R(0,0,0)
Computing the AO overlaps between R(-1,2,0) and R(0,0,0)
Computing the AO overlaps between R(-1,2,1) and R(0,0,0)
Computing the AO overlaps between R(-1,2,2) and R(0,0,0)
Computing the AO overlaps between R(0,-2,-2) and R(0,0,0)
Computing the AO overlaps between R(0,-2,-1) and R(0,0,0)
Computing the AO overlaps between R(0,-2,0) and R(0,0,0)
Computing the AO overlaps between R(0,-2,1) and R(0,0,0)
Computing the AO overlaps between R(0,-2,2) and R(0,0,0)
Computing the AO overlaps between R(0,-1,-2) and R(0,0,0)
Computing the AO overlaps between R(0,-1,-1) and R(0,0,0)
Computing the AO overlaps between R(0,-1,0) and R(0,0,0)
Computing the AO overlaps between R(0,-1,1) and R(0,0,0)
Computing the AO overlaps between R(0,-1,2) and R(0,0,0)
Computing the AO overlaps between R(0,0,-2) and R(0,0,0)
Computing the AO overlaps between R(0,0,-1) and R(0,0,0)
Computing the AO overlaps between R(0,0,1) and R(0,0,0)
Computing the AO overlaps between R(0,0,2) and R(0,0,0)
Computing the AO overlaps between R(0,1,-2) and R(0,0,0)
Computing the AO overlaps between R(0,1,-1) and R(0,0,0)
Computing the AO overlaps between R(0,1,0) and R(0,0,0)
Computing the AO overlaps between R(0,1,1) and R(0,0,0)
Computing the AO overlaps between R(0,1,2) and R(0,0,0)
Computing the AO overlaps between R(0,2,-2) and R(0,0,0)
Computing the AO overlaps between R(0,2,-1) and R(0,0,0)
Computing the AO overlaps between R(0,2,0) and R(0,0,0)
Computing the AO overlaps between R(0,2,1) and R(0,0,0)
Computing the AO overlaps between R(0,2,2) and R(0,0,0)
Computing the AO overlaps between R(1,-2,-2) and R(0,0,0)
Computing the AO overlaps between R(1,-2,-1) and R(0,0,0)
Computing the AO overlaps between R(1,-2,0) and R(0,0,0)
Computing the AO overlaps between R(1,-2,1) and R(0,0,0)
Computing the AO overlaps between R(1,-2,2) and R(0,0,0)
Computing the AO overlaps between R(1,-1,-2) and R(0,0,0)
Computing the AO overlaps between R(1,-1,-1) and R(0,0,0)
Computing the AO overlaps between R(1,-1,0) and R(0,0,0)
Computing the AO overlaps between R(1,-1,1) and R(0,0,0)
Computing the AO overlaps between R(1,-1,2) and R(0,0,0)
Computing the AO overlaps between R(1,0,-2) and R(0,0,0)
Computing the AO overlaps between R(1,0,-1) and R(0,0,0)
Computing the AO overlaps between R(1,0,0) and R(0,0,0)
Computing the AO overlaps between R(1,0,1) and R(0,0,0)
Computing the AO overlaps between R(1,0,2) and R(0,0,0)
Computing the AO overlaps between R(1,1,-2) and R(0,0,0)
Computing the AO overlaps between R(1,1,-1) and R(0,0,0)
Computing the AO overlaps between R(1,1,0) and R(0,0,0)
Computing the AO overlaps between R(1,1,1) and R(0,0,0)
Computing the AO overlaps between R(1,1,2) and R(0,0,0)
Computing the AO overlaps between R(1,2,-2) and R(0,0,0)
Computing the AO overlaps between R(1,2,-1) and R(0,0,0)
Computing the AO overlaps between R(1,2,0) and R(0,0,0)
Computing the AO overlaps between R(1,2,1) and R(0,0,0)
Computing the AO overlaps between R(1,2,2) and R(0,0,0)
Computing the AO overlaps between R(2,-2,-2) and R(0,0,0)
Computing the AO overlaps between R(2,-2,-1) and R(0,0,0)
Computing the AO overlaps between R(2,-2,0) and R(0,0,0)
Computing the AO overlaps between R(2,-2,1) and R(0,0,0)
Computing the AO overlaps between R(2,-2,2) and R(0,0,0)
Computing the AO overlaps between R(2,-1,-2) and R(0,0,0)
Computing the AO overlaps between R(2,-1,-1) and R(0,0,0)
Computing the AO overlaps between R(2,-1,0) and R(0,0,0)
Computing the AO overlaps between R(2,-1,1) and R(0,0,0)
Computing the AO overlaps between R(2,-1,2) and R(0,0,0)
Computing the AO overlaps between R(2,0,-2) and R(0,0,0)
Computing the AO overlaps between R(2,0,-1) and R(0,0,0)
Computing the AO overlaps between R(2,0,0) and R(0,0,0)
Computing the AO overlaps between R(2,0,1) and R(0,0,0)
Computing the AO overlaps between R(2,0,2) and R(0,0,0)
Computing the AO overlaps between R(2,1,-2) and R(0,0,0)
Computing the AO overlaps between R(2,1,-1) and R(0,0,0)
Computing the AO overlaps between R(2,1,0) and R(0,0,0)
Computing the AO overlaps between R(2,1,1) and R(0,0,0)
Computing the AO overlaps between R(2,1,2) and R(0,0,0)
Computing the AO overlaps between R(2,2,-2) and R(0,0,0)
Computing the AO overlaps between R(2,2,-1) and R(0,0,0)
Computing the AO overlaps between R(2,2,0) and R(0,0,0)
Computing the AO overlaps between R(2,2,1) and R(0,0,0)
Computing the AO overlaps between R(2,2,2) and R(0,0,0)
Done with computing atomic orbital overlaps. Elapsed time: 0.593621015548706
Turning the MATRIX to numpy array...
Done with transforming MATRIX 2 numpy array. Elapsed time: 0.004503488540649414
Resorting eigenvectors elements...
Done with resorting eigenvectors elements. Elapsed time: 0.0006301403045654297
Computing and saving molecular orbital overlaps...
Done with computing molecular orbital overlaps. Elapsed time: 0.010324954986572266
Done with step 10. Elapsed time: 55.55511736869812
-----------------------Step 11-----------------------
Done with step 11 Elapsed time: 48.70995378494263
Creating shell...
Done with creating shell. Elapsed time: 0.007895946502685547
Reading energies and eigenvectors....
Done with reading energies and eigenvectors. Elapsed time: 0.03057384490966797
Computing atomic orbital overlap matrix...
Computing the AO overlaps between R(-2,-2,-2) and R(0,0,0)
Computing the AO overlaps between R(-2,-2,-1) and R(0,0,0)
Computing the AO overlaps between R(-2,-2,0) and R(0,0,0)
Computing the AO overlaps between R(-2,-2,1) and R(0,0,0)
Computing the AO overlaps between R(-2,-2,2) and R(0,0,0)
Computing the AO overlaps between R(-2,-1,-2) and R(0,0,0)
Computing the AO overlaps between R(-2,-1,-1) and R(0,0,0)
Computing the AO overlaps between R(-2,-1,0) and R(0,0,0)
Computing the AO overlaps between R(-2,-1,1) and R(0,0,0)
Computing the AO overlaps between R(-2,-1,2) and R(0,0,0)
Computing the AO overlaps between R(-2,0,-2) and R(0,0,0)
Computing the AO overlaps between R(-2,0,-1) and R(0,0,0)
Computing the AO overlaps between R(-2,0,0) and R(0,0,0)
Computing the AO overlaps between R(-2,0,1) and R(0,0,0)
Computing the AO overlaps between R(-2,0,2) and R(0,0,0)
Computing the AO overlaps between R(-2,1,-2) and R(0,0,0)
Computing the AO overlaps between R(-2,1,-1) and R(0,0,0)
Computing the AO overlaps between R(-2,1,0) and R(0,0,0)
Computing the AO overlaps between R(-2,1,1) and R(0,0,0)
Computing the AO overlaps between R(-2,1,2) and R(0,0,0)
Computing the AO overlaps between R(-2,2,-2) and R(0,0,0)
Computing the AO overlaps between R(-2,2,-1) and R(0,0,0)
Computing the AO overlaps between R(-2,2,0) and R(0,0,0)
Computing the AO overlaps between R(-2,2,1) and R(0,0,0)
Computing the AO overlaps between R(-2,2,2) and R(0,0,0)
Computing the AO overlaps between R(-1,-2,-2) and R(0,0,0)
Computing the AO overlaps between R(-1,-2,-1) and R(0,0,0)
Computing the AO overlaps between R(-1,-2,0) and R(0,0,0)
Computing the AO overlaps between R(-1,-2,1) and R(0,0,0)
Computing the AO overlaps between R(-1,-2,2) and R(0,0,0)
Computing the AO overlaps between R(-1,-1,-2) and R(0,0,0)
Computing the AO overlaps between R(-1,-1,-1) and R(0,0,0)
Computing the AO overlaps between R(-1,-1,0) and R(0,0,0)
Computing the AO overlaps between R(-1,-1,1) and R(0,0,0)
Computing the AO overlaps between R(-1,-1,2) and R(0,0,0)
Computing the AO overlaps between R(-1,0,-2) and R(0,0,0)
Computing the AO overlaps between R(-1,0,-1) and R(0,0,0)
Computing the AO overlaps between R(-1,0,0) and R(0,0,0)
Computing the AO overlaps between R(-1,0,1) and R(0,0,0)
Computing the AO overlaps between R(-1,0,2) and R(0,0,0)
Computing the AO overlaps between R(-1,1,-2) and R(0,0,0)
Computing the AO overlaps between R(-1,1,-1) and R(0,0,0)
Computing the AO overlaps between R(-1,1,0) and R(0,0,0)
Computing the AO overlaps between R(-1,1,1) and R(0,0,0)
Computing the AO overlaps between R(-1,1,2) and R(0,0,0)
Computing the AO overlaps between R(-1,2,-2) and R(0,0,0)
Computing the AO overlaps between R(-1,2,-1) and R(0,0,0)
Computing the AO overlaps between R(-1,2,0) and R(0,0,0)
Computing the AO overlaps between R(-1,2,1) and R(0,0,0)
Computing the AO overlaps between R(-1,2,2) and R(0,0,0)
Computing the AO overlaps between R(0,-2,-2) and R(0,0,0)
Computing the AO overlaps between R(0,-2,-1) and R(0,0,0)
Computing the AO overlaps between R(0,-2,0) and R(0,0,0)
Computing the AO overlaps between R(0,-2,1) and R(0,0,0)
Computing the AO overlaps between R(0,-2,2) and R(0,0,0)
Computing the AO overlaps between R(0,-1,-2) and R(0,0,0)
Computing the AO overlaps between R(0,-1,-1) and R(0,0,0)
Computing the AO overlaps between R(0,-1,0) and R(0,0,0)
Computing the AO overlaps between R(0,-1,1) and R(0,0,0)
Computing the AO overlaps between R(0,-1,2) and R(0,0,0)
Computing the AO overlaps between R(0,0,-2) and R(0,0,0)
Computing the AO overlaps between R(0,0,-1) and R(0,0,0)
Computing the AO overlaps between R(0,0,1) and R(0,0,0)
Computing the AO overlaps between R(0,0,2) and R(0,0,0)
Computing the AO overlaps between R(0,1,-2) and R(0,0,0)
Computing the AO overlaps between R(0,1,-1) and R(0,0,0)
Computing the AO overlaps between R(0,1,0) and R(0,0,0)
Computing the AO overlaps between R(0,1,1) and R(0,0,0)
Computing the AO overlaps between R(0,1,2) and R(0,0,0)
Computing the AO overlaps between R(0,2,-2) and R(0,0,0)
Computing the AO overlaps between R(0,2,-1) and R(0,0,0)
Computing the AO overlaps between R(0,2,0) and R(0,0,0)
Computing the AO overlaps between R(0,2,1) and R(0,0,0)
Computing the AO overlaps between R(0,2,2) and R(0,0,0)
Computing the AO overlaps between R(1,-2,-2) and R(0,0,0)
Computing the AO overlaps between R(1,-2,-1) and R(0,0,0)
Computing the AO overlaps between R(1,-2,0) and R(0,0,0)
Computing the AO overlaps between R(1,-2,1) and R(0,0,0)
Computing the AO overlaps between R(1,-2,2) and R(0,0,0)
Computing the AO overlaps between R(1,-1,-2) and R(0,0,0)
Computing the AO overlaps between R(1,-1,-1) and R(0,0,0)
Computing the AO overlaps between R(1,-1,0) and R(0,0,0)
Computing the AO overlaps between R(1,-1,1) and R(0,0,0)
Computing the AO overlaps between R(1,-1,2) and R(0,0,0)
Computing the AO overlaps between R(1,0,-2) and R(0,0,0)
Computing the AO overlaps between R(1,0,-1) and R(0,0,0)
Computing the AO overlaps between R(1,0,0) and R(0,0,0)
Computing the AO overlaps between R(1,0,1) and R(0,0,0)
Computing the AO overlaps between R(1,0,2) and R(0,0,0)
Computing the AO overlaps between R(1,1,-2) and R(0,0,0)
Computing the AO overlaps between R(1,1,-1) and R(0,0,0)
Computing the AO overlaps between R(1,1,0) and R(0,0,0)
Computing the AO overlaps between R(1,1,1) and R(0,0,0)
Computing the AO overlaps between R(1,1,2) and R(0,0,0)
Computing the AO overlaps between R(1,2,-2) and R(0,0,0)
Computing the AO overlaps between R(1,2,-1) and R(0,0,0)
Computing the AO overlaps between R(1,2,0) and R(0,0,0)
Computing the AO overlaps between R(1,2,1) and R(0,0,0)
Computing the AO overlaps between R(1,2,2) and R(0,0,0)
Computing the AO overlaps between R(2,-2,-2) and R(0,0,0)
Computing the AO overlaps between R(2,-2,-1) and R(0,0,0)
Computing the AO overlaps between R(2,-2,0) and R(0,0,0)
Computing the AO overlaps between R(2,-2,1) and R(0,0,0)
Computing the AO overlaps between R(2,-2,2) and R(0,0,0)
Computing the AO overlaps between R(2,-1,-2) and R(0,0,0)
Computing the AO overlaps between R(2,-1,-1) and R(0,0,0)
Computing the AO overlaps between R(2,-1,0) and R(0,0,0)
Computing the AO overlaps between R(2,-1,1) and R(0,0,0)
Computing the AO overlaps between R(2,-1,2) and R(0,0,0)
Computing the AO overlaps between R(2,0,-2) and R(0,0,0)
Computing the AO overlaps between R(2,0,-1) and R(0,0,0)
Computing the AO overlaps between R(2,0,0) and R(0,0,0)
Computing the AO overlaps between R(2,0,1) and R(0,0,0)
Computing the AO overlaps between R(2,0,2) and R(0,0,0)
Computing the AO overlaps between R(2,1,-2) and R(0,0,0)
Computing the AO overlaps between R(2,1,-1) and R(0,0,0)
Computing the AO overlaps between R(2,1,0) and R(0,0,0)
Computing the AO overlaps between R(2,1,1) and R(0,0,0)
Computing the AO overlaps between R(2,1,2) and R(0,0,0)
Computing the AO overlaps between R(2,2,-2) and R(0,0,0)
Computing the AO overlaps between R(2,2,-1) and R(0,0,0)
Computing the AO overlaps between R(2,2,0) and R(0,0,0)
Computing the AO overlaps between R(2,2,1) and R(0,0,0)
Computing the AO overlaps between R(2,2,2) and R(0,0,0)
Done with computing atomic orbital overlaps. Elapsed time: 0.6561160087585449
Turning the MATRIX to numpy array...
Done with transforming MATRIX 2 numpy array. Elapsed time: 0.00903463363647461
Resorting eigenvectors elements...
Done with resorting eigenvectors elements. Elapsed time: 0.0007672309875488281
Computing and saving molecular orbital overlaps...
Done with computing molecular orbital overlaps. Elapsed time: 0.06266140937805176
Done with step 11. Elapsed time: 49.49951171875
-----------------------Step 12-----------------------
Done with step 12 Elapsed time: 54.05929708480835
Creating shell...
Done with creating shell. Elapsed time: 0.004351615905761719
Reading energies and eigenvectors....
Done with reading energies and eigenvectors. Elapsed time: 0.015451669692993164
Computing atomic orbital overlap matrix...
Computing the AO overlaps between R(-2,-2,-2) and R(0,0,0)
Computing the AO overlaps between R(-2,-2,-1) and R(0,0,0)
Computing the AO overlaps between R(-2,-2,0) and R(0,0,0)
Computing the AO overlaps between R(-2,-2,1) and R(0,0,0)
Computing the AO overlaps between R(-2,-2,2) and R(0,0,0)
Computing the AO overlaps between R(-2,-1,-2) and R(0,0,0)
Computing the AO overlaps between R(-2,-1,-1) and R(0,0,0)
Computing the AO overlaps between R(-2,-1,0) and R(0,0,0)
Computing the AO overlaps between R(-2,-1,1) and R(0,0,0)
Computing the AO overlaps between R(-2,-1,2) and R(0,0,0)
Computing the AO overlaps between R(-2,0,-2) and R(0,0,0)
Computing the AO overlaps between R(-2,0,-1) and R(0,0,0)
Computing the AO overlaps between R(-2,0,0) and R(0,0,0)
Computing the AO overlaps between R(-2,0,1) and R(0,0,0)
Computing the AO overlaps between R(-2,0,2) and R(0,0,0)
Computing the AO overlaps between R(-2,1,-2) and R(0,0,0)
Computing the AO overlaps between R(-2,1,-1) and R(0,0,0)
Computing the AO overlaps between R(-2,1,0) and R(0,0,0)
Computing the AO overlaps between R(-2,1,1) and R(0,0,0)
Computing the AO overlaps between R(-2,1,2) and R(0,0,0)
Computing the AO overlaps between R(-2,2,-2) and R(0,0,0)
Computing the AO overlaps between R(-2,2,-1) and R(0,0,0)
Computing the AO overlaps between R(-2,2,0) and R(0,0,0)
Computing the AO overlaps between R(-2,2,1) and R(0,0,0)
Computing the AO overlaps between R(-2,2,2) and R(0,0,0)
Computing the AO overlaps between R(-1,-2,-2) and R(0,0,0)
Computing the AO overlaps between R(-1,-2,-1) and R(0,0,0)
Computing the AO overlaps between R(-1,-2,0) and R(0,0,0)
Computing the AO overlaps between R(-1,-2,1) and R(0,0,0)
Computing the AO overlaps between R(-1,-2,2) and R(0,0,0)
Computing the AO overlaps between R(-1,-1,-2) and R(0,0,0)
Computing the AO overlaps between R(-1,-1,-1) and R(0,0,0)
Computing the AO overlaps between R(-1,-1,0) and R(0,0,0)
Computing the AO overlaps between R(-1,-1,1) and R(0,0,0)
Computing the AO overlaps between R(-1,-1,2) and R(0,0,0)
Computing the AO overlaps between R(-1,0,-2) and R(0,0,0)
Computing the AO overlaps between R(-1,0,-1) and R(0,0,0)
Computing the AO overlaps between R(-1,0,0) and R(0,0,0)
Computing the AO overlaps between R(-1,0,1) and R(0,0,0)
Computing the AO overlaps between R(-1,0,2) and R(0,0,0)
Computing the AO overlaps between R(-1,1,-2) and R(0,0,0)
Computing the AO overlaps between R(-1,1,-1) and R(0,0,0)
Computing the AO overlaps between R(-1,1,0) and R(0,0,0)
Computing the AO overlaps between R(-1,1,1) and R(0,0,0)
Computing the AO overlaps between R(-1,1,2) and R(0,0,0)
Computing the AO overlaps between R(-1,2,-2) and R(0,0,0)
Computing the AO overlaps between R(-1,2,-1) and R(0,0,0)
Computing the AO overlaps between R(-1,2,0) and R(0,0,0)
Computing the AO overlaps between R(-1,2,1) and R(0,0,0)
Computing the AO overlaps between R(-1,2,2) and R(0,0,0)
Computing the AO overlaps between R(0,-2,-2) and R(0,0,0)
Computing the AO overlaps between R(0,-2,-1) and R(0,0,0)
Computing the AO overlaps between R(0,-2,0) and R(0,0,0)
Computing the AO overlaps between R(0,-2,1) and R(0,0,0)
Computing the AO overlaps between R(0,-2,2) and R(0,0,0)
Computing the AO overlaps between R(0,-1,-2) and R(0,0,0)
Computing the AO overlaps between R(0,-1,-1) and R(0,0,0)
Computing the AO overlaps between R(0,-1,0) and R(0,0,0)
Computing the AO overlaps between R(0,-1,1) and R(0,0,0)
Computing the AO overlaps between R(0,-1,2) and R(0,0,0)
Computing the AO overlaps between R(0,0,-2) and R(0,0,0)
Computing the AO overlaps between R(0,0,-1) and R(0,0,0)
Computing the AO overlaps between R(0,0,1) and R(0,0,0)
Computing the AO overlaps between R(0,0,2) and R(0,0,0)
Computing the AO overlaps between R(0,1,-2) and R(0,0,0)
Computing the AO overlaps between R(0,1,-1) and R(0,0,0)
Computing the AO overlaps between R(0,1,0) and R(0,0,0)
Computing the AO overlaps between R(0,1,1) and R(0,0,0)
Computing the AO overlaps between R(0,1,2) and R(0,0,0)
Computing the AO overlaps between R(0,2,-2) and R(0,0,0)
Computing the AO overlaps between R(0,2,-1) and R(0,0,0)
Computing the AO overlaps between R(0,2,0) and R(0,0,0)
Computing the AO overlaps between R(0,2,1) and R(0,0,0)
Computing the AO overlaps between R(0,2,2) and R(0,0,0)
Computing the AO overlaps between R(1,-2,-2) and R(0,0,0)
Computing the AO overlaps between R(1,-2,-1) and R(0,0,0)
Computing the AO overlaps between R(1,-2,0) and R(0,0,0)
Computing the AO overlaps between R(1,-2,1) and R(0,0,0)
Computing the AO overlaps between R(1,-2,2) and R(0,0,0)
Computing the AO overlaps between R(1,-1,-2) and R(0,0,0)
Computing the AO overlaps between R(1,-1,-1) and R(0,0,0)
Computing the AO overlaps between R(1,-1,0) and R(0,0,0)
Computing the AO overlaps between R(1,-1,1) and R(0,0,0)
Computing the AO overlaps between R(1,-1,2) and R(0,0,0)
Computing the AO overlaps between R(1,0,-2) and R(0,0,0)
Computing the AO overlaps between R(1,0,-1) and R(0,0,0)
Computing the AO overlaps between R(1,0,0) and R(0,0,0)
Computing the AO overlaps between R(1,0,1) and R(0,0,0)
Computing the AO overlaps between R(1,0,2) and R(0,0,0)
Computing the AO overlaps between R(1,1,-2) and R(0,0,0)
Computing the AO overlaps between R(1,1,-1) and R(0,0,0)
Computing the AO overlaps between R(1,1,0) and R(0,0,0)
Computing the AO overlaps between R(1,1,1) and R(0,0,0)
Computing the AO overlaps between R(1,1,2) and R(0,0,0)
Computing the AO overlaps between R(1,2,-2) and R(0,0,0)
Computing the AO overlaps between R(1,2,-1) and R(0,0,0)
Computing the AO overlaps between R(1,2,0) and R(0,0,0)
Computing the AO overlaps between R(1,2,1) and R(0,0,0)
Computing the AO overlaps between R(1,2,2) and R(0,0,0)
Computing the AO overlaps between R(2,-2,-2) and R(0,0,0)
Computing the AO overlaps between R(2,-2,-1) and R(0,0,0)
Computing the AO overlaps between R(2,-2,0) and R(0,0,0)
Computing the AO overlaps between R(2,-2,1) and R(0,0,0)
Computing the AO overlaps between R(2,-2,2) and R(0,0,0)
Computing the AO overlaps between R(2,-1,-2) and R(0,0,0)
Computing the AO overlaps between R(2,-1,-1) and R(0,0,0)
Computing the AO overlaps between R(2,-1,0) and R(0,0,0)
Computing the AO overlaps between R(2,-1,1) and R(0,0,0)
Computing the AO overlaps between R(2,-1,2) and R(0,0,0)
Computing the AO overlaps between R(2,0,-2) and R(0,0,0)
Computing the AO overlaps between R(2,0,-1) and R(0,0,0)
Computing the AO overlaps between R(2,0,0) and R(0,0,0)
Computing the AO overlaps between R(2,0,1) and R(0,0,0)
Computing the AO overlaps between R(2,0,2) and R(0,0,0)
Computing the AO overlaps between R(2,1,-2) and R(0,0,0)
Computing the AO overlaps between R(2,1,-1) and R(0,0,0)
Computing the AO overlaps between R(2,1,0) and R(0,0,0)
Computing the AO overlaps between R(2,1,1) and R(0,0,0)
Computing the AO overlaps between R(2,1,2) and R(0,0,0)
Computing the AO overlaps between R(2,2,-2) and R(0,0,0)
Computing the AO overlaps between R(2,2,-1) and R(0,0,0)
Computing the AO overlaps between R(2,2,0) and R(0,0,0)
Computing the AO overlaps between R(2,2,1) and R(0,0,0)
Computing the AO overlaps between R(2,2,2) and R(0,0,0)
Done with computing atomic orbital overlaps. Elapsed time: 0.588374137878418
Turning the MATRIX to numpy array...
Done with transforming MATRIX 2 numpy array. Elapsed time: 0.008935928344726562
Resorting eigenvectors elements...
Done with resorting eigenvectors elements. Elapsed time: 0.0006856918334960938
Computing and saving molecular orbital overlaps...
Done with computing molecular orbital overlaps. Elapsed time: 0.01434183120727539
Done with step 12. Elapsed time: 54.720797061920166
-----------------------Step 13-----------------------
Done with step 13 Elapsed time: 59.966331243515015
Creating shell...
Done with creating shell. Elapsed time: 0.006561279296875
Reading energies and eigenvectors....
Done with reading energies and eigenvectors. Elapsed time: 0.024350643157958984
Computing atomic orbital overlap matrix...
Computing the AO overlaps between R(-2,-2,-2) and R(0,0,0)
Computing the AO overlaps between R(-2,-2,-1) and R(0,0,0)
Computing the AO overlaps between R(-2,-2,0) and R(0,0,0)
Computing the AO overlaps between R(-2,-2,1) and R(0,0,0)
Computing the AO overlaps between R(-2,-2,2) and R(0,0,0)
Computing the AO overlaps between R(-2,-1,-2) and R(0,0,0)
Computing the AO overlaps between R(-2,-1,-1) and R(0,0,0)
Computing the AO overlaps between R(-2,-1,0) and R(0,0,0)
Computing the AO overlaps between R(-2,-1,1) and R(0,0,0)
Computing the AO overlaps between R(-2,-1,2) and R(0,0,0)
Computing the AO overlaps between R(-2,0,-2) and R(0,0,0)
Computing the AO overlaps between R(-2,0,-1) and R(0,0,0)
Computing the AO overlaps between R(-2,0,0) and R(0,0,0)
Computing the AO overlaps between R(-2,0,1) and R(0,0,0)
Computing the AO overlaps between R(-2,0,2) and R(0,0,0)
Computing the AO overlaps between R(-2,1,-2) and R(0,0,0)
Computing the AO overlaps between R(-2,1,-1) and R(0,0,0)
Computing the AO overlaps between R(-2,1,0) and R(0,0,0)
Computing the AO overlaps between R(-2,1,1) and R(0,0,0)
Computing the AO overlaps between R(-2,1,2) and R(0,0,0)
Computing the AO overlaps between R(-2,2,-2) and R(0,0,0)
Computing the AO overlaps between R(-2,2,-1) and R(0,0,0)
Computing the AO overlaps between R(-2,2,0) and R(0,0,0)
Computing the AO overlaps between R(-2,2,1) and R(0,0,0)
Computing the AO overlaps between R(-2,2,2) and R(0,0,0)
Computing the AO overlaps between R(-1,-2,-2) and R(0,0,0)
Computing the AO overlaps between R(-1,-2,-1) and R(0,0,0)
Computing the AO overlaps between R(-1,-2,0) and R(0,0,0)
Computing the AO overlaps between R(-1,-2,1) and R(0,0,0)
Computing the AO overlaps between R(-1,-2,2) and R(0,0,0)
Computing the AO overlaps between R(-1,-1,-2) and R(0,0,0)
Computing the AO overlaps between R(-1,-1,-1) and R(0,0,0)
Computing the AO overlaps between R(-1,-1,0) and R(0,0,0)
Computing the AO overlaps between R(-1,-1,1) and R(0,0,0)
Computing the AO overlaps between R(-1,-1,2) and R(0,0,0)
Computing the AO overlaps between R(-1,0,-2) and R(0,0,0)
Computing the AO overlaps between R(-1,0,-1) and R(0,0,0)
Computing the AO overlaps between R(-1,0,0) and R(0,0,0)
Computing the AO overlaps between R(-1,0,1) and R(0,0,0)
Computing the AO overlaps between R(-1,0,2) and R(0,0,0)
Computing the AO overlaps between R(-1,1,-2) and R(0,0,0)
Computing the AO overlaps between R(-1,1,-1) and R(0,0,0)
Computing the AO overlaps between R(-1,1,0) and R(0,0,0)
Computing the AO overlaps between R(-1,1,1) and R(0,0,0)
Computing the AO overlaps between R(-1,1,2) and R(0,0,0)
Computing the AO overlaps between R(-1,2,-2) and R(0,0,0)
Computing the AO overlaps between R(-1,2,-1) and R(0,0,0)
Computing the AO overlaps between R(-1,2,0) and R(0,0,0)
Computing the AO overlaps between R(-1,2,1) and R(0,0,0)
Computing the AO overlaps between R(-1,2,2) and R(0,0,0)
Computing the AO overlaps between R(0,-2,-2) and R(0,0,0)
Computing the AO overlaps between R(0,-2,-1) and R(0,0,0)
Computing the AO overlaps between R(0,-2,0) and R(0,0,0)
Computing the AO overlaps between R(0,-2,1) and R(0,0,0)
Computing the AO overlaps between R(0,-2,2) and R(0,0,0)
Computing the AO overlaps between R(0,-1,-2) and R(0,0,0)
Computing the AO overlaps between R(0,-1,-1) and R(0,0,0)
Computing the AO overlaps between R(0,-1,0) and R(0,0,0)
Computing the AO overlaps between R(0,-1,1) and R(0,0,0)
Computing the AO overlaps between R(0,-1,2) and R(0,0,0)
Computing the AO overlaps between R(0,0,-2) and R(0,0,0)
Computing the AO overlaps between R(0,0,-1) and R(0,0,0)
Computing the AO overlaps between R(0,0,1) and R(0,0,0)
Computing the AO overlaps between R(0,0,2) and R(0,0,0)
Computing the AO overlaps between R(0,1,-2) and R(0,0,0)
Computing the AO overlaps between R(0,1,-1) and R(0,0,0)
Computing the AO overlaps between R(0,1,0) and R(0,0,0)
Computing the AO overlaps between R(0,1,1) and R(0,0,0)
Computing the AO overlaps between R(0,1,2) and R(0,0,0)
Computing the AO overlaps between R(0,2,-2) and R(0,0,0)
Computing the AO overlaps between R(0,2,-1) and R(0,0,0)
Computing the AO overlaps between R(0,2,0) and R(0,0,0)
Computing the AO overlaps between R(0,2,1) and R(0,0,0)
Computing the AO overlaps between R(0,2,2) and R(0,0,0)
Computing the AO overlaps between R(1,-2,-2) and R(0,0,0)
Computing the AO overlaps between R(1,-2,-1) and R(0,0,0)
Computing the AO overlaps between R(1,-2,0) and R(0,0,0)
Computing the AO overlaps between R(1,-2,1) and R(0,0,0)
Computing the AO overlaps between R(1,-2,2) and R(0,0,0)
Computing the AO overlaps between R(1,-1,-2) and R(0,0,0)
Computing the AO overlaps between R(1,-1,-1) and R(0,0,0)
Computing the AO overlaps between R(1,-1,0) and R(0,0,0)
Computing the AO overlaps between R(1,-1,1) and R(0,0,0)
Computing the AO overlaps between R(1,-1,2) and R(0,0,0)
Computing the AO overlaps between R(1,0,-2) and R(0,0,0)
Computing the AO overlaps between R(1,0,-1) and R(0,0,0)
Computing the AO overlaps between R(1,0,0) and R(0,0,0)
Computing the AO overlaps between R(1,0,1) and R(0,0,0)
Computing the AO overlaps between R(1,0,2) and R(0,0,0)
Computing the AO overlaps between R(1,1,-2) and R(0,0,0)
Computing the AO overlaps between R(1,1,-1) and R(0,0,0)
Computing the AO overlaps between R(1,1,0) and R(0,0,0)
Computing the AO overlaps between R(1,1,1) and R(0,0,0)
Computing the AO overlaps between R(1,1,2) and R(0,0,0)
Computing the AO overlaps between R(1,2,-2) and R(0,0,0)
Computing the AO overlaps between R(1,2,-1) and R(0,0,0)
Computing the AO overlaps between R(1,2,0) and R(0,0,0)
Computing the AO overlaps between R(1,2,1) and R(0,0,0)
Computing the AO overlaps between R(1,2,2) and R(0,0,0)
Computing the AO overlaps between R(2,-2,-2) and R(0,0,0)
Computing the AO overlaps between R(2,-2,-1) and R(0,0,0)
Computing the AO overlaps between R(2,-2,0) and R(0,0,0)
Computing the AO overlaps between R(2,-2,1) and R(0,0,0)
Computing the AO overlaps between R(2,-2,2) and R(0,0,0)
Computing the AO overlaps between R(2,-1,-2) and R(0,0,0)
Computing the AO overlaps between R(2,-1,-1) and R(0,0,0)
Computing the AO overlaps between R(2,-1,0) and R(0,0,0)
Computing the AO overlaps between R(2,-1,1) and R(0,0,0)
Computing the AO overlaps between R(2,-1,2) and R(0,0,0)
Computing the AO overlaps between R(2,0,-2) and R(0,0,0)
Computing the AO overlaps between R(2,0,-1) and R(0,0,0)
Computing the AO overlaps between R(2,0,0) and R(0,0,0)
Computing the AO overlaps between R(2,0,1) and R(0,0,0)
Computing the AO overlaps between R(2,0,2) and R(0,0,0)
Computing the AO overlaps between R(2,1,-2) and R(0,0,0)
Computing the AO overlaps between R(2,1,-1) and R(0,0,0)
Computing the AO overlaps between R(2,1,0) and R(0,0,0)
Computing the AO overlaps between R(2,1,1) and R(0,0,0)
Computing the AO overlaps between R(2,1,2) and R(0,0,0)
Computing the AO overlaps between R(2,2,-2) and R(0,0,0)
Computing the AO overlaps between R(2,2,-1) and R(0,0,0)
Computing the AO overlaps between R(2,2,0) and R(0,0,0)
Computing the AO overlaps between R(2,2,1) and R(0,0,0)
Computing the AO overlaps between R(2,2,2) and R(0,0,0)
Done with computing atomic orbital overlaps. Elapsed time: 0.6478991508483887
Turning the MATRIX to numpy array...
Done with transforming MATRIX 2 numpy array. Elapsed time: 0.008962869644165039
Resorting eigenvectors elements...
Done with resorting eigenvectors elements. Elapsed time: 0.0006806850433349609
Computing and saving molecular orbital overlaps...
Done with computing molecular orbital overlaps. Elapsed time: 0.013727188110351562
Done with step 13. Elapsed time: 60.69713997840881
-----------------------Step 14-----------------------
Done with step 14 Elapsed time: 53.86356568336487
Creating shell...
Done with creating shell. Elapsed time: 0.004284381866455078
Reading energies and eigenvectors....
Done with reading energies and eigenvectors. Elapsed time: 0.015459775924682617
Computing atomic orbital overlap matrix...
Computing the AO overlaps between R(-2,-2,-2) and R(0,0,0)
Computing the AO overlaps between R(-2,-2,-1) and R(0,0,0)
Computing the AO overlaps between R(-2,-2,0) and R(0,0,0)
Computing the AO overlaps between R(-2,-2,1) and R(0,0,0)
Computing the AO overlaps between R(-2,-2,2) and R(0,0,0)
Computing the AO overlaps between R(-2,-1,-2) and R(0,0,0)
Computing the AO overlaps between R(-2,-1,-1) and R(0,0,0)
Computing the AO overlaps between R(-2,-1,0) and R(0,0,0)
Computing the AO overlaps between R(-2,-1,1) and R(0,0,0)
Computing the AO overlaps between R(-2,-1,2) and R(0,0,0)
Computing the AO overlaps between R(-2,0,-2) and R(0,0,0)
Computing the AO overlaps between R(-2,0,-1) and R(0,0,0)
Computing the AO overlaps between R(-2,0,0) and R(0,0,0)
Computing the AO overlaps between R(-2,0,1) and R(0,0,0)
Computing the AO overlaps between R(-2,0,2) and R(0,0,0)
Computing the AO overlaps between R(-2,1,-2) and R(0,0,0)
Computing the AO overlaps between R(-2,1,-1) and R(0,0,0)
Computing the AO overlaps between R(-2,1,0) and R(0,0,0)
Computing the AO overlaps between R(-2,1,1) and R(0,0,0)
Computing the AO overlaps between R(-2,1,2) and R(0,0,0)
Computing the AO overlaps between R(-2,2,-2) and R(0,0,0)
Computing the AO overlaps between R(-2,2,-1) and R(0,0,0)
Computing the AO overlaps between R(-2,2,0) and R(0,0,0)
Computing the AO overlaps between R(-2,2,1) and R(0,0,0)
Computing the AO overlaps between R(-2,2,2) and R(0,0,0)
Computing the AO overlaps between R(-1,-2,-2) and R(0,0,0)
Computing the AO overlaps between R(-1,-2,-1) and R(0,0,0)
Computing the AO overlaps between R(-1,-2,0) and R(0,0,0)
Computing the AO overlaps between R(-1,-2,1) and R(0,0,0)
Computing the AO overlaps between R(-1,-2,2) and R(0,0,0)
Computing the AO overlaps between R(-1,-1,-2) and R(0,0,0)
Computing the AO overlaps between R(-1,-1,-1) and R(0,0,0)
Computing the AO overlaps between R(-1,-1,0) and R(0,0,0)
Computing the AO overlaps between R(-1,-1,1) and R(0,0,0)
Computing the AO overlaps between R(-1,-1,2) and R(0,0,0)
Computing the AO overlaps between R(-1,0,-2) and R(0,0,0)
Computing the AO overlaps between R(-1,0,-1) and R(0,0,0)
Computing the AO overlaps between R(-1,0,0) and R(0,0,0)
Computing the AO overlaps between R(-1,0,1) and R(0,0,0)
Computing the AO overlaps between R(-1,0,2) and R(0,0,0)
Computing the AO overlaps between R(-1,1,-2) and R(0,0,0)
Computing the AO overlaps between R(-1,1,-1) and R(0,0,0)
Computing the AO overlaps between R(-1,1,0) and R(0,0,0)
Computing the AO overlaps between R(-1,1,1) and R(0,0,0)
Computing the AO overlaps between R(-1,1,2) and R(0,0,0)
Computing the AO overlaps between R(-1,2,-2) and R(0,0,0)
Computing the AO overlaps between R(-1,2,-1) and R(0,0,0)
Computing the AO overlaps between R(-1,2,0) and R(0,0,0)
Computing the AO overlaps between R(-1,2,1) and R(0,0,0)
Computing the AO overlaps between R(-1,2,2) and R(0,0,0)
Computing the AO overlaps between R(0,-2,-2) and R(0,0,0)
Computing the AO overlaps between R(0,-2,-1) and R(0,0,0)
Computing the AO overlaps between R(0,-2,0) and R(0,0,0)
Computing the AO overlaps between R(0,-2,1) and R(0,0,0)
Computing the AO overlaps between R(0,-2,2) and R(0,0,0)
Computing the AO overlaps between R(0,-1,-2) and R(0,0,0)
Computing the AO overlaps between R(0,-1,-1) and R(0,0,0)
Computing the AO overlaps between R(0,-1,0) and R(0,0,0)
Computing the AO overlaps between R(0,-1,1) and R(0,0,0)
Computing the AO overlaps between R(0,-1,2) and R(0,0,0)
Computing the AO overlaps between R(0,0,-2) and R(0,0,0)
Computing the AO overlaps between R(0,0,-1) and R(0,0,0)
Computing the AO overlaps between R(0,0,1) and R(0,0,0)
Computing the AO overlaps between R(0,0,2) and R(0,0,0)
Computing the AO overlaps between R(0,1,-2) and R(0,0,0)
Computing the AO overlaps between R(0,1,-1) and R(0,0,0)
Computing the AO overlaps between R(0,1,0) and R(0,0,0)
Computing the AO overlaps between R(0,1,1) and R(0,0,0)
Computing the AO overlaps between R(0,1,2) and R(0,0,0)
Computing the AO overlaps between R(0,2,-2) and R(0,0,0)
Computing the AO overlaps between R(0,2,-1) and R(0,0,0)
Computing the AO overlaps between R(0,2,0) and R(0,0,0)
Computing the AO overlaps between R(0,2,1) and R(0,0,0)
Computing the AO overlaps between R(0,2,2) and R(0,0,0)
Computing the AO overlaps between R(1,-2,-2) and R(0,0,0)
Computing the AO overlaps between R(1,-2,-1) and R(0,0,0)
Computing the AO overlaps between R(1,-2,0) and R(0,0,0)
Computing the AO overlaps between R(1,-2,1) and R(0,0,0)
Computing the AO overlaps between R(1,-2,2) and R(0,0,0)
Computing the AO overlaps between R(1,-1,-2) and R(0,0,0)
Computing the AO overlaps between R(1,-1,-1) and R(0,0,0)
Computing the AO overlaps between R(1,-1,0) and R(0,0,0)
Computing the AO overlaps between R(1,-1,1) and R(0,0,0)
Computing the AO overlaps between R(1,-1,2) and R(0,0,0)
Computing the AO overlaps between R(1,0,-2) and R(0,0,0)
Computing the AO overlaps between R(1,0,-1) and R(0,0,0)
Computing the AO overlaps between R(1,0,0) and R(0,0,0)
Computing the AO overlaps between R(1,0,1) and R(0,0,0)
Computing the AO overlaps between R(1,0,2) and R(0,0,0)
Computing the AO overlaps between R(1,1,-2) and R(0,0,0)
Computing the AO overlaps between R(1,1,-1) and R(0,0,0)
Computing the AO overlaps between R(1,1,0) and R(0,0,0)
Computing the AO overlaps between R(1,1,1) and R(0,0,0)
Computing the AO overlaps between R(1,1,2) and R(0,0,0)
Computing the AO overlaps between R(1,2,-2) and R(0,0,0)
Computing the AO overlaps between R(1,2,-1) and R(0,0,0)
Computing the AO overlaps between R(1,2,0) and R(0,0,0)
Computing the AO overlaps between R(1,2,1) and R(0,0,0)
Computing the AO overlaps between R(1,2,2) and R(0,0,0)
Computing the AO overlaps between R(2,-2,-2) and R(0,0,0)
Computing the AO overlaps between R(2,-2,-1) and R(0,0,0)
Computing the AO overlaps between R(2,-2,0) and R(0,0,0)
Computing the AO overlaps between R(2,-2,1) and R(0,0,0)
Computing the AO overlaps between R(2,-2,2) and R(0,0,0)
Computing the AO overlaps between R(2,-1,-2) and R(0,0,0)
Computing the AO overlaps between R(2,-1,-1) and R(0,0,0)
Computing the AO overlaps between R(2,-1,0) and R(0,0,0)
Computing the AO overlaps between R(2,-1,1) and R(0,0,0)
Computing the AO overlaps between R(2,-1,2) and R(0,0,0)
Computing the AO overlaps between R(2,0,-2) and R(0,0,0)
Computing the AO overlaps between R(2,0,-1) and R(0,0,0)
Computing the AO overlaps between R(2,0,0) and R(0,0,0)
Computing the AO overlaps between R(2,0,1) and R(0,0,0)
Computing the AO overlaps between R(2,0,2) and R(0,0,0)
Computing the AO overlaps between R(2,1,-2) and R(0,0,0)
Computing the AO overlaps between R(2,1,-1) and R(0,0,0)
Computing the AO overlaps between R(2,1,0) and R(0,0,0)
Computing the AO overlaps between R(2,1,1) and R(0,0,0)
Computing the AO overlaps between R(2,1,2) and R(0,0,0)
Computing the AO overlaps between R(2,2,-2) and R(0,0,0)
Computing the AO overlaps between R(2,2,-1) and R(0,0,0)
Computing the AO overlaps between R(2,2,0) and R(0,0,0)
Computing the AO overlaps between R(2,2,1) and R(0,0,0)
Computing the AO overlaps between R(2,2,2) and R(0,0,0)
Done with computing atomic orbital overlaps. Elapsed time: 0.617018461227417
Turning the MATRIX to numpy array...
Done with transforming MATRIX 2 numpy array. Elapsed time: 0.00889134407043457
Resorting eigenvectors elements...
Done with resorting eigenvectors elements. Elapsed time: 0.0006697177886962891
Computing and saving molecular orbital overlaps...
Done with computing molecular orbital overlaps. Elapsed time: 0.05977773666381836
Done with step 14. Elapsed time: 54.590415954589844
-----------------------Step 15-----------------------
Done with step 15 Elapsed time: 48.31202483177185
Creating shell...
Done with creating shell. Elapsed time: 0.00455021858215332
Reading energies and eigenvectors....
Done with reading energies and eigenvectors. Elapsed time: 0.015639543533325195
Computing atomic orbital overlap matrix...
Computing the AO overlaps between R(-2,-2,-2) and R(0,0,0)
Computing the AO overlaps between R(-2,-2,-1) and R(0,0,0)
Computing the AO overlaps between R(-2,-2,0) and R(0,0,0)
Computing the AO overlaps between R(-2,-2,1) and R(0,0,0)
Computing the AO overlaps between R(-2,-2,2) and R(0,0,0)
Computing the AO overlaps between R(-2,-1,-2) and R(0,0,0)
Computing the AO overlaps between R(-2,-1,-1) and R(0,0,0)
Computing the AO overlaps between R(-2,-1,0) and R(0,0,0)
Computing the AO overlaps between R(-2,-1,1) and R(0,0,0)
Computing the AO overlaps between R(-2,-1,2) and R(0,0,0)
Computing the AO overlaps between R(-2,0,-2) and R(0,0,0)
Computing the AO overlaps between R(-2,0,-1) and R(0,0,0)
Computing the AO overlaps between R(-2,0,0) and R(0,0,0)
Computing the AO overlaps between R(-2,0,1) and R(0,0,0)
Computing the AO overlaps between R(-2,0,2) and R(0,0,0)
Computing the AO overlaps between R(-2,1,-2) and R(0,0,0)
Computing the AO overlaps between R(-2,1,-1) and R(0,0,0)
Computing the AO overlaps between R(-2,1,0) and R(0,0,0)
Computing the AO overlaps between R(-2,1,1) and R(0,0,0)
Computing the AO overlaps between R(-2,1,2) and R(0,0,0)
Computing the AO overlaps between R(-2,2,-2) and R(0,0,0)
Computing the AO overlaps between R(-2,2,-1) and R(0,0,0)
Computing the AO overlaps between R(-2,2,0) and R(0,0,0)
Computing the AO overlaps between R(-2,2,1) and R(0,0,0)
Computing the AO overlaps between R(-2,2,2) and R(0,0,0)
Computing the AO overlaps between R(-1,-2,-2) and R(0,0,0)
Computing the AO overlaps between R(-1,-2,-1) and R(0,0,0)
Computing the AO overlaps between R(-1,-2,0) and R(0,0,0)
Computing the AO overlaps between R(-1,-2,1) and R(0,0,0)
Computing the AO overlaps between R(-1,-2,2) and R(0,0,0)
Computing the AO overlaps between R(-1,-1,-2) and R(0,0,0)
Computing the AO overlaps between R(-1,-1,-1) and R(0,0,0)
Computing the AO overlaps between R(-1,-1,0) and R(0,0,0)
Computing the AO overlaps between R(-1,-1,1) and R(0,0,0)
Computing the AO overlaps between R(-1,-1,2) and R(0,0,0)
Computing the AO overlaps between R(-1,0,-2) and R(0,0,0)
Computing the AO overlaps between R(-1,0,-1) and R(0,0,0)
Computing the AO overlaps between R(-1,0,0) and R(0,0,0)
Computing the AO overlaps between R(-1,0,1) and R(0,0,0)
Computing the AO overlaps between R(-1,0,2) and R(0,0,0)
Computing the AO overlaps between R(-1,1,-2) and R(0,0,0)
Computing the AO overlaps between R(-1,1,-1) and R(0,0,0)
Computing the AO overlaps between R(-1,1,0) and R(0,0,0)
Computing the AO overlaps between R(-1,1,1) and R(0,0,0)
Computing the AO overlaps between R(-1,1,2) and R(0,0,0)
Computing the AO overlaps between R(-1,2,-2) and R(0,0,0)
Computing the AO overlaps between R(-1,2,-1) and R(0,0,0)
Computing the AO overlaps between R(-1,2,0) and R(0,0,0)
Computing the AO overlaps between R(-1,2,1) and R(0,0,0)
Computing the AO overlaps between R(-1,2,2) and R(0,0,0)
Computing the AO overlaps between R(0,-2,-2) and R(0,0,0)
Computing the AO overlaps between R(0,-2,-1) and R(0,0,0)
Computing the AO overlaps between R(0,-2,0) and R(0,0,0)
Computing the AO overlaps between R(0,-2,1) and R(0,0,0)
Computing the AO overlaps between R(0,-2,2) and R(0,0,0)
Computing the AO overlaps between R(0,-1,-2) and R(0,0,0)
Computing the AO overlaps between R(0,-1,-1) and R(0,0,0)
Computing the AO overlaps between R(0,-1,0) and R(0,0,0)
Computing the AO overlaps between R(0,-1,1) and R(0,0,0)
Computing the AO overlaps between R(0,-1,2) and R(0,0,0)
Computing the AO overlaps between R(0,0,-2) and R(0,0,0)
Computing the AO overlaps between R(0,0,-1) and R(0,0,0)
Computing the AO overlaps between R(0,0,1) and R(0,0,0)
Computing the AO overlaps between R(0,0,2) and R(0,0,0)
Computing the AO overlaps between R(0,1,-2) and R(0,0,0)
Computing the AO overlaps between R(0,1,-1) and R(0,0,0)
Computing the AO overlaps between R(0,1,0) and R(0,0,0)
Computing the AO overlaps between R(0,1,1) and R(0,0,0)
Computing the AO overlaps between R(0,1,2) and R(0,0,0)
Computing the AO overlaps between R(0,2,-2) and R(0,0,0)
Computing the AO overlaps between R(0,2,-1) and R(0,0,0)
Computing the AO overlaps between R(0,2,0) and R(0,0,0)
Computing the AO overlaps between R(0,2,1) and R(0,0,0)
Computing the AO overlaps between R(0,2,2) and R(0,0,0)
Computing the AO overlaps between R(1,-2,-2) and R(0,0,0)
Computing the AO overlaps between R(1,-2,-1) and R(0,0,0)
Computing the AO overlaps between R(1,-2,0) and R(0,0,0)
Computing the AO overlaps between R(1,-2,1) and R(0,0,0)
Computing the AO overlaps between R(1,-2,2) and R(0,0,0)
Computing the AO overlaps between R(1,-1,-2) and R(0,0,0)
Computing the AO overlaps between R(1,-1,-1) and R(0,0,0)
Computing the AO overlaps between R(1,-1,0) and R(0,0,0)
Computing the AO overlaps between R(1,-1,1) and R(0,0,0)
Computing the AO overlaps between R(1,-1,2) and R(0,0,0)
Computing the AO overlaps between R(1,0,-2) and R(0,0,0)
Computing the AO overlaps between R(1,0,-1) and R(0,0,0)
Computing the AO overlaps between R(1,0,0) and R(0,0,0)
Computing the AO overlaps between R(1,0,1) and R(0,0,0)
Computing the AO overlaps between R(1,0,2) and R(0,0,0)
Computing the AO overlaps between R(1,1,-2) and R(0,0,0)
Computing the AO overlaps between R(1,1,-1) and R(0,0,0)
Computing the AO overlaps between R(1,1,0) and R(0,0,0)
Computing the AO overlaps between R(1,1,1) and R(0,0,0)
Computing the AO overlaps between R(1,1,2) and R(0,0,0)
Computing the AO overlaps between R(1,2,-2) and R(0,0,0)
Computing the AO overlaps between R(1,2,-1) and R(0,0,0)
Computing the AO overlaps between R(1,2,0) and R(0,0,0)
Computing the AO overlaps between R(1,2,1) and R(0,0,0)
Computing the AO overlaps between R(1,2,2) and R(0,0,0)
Computing the AO overlaps between R(2,-2,-2) and R(0,0,0)
Computing the AO overlaps between R(2,-2,-1) and R(0,0,0)
Computing the AO overlaps between R(2,-2,0) and R(0,0,0)
Computing the AO overlaps between R(2,-2,1) and R(0,0,0)
Computing the AO overlaps between R(2,-2,2) and R(0,0,0)
Computing the AO overlaps between R(2,-1,-2) and R(0,0,0)
Computing the AO overlaps between R(2,-1,-1) and R(0,0,0)
Computing the AO overlaps between R(2,-1,0) and R(0,0,0)
Computing the AO overlaps between R(2,-1,1) and R(0,0,0)
Computing the AO overlaps between R(2,-1,2) and R(0,0,0)
Computing the AO overlaps between R(2,0,-2) and R(0,0,0)
Computing the AO overlaps between R(2,0,-1) and R(0,0,0)
Computing the AO overlaps between R(2,0,0) and R(0,0,0)
Computing the AO overlaps between R(2,0,1) and R(0,0,0)
Computing the AO overlaps between R(2,0,2) and R(0,0,0)
Computing the AO overlaps between R(2,1,-2) and R(0,0,0)
Computing the AO overlaps between R(2,1,-1) and R(0,0,0)
Computing the AO overlaps between R(2,1,0) and R(0,0,0)
Computing the AO overlaps between R(2,1,1) and R(0,0,0)
Computing the AO overlaps between R(2,1,2) and R(0,0,0)
Computing the AO overlaps between R(2,2,-2) and R(0,0,0)
Computing the AO overlaps between R(2,2,-1) and R(0,0,0)
Computing the AO overlaps between R(2,2,0) and R(0,0,0)
Computing the AO overlaps between R(2,2,1) and R(0,0,0)
Computing the AO overlaps between R(2,2,2) and R(0,0,0)
Done with computing atomic orbital overlaps. Elapsed time: 0.6246609687805176
Turning the MATRIX to numpy array...
Done with transforming MATRIX 2 numpy array. Elapsed time: 0.00896000862121582
Resorting eigenvectors elements...
Done with resorting eigenvectors elements. Elapsed time: 0.0007259845733642578
Computing and saving molecular orbital overlaps...
Done with computing molecular orbital overlaps. Elapsed time: 0.01517176628112793
Done with step 15. Elapsed time: 48.997225284576416
Done with the job!!!
WARNING: Parameter all_images is not defined! in the input parametersUse the default value 
WARNING: Parameter image_format is not defined! in the input parametersUse the default value 
WARNING: Parameter isXTB is not defined! in the input parametersUse the default value 
WARNING: Parameter vmd_input_template is not defined! in the input parametersUse the default value 
WARNING: Parameter states_to_plot is not defined! in the input parametersUse the default value 
WARNING: Parameter plot_phase_corrected is not defined! in the input parametersUse the default value 
WARNING: Parameter vmd_exe is not defined! in the input parametersUse the default value 
WARNING: Parameter tachyon_exe is not defined! in the input parametersUse the default value 
WARNING: Parameter x_pixels is not defined! in the input parametersUse the default value 
WARNING: Parameter y_pixels is not defined! in the input parametersUse the default value 
WARNING: Parameter remove_cube is not defined! in the input parametersUse the default value 
WARNING: Parameter together_mode is not defined! in the input parametersUse the default value 
WARNING: Parameter use_emultipole is not defined! in the input parametersUse the default value 
WARNING: Parameter emultipole_components is not defined! in the input parametersUse the default value 
