[H[2J[3JSLURM_JOBID=24946076
SLURM_JOB_NODELIST=cpn-c04-04
SLURM_NNODES=1
SLURMTMPDIR=/scratch/24946076
working directory=/projects/academic/cyberwksp21/Students/alexeyak/libra_examples/Tutorials_Libra/6_dynamics/2_nbra_workflows/7_step2_cp2k/1_DFT/2_hpc/3_example_TiO2_June_2026/job2
The following modules were not unloaded:
  (Use "module --force purge" to unload all):

  1) ccrenv   2) gentoo/2023.01   3) ccrsoft/2023.01
[H[2J[3J<frozen importlib._bootstrap>:241: RuntimeWarning: to-Python converter for std::vector<std::vector<int, std::allocator<int> >, std::allocator<std::vector<int, std::allocator<int> > > > already registered; second conversion method ignored.
<frozen importlib._bootstrap>:241: RuntimeWarning: to-Python converter for boost::python::detail::container_element<std::vector<std::vector<int, std::allocator<int> >, std::allocator<std::vector<int, std::allocator<int> > > >, unsigned long, boost::python::detail::final_vector_derived_policies<std::vector<std::vector<int, std::allocator<int> >, std::allocator<std::vector<int, std::allocator<int> > > >, false> > already registered; second conversion method ignored.
<frozen importlib._bootstrap>:241: RuntimeWarning: to-Python converter for std::vector<std::vector<float, std::allocator<float> >, std::allocator<std::vector<float, std::allocator<float> > > > already registered; second conversion method ignored.
<frozen importlib._bootstrap>:241: RuntimeWarning: to-Python converter for boost::python::detail::container_element<std::vector<std::vector<float, std::allocator<float> >, std::allocator<std::vector<float, std::allocator<float> > > >, unsigned long, boost::python::detail::final_vector_derived_policies<std::vector<std::vector<float, std::allocator<float> >, std::allocator<std::vector<float, std::allocator<float> > > >, false> > already registered; second conversion method ignored.
<frozen importlib._bootstrap>:241: RuntimeWarning: to-Python converter for std::vector<std::vector<double, std::allocator<double> >, std::allocator<std::vector<double, std::allocator<double> > > > already registered; second conversion method ignored.
<frozen importlib._bootstrap>:241: RuntimeWarning: to-Python converter for boost::python::detail::container_element<std::vector<std::vector<double, std::allocator<double> >, std::allocator<std::vector<double, std::allocator<double> > > >, unsigned long, boost::python::detail::final_vector_derived_policies<std::vector<std::vector<double, std::allocator<double> >, std::allocator<std::vector<double, std::allocator<double> > > >, false> > already registered; second conversion method ignored.
<frozen importlib._bootstrap>:241: RuntimeWarning: to-Python converter for std::vector<std::vector<std::complex<double>, std::allocator<std::complex<double> > >, std::allocator<std::vector<std::complex<double>, std::allocator<std::complex<double> > > > > already registered; second conversion method ignored.
<frozen importlib._bootstrap>:241: RuntimeWarning: to-Python converter for boost::python::detail::container_element<std::vector<std::vector<std::complex<double>, std::allocator<std::complex<double> > >, std::allocator<std::vector<std::complex<double>, std::allocator<std::complex<double> > > > >, unsigned long, boost::python::detail::final_vector_derived_policies<std::vector<std::vector<std::complex<double>, std::allocator<std::complex<double> > >, std::allocator<std::vector<std::complex<double>, std::allocator<std::complex<double> > > > >, false> > already registered; second conversion method ignored.
mkdir: cannot create directory ‘/projects/academic/cyberwksp21/Students/alexeyak/libra_examples/Tutorials_Libra/6_dynamics/2_nbra_workflows/7_step2_cp2k/1_DFT/2_hpc/3_example_TiO2_June_2026/job2/../res’: File exists
cp: cannot stat 'True': No such file or directory
SIRIUS 7.7.1, git hash: https://api.github.com/repos/electronic-structure/SIRIUS/git/ref/tags/v7.7.1
cp: cannot stat 'True': No such file or directory
SIRIUS 7.7.1, git hash: https://api.github.com/repos/electronic-structure/SIRIUS/git/ref/tags/v7.7.1
cp: cannot stat 'True': No such file or directory
SIRIUS 7.7.1, git hash: https://api.github.com/repos/electronic-structure/SIRIUS/git/ref/tags/v7.7.1
cp: cannot stat 'True': No such file or directory
SIRIUS 7.7.1, git hash: https://api.github.com/repos/electronic-structure/SIRIUS/git/ref/tags/v7.7.1
cp: cannot stat 'True': No such file or directory
SIRIUS 7.7.1, git hash: https://api.github.com/repos/electronic-structure/SIRIUS/git/ref/tags/v7.7.1
cp: cannot stat 'True': No such file or directory
SIRIUS 7.7.1, git hash: https://api.github.com/repos/electronic-structure/SIRIUS/git/ref/tags/v7.7.1
mv: cannot stat '*bmp': No such file or directory
rm: cannot remove '*.cube': No such file or directory
The translational vectors for the current periodic system are:

[[-2 -2 -2]
 [-2 -2 -1]
 [-2 -2  0]
 [-2 -2  1]
 [-2 -2  2]
 [-2 -1 -2]
 [-2 -1 -1]
 [-2 -1  0]
 [-2 -1  1]
 [-2 -1  2]
 [-2  0 -2]
 [-2  0 -1]
 [-2  0  0]
 [-2  0  1]
 [-2  0  2]
 [-2  1 -2]
 [-2  1 -1]
 [-2  1  0]
 [-2  1  1]
 [-2  1  2]
 [-2  2 -2]
 [-2  2 -1]
 [-2  2  0]
 [-2  2  1]
 [-2  2  2]
 [-1 -2 -2]
 [-1 -2 -1]
 [-1 -2  0]
 [-1 -2  1]
 [-1 -2  2]
 [-1 -1 -2]
 [-1 -1 -1]
 [-1 -1  0]
 [-1 -1  1]
 [-1 -1  2]
 [-1  0 -2]
 [-1  0 -1]
 [-1  0  0]
 [-1  0  1]
 [-1  0  2]
 [-1  1 -2]
 [-1  1 -1]
 [-1  1  0]
 [-1  1  1]
 [-1  1  2]
 [-1  2 -2]
 [-1  2 -1]
 [-1  2  0]
 [-1  2  1]
 [-1  2  2]
 [ 0 -2 -2]
 [ 0 -2 -1]
 [ 0 -2  0]
 [ 0 -2  1]
 [ 0 -2  2]
 [ 0 -1 -2]
 [ 0 -1 -1]
 [ 0 -1  0]
 [ 0 -1  1]
 [ 0 -1  2]
 [ 0  0 -2]
 [ 0  0 -1]
 [ 0  0  1]
 [ 0  0  2]
 [ 0  1 -2]
 [ 0  1 -1]
 [ 0  1  0]
 [ 0  1  1]
 [ 0  1  2]
 [ 0  2 -2]
 [ 0  2 -1]
 [ 0  2  0]
 [ 0  2  1]
 [ 0  2  2]
 [ 1 -2 -2]
 [ 1 -2 -1]
 [ 1 -2  0]
 [ 1 -2  1]
 [ 1 -2  2]
 [ 1 -1 -2]
 [ 1 -1 -1]
 [ 1 -1  0]
 [ 1 -1  1]
 [ 1 -1  2]
 [ 1  0 -2]
 [ 1  0 -1]
 [ 1  0  0]
 [ 1  0  1]
 [ 1  0  2]
 [ 1  1 -2]
 [ 1  1 -1]
 [ 1  1  0]
 [ 1  1  1]
 [ 1  1  2]
 [ 1  2 -2]
 [ 1  2 -1]
 [ 1  2  0]
 [ 1  2  1]
 [ 1  2  2]
 [ 2 -2 -2]
 [ 2 -2 -1]
 [ 2 -2  0]
 [ 2 -2  1]
 [ 2 -2  2]
 [ 2 -1 -2]
 [ 2 -1 -1]
 [ 2 -1  0]
 [ 2 -1  1]
 [ 2 -1  2]
 [ 2  0 -2]
 [ 2  0 -1]
 [ 2  0  0]
 [ 2  0  1]
 [ 2  0  2]
 [ 2  1 -2]
 [ 2  1 -1]
 [ 2  1  0]
 [ 2  1  1]
 [ 2  1  2]
 [ 2  2 -2]
 [ 2  2 -1]
 [ 2  2  0]
 [ 2  2  1]
 [ 2  2  2]]
Will compute the S^AO between R(0,0,0) and 125 translational vectors
-----------------------Start-----------------------
-----------------------Step 5-----------------------
Done with step 5 Elapsed time: 49.528839349746704
Creating shell...
Done with creating shell. Elapsed time: 0.02160954475402832
Reading energies and eigenvectors....
Done with reading energies and eigenvectors. Elapsed time: 0.04407763481140137
Computing atomic orbital overlap matrix...
Computing the AO overlaps between R(-2,-2,-2) and R(0,0,0)
Computing the AO overlaps between R(-2,-2,-1) and R(0,0,0)
Computing the AO overlaps between R(-2,-2,0) and R(0,0,0)
Computing the AO overlaps between R(-2,-2,1) and R(0,0,0)
Computing the AO overlaps between R(-2,-2,2) and R(0,0,0)
Computing the AO overlaps between R(-2,-1,-2) and R(0,0,0)
Computing the AO overlaps between R(-2,-1,-1) and R(0,0,0)
Computing the AO overlaps between R(-2,-1,0) and R(0,0,0)
Computing the AO overlaps between R(-2,-1,1) and R(0,0,0)
Computing the AO overlaps between R(-2,-1,2) and R(0,0,0)
Computing the AO overlaps between R(-2,0,-2) and R(0,0,0)
Computing the AO overlaps between R(-2,0,-1) and R(0,0,0)
Computing the AO overlaps between R(-2,0,0) and R(0,0,0)
Computing the AO overlaps between R(-2,0,1) and R(0,0,0)
Computing the AO overlaps between R(-2,0,2) and R(0,0,0)
Computing the AO overlaps between R(-2,1,-2) and R(0,0,0)
Computing the AO overlaps between R(-2,1,-1) and R(0,0,0)
Computing the AO overlaps between R(-2,1,0) and R(0,0,0)
Computing the AO overlaps between R(-2,1,1) and R(0,0,0)
Computing the AO overlaps between R(-2,1,2) and R(0,0,0)
Computing the AO overlaps between R(-2,2,-2) and R(0,0,0)
Computing the AO overlaps between R(-2,2,-1) and R(0,0,0)
Computing the AO overlaps between R(-2,2,0) and R(0,0,0)
Computing the AO overlaps between R(-2,2,1) and R(0,0,0)
Computing the AO overlaps between R(-2,2,2) and R(0,0,0)
Computing the AO overlaps between R(-1,-2,-2) and R(0,0,0)
Computing the AO overlaps between R(-1,-2,-1) and R(0,0,0)
Computing the AO overlaps between R(-1,-2,0) and R(0,0,0)
Computing the AO overlaps between R(-1,-2,1) and R(0,0,0)
Computing the AO overlaps between R(-1,-2,2) and R(0,0,0)
Computing the AO overlaps between R(-1,-1,-2) and R(0,0,0)
Computing the AO overlaps between R(-1,-1,-1) and R(0,0,0)
Computing the AO overlaps between R(-1,-1,0) and R(0,0,0)
Computing the AO overlaps between R(-1,-1,1) and R(0,0,0)
Computing the AO overlaps between R(-1,-1,2) and R(0,0,0)
Computing the AO overlaps between R(-1,0,-2) and R(0,0,0)
Computing the AO overlaps between R(-1,0,-1) and R(0,0,0)
Computing the AO overlaps between R(-1,0,0) and R(0,0,0)
Computing the AO overlaps between R(-1,0,1) and R(0,0,0)
Computing the AO overlaps between R(-1,0,2) and R(0,0,0)
Computing the AO overlaps between R(-1,1,-2) and R(0,0,0)
Computing the AO overlaps between R(-1,1,-1) and R(0,0,0)
Computing the AO overlaps between R(-1,1,0) and R(0,0,0)
Computing the AO overlaps between R(-1,1,1) and R(0,0,0)
Computing the AO overlaps between R(-1,1,2) and R(0,0,0)
Computing the AO overlaps between R(-1,2,-2) and R(0,0,0)
Computing the AO overlaps between R(-1,2,-1) and R(0,0,0)
Computing the AO overlaps between R(-1,2,0) and R(0,0,0)
Computing the AO overlaps between R(-1,2,1) and R(0,0,0)
Computing the AO overlaps between R(-1,2,2) and R(0,0,0)
Computing the AO overlaps between R(0,-2,-2) and R(0,0,0)
Computing the AO overlaps between R(0,-2,-1) and R(0,0,0)
Computing the AO overlaps between R(0,-2,0) and R(0,0,0)
Computing the AO overlaps between R(0,-2,1) and R(0,0,0)
Computing the AO overlaps between R(0,-2,2) and R(0,0,0)
Computing the AO overlaps between R(0,-1,-2) and R(0,0,0)
Computing the AO overlaps between R(0,-1,-1) and R(0,0,0)
Computing the AO overlaps between R(0,-1,0) and R(0,0,0)
Computing the AO overlaps between R(0,-1,1) and R(0,0,0)
Computing the AO overlaps between R(0,-1,2) and R(0,0,0)
Computing the AO overlaps between R(0,0,-2) and R(0,0,0)
Computing the AO overlaps between R(0,0,-1) and R(0,0,0)
Computing the AO overlaps between R(0,0,1) and R(0,0,0)
Computing the AO overlaps between R(0,0,2) and R(0,0,0)
Computing the AO overlaps between R(0,1,-2) and R(0,0,0)
Computing the AO overlaps between R(0,1,-1) and R(0,0,0)
Computing the AO overlaps between R(0,1,0) and R(0,0,0)
Computing the AO overlaps between R(0,1,1) and R(0,0,0)
Computing the AO overlaps between R(0,1,2) and R(0,0,0)
Computing the AO overlaps between R(0,2,-2) and R(0,0,0)
Computing the AO overlaps between R(0,2,-1) and R(0,0,0)
Computing the AO overlaps between R(0,2,0) and R(0,0,0)
Computing the AO overlaps between R(0,2,1) and R(0,0,0)
Computing the AO overlaps between R(0,2,2) and R(0,0,0)
Computing the AO overlaps between R(1,-2,-2) and R(0,0,0)
Computing the AO overlaps between R(1,-2,-1) and R(0,0,0)
Computing the AO overlaps between R(1,-2,0) and R(0,0,0)
Computing the AO overlaps between R(1,-2,1) and R(0,0,0)
Computing the AO overlaps between R(1,-2,2) and R(0,0,0)
Computing the AO overlaps between R(1,-1,-2) and R(0,0,0)
Computing the AO overlaps between R(1,-1,-1) and R(0,0,0)
Computing the AO overlaps between R(1,-1,0) and R(0,0,0)
Computing the AO overlaps between R(1,-1,1) and R(0,0,0)
Computing the AO overlaps between R(1,-1,2) and R(0,0,0)
Computing the AO overlaps between R(1,0,-2) and R(0,0,0)
Computing the AO overlaps between R(1,0,-1) and R(0,0,0)
Computing the AO overlaps between R(1,0,0) and R(0,0,0)
Computing the AO overlaps between R(1,0,1) and R(0,0,0)
Computing the AO overlaps between R(1,0,2) and R(0,0,0)
Computing the AO overlaps between R(1,1,-2) and R(0,0,0)
Computing the AO overlaps between R(1,1,-1) and R(0,0,0)
Computing the AO overlaps between R(1,1,0) and R(0,0,0)
Computing the AO overlaps between R(1,1,1) and R(0,0,0)
Computing the AO overlaps between R(1,1,2) and R(0,0,0)
Computing the AO overlaps between R(1,2,-2) and R(0,0,0)
Computing the AO overlaps between R(1,2,-1) and R(0,0,0)
Computing the AO overlaps between R(1,2,0) and R(0,0,0)
Computing the AO overlaps between R(1,2,1) and R(0,0,0)
Computing the AO overlaps between R(1,2,2) and R(0,0,0)
Computing the AO overlaps between R(2,-2,-2) and R(0,0,0)
Computing the AO overlaps between R(2,-2,-1) and R(0,0,0)
Computing the AO overlaps between R(2,-2,0) and R(0,0,0)
Computing the AO overlaps between R(2,-2,1) and R(0,0,0)
Computing the AO overlaps between R(2,-2,2) and R(0,0,0)
Computing the AO overlaps between R(2,-1,-2) and R(0,0,0)
Computing the AO overlaps between R(2,-1,-1) and R(0,0,0)
Computing the AO overlaps between R(2,-1,0) and R(0,0,0)
Computing the AO overlaps between R(2,-1,1) and R(0,0,0)
Computing the AO overlaps between R(2,-1,2) and R(0,0,0)
Computing the AO overlaps between R(2,0,-2) and R(0,0,0)
Computing the AO overlaps between R(2,0,-1) and R(0,0,0)
Computing the AO overlaps between R(2,0,0) and R(0,0,0)
Computing the AO overlaps between R(2,0,1) and R(0,0,0)
Computing the AO overlaps between R(2,0,2) and R(0,0,0)
Computing the AO overlaps between R(2,1,-2) and R(0,0,0)
Computing the AO overlaps between R(2,1,-1) and R(0,0,0)
Computing the AO overlaps between R(2,1,0) and R(0,0,0)
Computing the AO overlaps between R(2,1,1) and R(0,0,0)
Computing the AO overlaps between R(2,1,2) and R(0,0,0)
Computing the AO overlaps between R(2,2,-2) and R(0,0,0)
Computing the AO overlaps between R(2,2,-1) and R(0,0,0)
Computing the AO overlaps between R(2,2,0) and R(0,0,0)
Computing the AO overlaps between R(2,2,1) and R(0,0,0)
Computing the AO overlaps between R(2,2,2) and R(0,0,0)
Done with computing atomic orbital overlaps. Elapsed time: 0.5884673595428467
Turning the MATRIX to numpy array...
Done with transforming MATRIX 2 numpy array. Elapsed time: 0.004542827606201172
Resorting eigenvectors elements...
Done with resorting eigenvectors elements. Elapsed time: 0.0006132125854492188
Computing and saving molecular orbital overlaps...
Done with computing molecular orbital overlaps. Elapsed time: 0.05336284637451172
Done with step 5. Elapsed time: 50.241602182388306
-----------------------Step 6-----------------------
Done with step 6 Elapsed time: 59.02960658073425
Creating shell...
Done with creating shell. Elapsed time: 0.005753040313720703
Reading energies and eigenvectors....
Done with reading energies and eigenvectors. Elapsed time: 0.021548748016357422
Computing atomic orbital overlap matrix...
Computing the AO overlaps between R(-2,-2,-2) and R(0,0,0)
Computing the AO overlaps between R(-2,-2,-1) and R(0,0,0)
Computing the AO overlaps between R(-2,-2,0) and R(0,0,0)
Computing the AO overlaps between R(-2,-2,1) and R(0,0,0)
Computing the AO overlaps between R(-2,-2,2) and R(0,0,0)
Computing the AO overlaps between R(-2,-1,-2) and R(0,0,0)
Computing the AO overlaps between R(-2,-1,-1) and R(0,0,0)
Computing the AO overlaps between R(-2,-1,0) and R(0,0,0)
Computing the AO overlaps between R(-2,-1,1) and R(0,0,0)
Computing the AO overlaps between R(-2,-1,2) and R(0,0,0)
Computing the AO overlaps between R(-2,0,-2) and R(0,0,0)
Computing the AO overlaps between R(-2,0,-1) and R(0,0,0)
Computing the AO overlaps between R(-2,0,0) and R(0,0,0)
Computing the AO overlaps between R(-2,0,1) and R(0,0,0)
Computing the AO overlaps between R(-2,0,2) and R(0,0,0)
Computing the AO overlaps between R(-2,1,-2) and R(0,0,0)
Computing the AO overlaps between R(-2,1,-1) and R(0,0,0)
Computing the AO overlaps between R(-2,1,0) and R(0,0,0)
Computing the AO overlaps between R(-2,1,1) and R(0,0,0)
Computing the AO overlaps between R(-2,1,2) and R(0,0,0)
Computing the AO overlaps between R(-2,2,-2) and R(0,0,0)
Computing the AO overlaps between R(-2,2,-1) and R(0,0,0)
Computing the AO overlaps between R(-2,2,0) and R(0,0,0)
Computing the AO overlaps between R(-2,2,1) and R(0,0,0)
Computing the AO overlaps between R(-2,2,2) and R(0,0,0)
Computing the AO overlaps between R(-1,-2,-2) and R(0,0,0)
Computing the AO overlaps between R(-1,-2,-1) and R(0,0,0)
Computing the AO overlaps between R(-1,-2,0) and R(0,0,0)
Computing the AO overlaps between R(-1,-2,1) and R(0,0,0)
Computing the AO overlaps between R(-1,-2,2) and R(0,0,0)
Computing the AO overlaps between R(-1,-1,-2) and R(0,0,0)
Computing the AO overlaps between R(-1,-1,-1) and R(0,0,0)
Computing the AO overlaps between R(-1,-1,0) and R(0,0,0)
Computing the AO overlaps between R(-1,-1,1) and R(0,0,0)
Computing the AO overlaps between R(-1,-1,2) and R(0,0,0)
Computing the AO overlaps between R(-1,0,-2) and R(0,0,0)
Computing the AO overlaps between R(-1,0,-1) and R(0,0,0)
Computing the AO overlaps between R(-1,0,0) and R(0,0,0)
Computing the AO overlaps between R(-1,0,1) and R(0,0,0)
Computing the AO overlaps between R(-1,0,2) and R(0,0,0)
Computing the AO overlaps between R(-1,1,-2) and R(0,0,0)
Computing the AO overlaps between R(-1,1,-1) and R(0,0,0)
Computing the AO overlaps between R(-1,1,0) and R(0,0,0)
Computing the AO overlaps between R(-1,1,1) and R(0,0,0)
Computing the AO overlaps between R(-1,1,2) and R(0,0,0)
Computing the AO overlaps between R(-1,2,-2) and R(0,0,0)
Computing the AO overlaps between R(-1,2,-1) and R(0,0,0)
Computing the AO overlaps between R(-1,2,0) and R(0,0,0)
Computing the AO overlaps between R(-1,2,1) and R(0,0,0)
Computing the AO overlaps between R(-1,2,2) and R(0,0,0)
Computing the AO overlaps between R(0,-2,-2) and R(0,0,0)
Computing the AO overlaps between R(0,-2,-1) and R(0,0,0)
Computing the AO overlaps between R(0,-2,0) and R(0,0,0)
Computing the AO overlaps between R(0,-2,1) and R(0,0,0)
Computing the AO overlaps between R(0,-2,2) and R(0,0,0)
Computing the AO overlaps between R(0,-1,-2) and R(0,0,0)
Computing the AO overlaps between R(0,-1,-1) and R(0,0,0)
Computing the AO overlaps between R(0,-1,0) and R(0,0,0)
Computing the AO overlaps between R(0,-1,1) and R(0,0,0)
Computing the AO overlaps between R(0,-1,2) and R(0,0,0)
Computing the AO overlaps between R(0,0,-2) and R(0,0,0)
Computing the AO overlaps between R(0,0,-1) and R(0,0,0)
Computing the AO overlaps between R(0,0,1) and R(0,0,0)
Computing the AO overlaps between R(0,0,2) and R(0,0,0)
Computing the AO overlaps between R(0,1,-2) and R(0,0,0)
Computing the AO overlaps between R(0,1,-1) and R(0,0,0)
Computing the AO overlaps between R(0,1,0) and R(0,0,0)
Computing the AO overlaps between R(0,1,1) and R(0,0,0)
Computing the AO overlaps between R(0,1,2) and R(0,0,0)
Computing the AO overlaps between R(0,2,-2) and R(0,0,0)
Computing the AO overlaps between R(0,2,-1) and R(0,0,0)
Computing the AO overlaps between R(0,2,0) and R(0,0,0)
Computing the AO overlaps between R(0,2,1) and R(0,0,0)
Computing the AO overlaps between R(0,2,2) and R(0,0,0)
Computing the AO overlaps between R(1,-2,-2) and R(0,0,0)
Computing the AO overlaps between R(1,-2,-1) and R(0,0,0)
Computing the AO overlaps between R(1,-2,0) and R(0,0,0)
Computing the AO overlaps between R(1,-2,1) and R(0,0,0)
Computing the AO overlaps between R(1,-2,2) and R(0,0,0)
Computing the AO overlaps between R(1,-1,-2) and R(0,0,0)
Computing the AO overlaps between R(1,-1,-1) and R(0,0,0)
Computing the AO overlaps between R(1,-1,0) and R(0,0,0)
Computing the AO overlaps between R(1,-1,1) and R(0,0,0)
Computing the AO overlaps between R(1,-1,2) and R(0,0,0)
Computing the AO overlaps between R(1,0,-2) and R(0,0,0)
Computing the AO overlaps between R(1,0,-1) and R(0,0,0)
Computing the AO overlaps between R(1,0,0) and R(0,0,0)
Computing the AO overlaps between R(1,0,1) and R(0,0,0)
Computing the AO overlaps between R(1,0,2) and R(0,0,0)
Computing the AO overlaps between R(1,1,-2) and R(0,0,0)
Computing the AO overlaps between R(1,1,-1) and R(0,0,0)
Computing the AO overlaps between R(1,1,0) and R(0,0,0)
Computing the AO overlaps between R(1,1,1) and R(0,0,0)
Computing the AO overlaps between R(1,1,2) and R(0,0,0)
Computing the AO overlaps between R(1,2,-2) and R(0,0,0)
Computing the AO overlaps between R(1,2,-1) and R(0,0,0)
Computing the AO overlaps between R(1,2,0) and R(0,0,0)
Computing the AO overlaps between R(1,2,1) and R(0,0,0)
Computing the AO overlaps between R(1,2,2) and R(0,0,0)
Computing the AO overlaps between R(2,-2,-2) and R(0,0,0)
Computing the AO overlaps between R(2,-2,-1) and R(0,0,0)
Computing the AO overlaps between R(2,-2,0) and R(0,0,0)
Computing the AO overlaps between R(2,-2,1) and R(0,0,0)
Computing the AO overlaps between R(2,-2,2) and R(0,0,0)
Computing the AO overlaps between R(2,-1,-2) and R(0,0,0)
Computing the AO overlaps between R(2,-1,-1) and R(0,0,0)
Computing the AO overlaps between R(2,-1,0) and R(0,0,0)
Computing the AO overlaps between R(2,-1,1) and R(0,0,0)
Computing the AO overlaps between R(2,-1,2) and R(0,0,0)
Computing the AO overlaps between R(2,0,-2) and R(0,0,0)
Computing the AO overlaps between R(2,0,-1) and R(0,0,0)
Computing the AO overlaps between R(2,0,0) and R(0,0,0)
Computing the AO overlaps between R(2,0,1) and R(0,0,0)
Computing the AO overlaps between R(2,0,2) and R(0,0,0)
Computing the AO overlaps between R(2,1,-2) and R(0,0,0)
Computing the AO overlaps between R(2,1,-1) and R(0,0,0)
Computing the AO overlaps between R(2,1,0) and R(0,0,0)
Computing the AO overlaps between R(2,1,1) and R(0,0,0)
Computing the AO overlaps between R(2,1,2) and R(0,0,0)
Computing the AO overlaps between R(2,2,-2) and R(0,0,0)
Computing the AO overlaps between R(2,2,-1) and R(0,0,0)
Computing the AO overlaps between R(2,2,0) and R(0,0,0)
Computing the AO overlaps between R(2,2,1) and R(0,0,0)
Computing the AO overlaps between R(2,2,2) and R(0,0,0)
Done with computing atomic orbital overlaps. Elapsed time: 0.6164026260375977
Turning the MATRIX to numpy array...
Done with transforming MATRIX 2 numpy array. Elapsed time: 0.009078264236450195
Resorting eigenvectors elements...
Done with resorting eigenvectors elements. Elapsed time: 0.0006949901580810547
Computing and saving molecular orbital overlaps...
Done with computing molecular orbital overlaps. Elapsed time: 0.014488697052001953
Done with step 6. Elapsed time: 59.71633172035217
-----------------------Step 7-----------------------
Done with step 7 Elapsed time: 53.82299828529358
Creating shell...
Done with creating shell. Elapsed time: 0.007050752639770508
Reading energies and eigenvectors....
Done with reading energies and eigenvectors. Elapsed time: 0.028791189193725586
Computing atomic orbital overlap matrix...
Computing the AO overlaps between R(-2,-2,-2) and R(0,0,0)
Computing the AO overlaps between R(-2,-2,-1) and R(0,0,0)
Computing the AO overlaps between R(-2,-2,0) and R(0,0,0)
Computing the AO overlaps between R(-2,-2,1) and R(0,0,0)
Computing the AO overlaps between R(-2,-2,2) and R(0,0,0)
Computing the AO overlaps between R(-2,-1,-2) and R(0,0,0)
Computing the AO overlaps between R(-2,-1,-1) and R(0,0,0)
Computing the AO overlaps between R(-2,-1,0) and R(0,0,0)
Computing the AO overlaps between R(-2,-1,1) and R(0,0,0)
Computing the AO overlaps between R(-2,-1,2) and R(0,0,0)
Computing the AO overlaps between R(-2,0,-2) and R(0,0,0)
Computing the AO overlaps between R(-2,0,-1) and R(0,0,0)
Computing the AO overlaps between R(-2,0,0) and R(0,0,0)
Computing the AO overlaps between R(-2,0,1) and R(0,0,0)
Computing the AO overlaps between R(-2,0,2) and R(0,0,0)
Computing the AO overlaps between R(-2,1,-2) and R(0,0,0)
Computing the AO overlaps between R(-2,1,-1) and R(0,0,0)
Computing the AO overlaps between R(-2,1,0) and R(0,0,0)
Computing the AO overlaps between R(-2,1,1) and R(0,0,0)
Computing the AO overlaps between R(-2,1,2) and R(0,0,0)
Computing the AO overlaps between R(-2,2,-2) and R(0,0,0)
Computing the AO overlaps between R(-2,2,-1) and R(0,0,0)
Computing the AO overlaps between R(-2,2,0) and R(0,0,0)
Computing the AO overlaps between R(-2,2,1) and R(0,0,0)
Computing the AO overlaps between R(-2,2,2) and R(0,0,0)
Computing the AO overlaps between R(-1,-2,-2) and R(0,0,0)
Computing the AO overlaps between R(-1,-2,-1) and R(0,0,0)
Computing the AO overlaps between R(-1,-2,0) and R(0,0,0)
Computing the AO overlaps between R(-1,-2,1) and R(0,0,0)
Computing the AO overlaps between R(-1,-2,2) and R(0,0,0)
Computing the AO overlaps between R(-1,-1,-2) and R(0,0,0)
Computing the AO overlaps between R(-1,-1,-1) and R(0,0,0)
Computing the AO overlaps between R(-1,-1,0) and R(0,0,0)
Computing the AO overlaps between R(-1,-1,1) and R(0,0,0)
Computing the AO overlaps between R(-1,-1,2) and R(0,0,0)
Computing the AO overlaps between R(-1,0,-2) and R(0,0,0)
Computing the AO overlaps between R(-1,0,-1) and R(0,0,0)
Computing the AO overlaps between R(-1,0,0) and R(0,0,0)
Computing the AO overlaps between R(-1,0,1) and R(0,0,0)
Computing the AO overlaps between R(-1,0,2) and R(0,0,0)
Computing the AO overlaps between R(-1,1,-2) and R(0,0,0)
Computing the AO overlaps between R(-1,1,-1) and R(0,0,0)
Computing the AO overlaps between R(-1,1,0) and R(0,0,0)
Computing the AO overlaps between R(-1,1,1) and R(0,0,0)
Computing the AO overlaps between R(-1,1,2) and R(0,0,0)
Computing the AO overlaps between R(-1,2,-2) and R(0,0,0)
Computing the AO overlaps between R(-1,2,-1) and R(0,0,0)
Computing the AO overlaps between R(-1,2,0) and R(0,0,0)
Computing the AO overlaps between R(-1,2,1) and R(0,0,0)
Computing the AO overlaps between R(-1,2,2) and R(0,0,0)
Computing the AO overlaps between R(0,-2,-2) and R(0,0,0)
Computing the AO overlaps between R(0,-2,-1) and R(0,0,0)
Computing the AO overlaps between R(0,-2,0) and R(0,0,0)
Computing the AO overlaps between R(0,-2,1) and R(0,0,0)
Computing the AO overlaps between R(0,-2,2) and R(0,0,0)
Computing the AO overlaps between R(0,-1,-2) and R(0,0,0)
Computing the AO overlaps between R(0,-1,-1) and R(0,0,0)
Computing the AO overlaps between R(0,-1,0) and R(0,0,0)
Computing the AO overlaps between R(0,-1,1) and R(0,0,0)
Computing the AO overlaps between R(0,-1,2) and R(0,0,0)
Computing the AO overlaps between R(0,0,-2) and R(0,0,0)
Computing the AO overlaps between R(0,0,-1) and R(0,0,0)
Computing the AO overlaps between R(0,0,1) and R(0,0,0)
Computing the AO overlaps between R(0,0,2) and R(0,0,0)
Computing the AO overlaps between R(0,1,-2) and R(0,0,0)
Computing the AO overlaps between R(0,1,-1) and R(0,0,0)
Computing the AO overlaps between R(0,1,0) and R(0,0,0)
Computing the AO overlaps between R(0,1,1) and R(0,0,0)
Computing the AO overlaps between R(0,1,2) and R(0,0,0)
Computing the AO overlaps between R(0,2,-2) and R(0,0,0)
Computing the AO overlaps between R(0,2,-1) and R(0,0,0)
Computing the AO overlaps between R(0,2,0) and R(0,0,0)
Computing the AO overlaps between R(0,2,1) and R(0,0,0)
Computing the AO overlaps between R(0,2,2) and R(0,0,0)
Computing the AO overlaps between R(1,-2,-2) and R(0,0,0)
Computing the AO overlaps between R(1,-2,-1) and R(0,0,0)
Computing the AO overlaps between R(1,-2,0) and R(0,0,0)
Computing the AO overlaps between R(1,-2,1) and R(0,0,0)
Computing the AO overlaps between R(1,-2,2) and R(0,0,0)
Computing the AO overlaps between R(1,-1,-2) and R(0,0,0)
Computing the AO overlaps between R(1,-1,-1) and R(0,0,0)
Computing the AO overlaps between R(1,-1,0) and R(0,0,0)
Computing the AO overlaps between R(1,-1,1) and R(0,0,0)
Computing the AO overlaps between R(1,-1,2) and R(0,0,0)
Computing the AO overlaps between R(1,0,-2) and R(0,0,0)
Computing the AO overlaps between R(1,0,-1) and R(0,0,0)
Computing the AO overlaps between R(1,0,0) and R(0,0,0)
Computing the AO overlaps between R(1,0,1) and R(0,0,0)
Computing the AO overlaps between R(1,0,2) and R(0,0,0)
Computing the AO overlaps between R(1,1,-2) and R(0,0,0)
Computing the AO overlaps between R(1,1,-1) and R(0,0,0)
Computing the AO overlaps between R(1,1,0) and R(0,0,0)
Computing the AO overlaps between R(1,1,1) and R(0,0,0)
Computing the AO overlaps between R(1,1,2) and R(0,0,0)
Computing the AO overlaps between R(1,2,-2) and R(0,0,0)
Computing the AO overlaps between R(1,2,-1) and R(0,0,0)
Computing the AO overlaps between R(1,2,0) and R(0,0,0)
Computing the AO overlaps between R(1,2,1) and R(0,0,0)
Computing the AO overlaps between R(1,2,2) and R(0,0,0)
Computing the AO overlaps between R(2,-2,-2) and R(0,0,0)
Computing the AO overlaps between R(2,-2,-1) and R(0,0,0)
Computing the AO overlaps between R(2,-2,0) and R(0,0,0)
Computing the AO overlaps between R(2,-2,1) and R(0,0,0)
Computing the AO overlaps between R(2,-2,2) and R(0,0,0)
Computing the AO overlaps between R(2,-1,-2) and R(0,0,0)
Computing the AO overlaps between R(2,-1,-1) and R(0,0,0)
Computing the AO overlaps between R(2,-1,0) and R(0,0,0)
Computing the AO overlaps between R(2,-1,1) and R(0,0,0)
Computing the AO overlaps between R(2,-1,2) and R(0,0,0)
Computing the AO overlaps between R(2,0,-2) and R(0,0,0)
Computing the AO overlaps between R(2,0,-1) and R(0,0,0)
Computing the AO overlaps between R(2,0,0) and R(0,0,0)
Computing the AO overlaps between R(2,0,1) and R(0,0,0)
Computing the AO overlaps between R(2,0,2) and R(0,0,0)
Computing the AO overlaps between R(2,1,-2) and R(0,0,0)
Computing the AO overlaps between R(2,1,-1) and R(0,0,0)
Computing the AO overlaps between R(2,1,0) and R(0,0,0)
Computing the AO overlaps between R(2,1,1) and R(0,0,0)
Computing the AO overlaps between R(2,1,2) and R(0,0,0)
Computing the AO overlaps between R(2,2,-2) and R(0,0,0)
Computing the AO overlaps between R(2,2,-1) and R(0,0,0)
Computing the AO overlaps between R(2,2,0) and R(0,0,0)
Computing the AO overlaps between R(2,2,1) and R(0,0,0)
Computing the AO overlaps between R(2,2,2) and R(0,0,0)
Done with computing atomic orbital overlaps. Elapsed time: 0.6429195404052734
Turning the MATRIX to numpy array...
Done with transforming MATRIX 2 numpy array. Elapsed time: 0.008991003036499023
Resorting eigenvectors elements...
Done with resorting eigenvectors elements. Elapsed time: 0.0006422996520996094
Computing and saving molecular orbital overlaps...
Done with computing molecular orbital overlaps. Elapsed time: 0.033420562744140625
Done with step 7. Elapsed time: 54.56228446960449
-----------------------Step 8-----------------------
Done with step 8 Elapsed time: 47.95340943336487
Creating shell...
Done with creating shell. Elapsed time: 0.0044362545013427734
Reading energies and eigenvectors....
Done with reading energies and eigenvectors. Elapsed time: 0.01656031608581543
Computing atomic orbital overlap matrix...
Computing the AO overlaps between R(-2,-2,-2) and R(0,0,0)
Computing the AO overlaps between R(-2,-2,-1) and R(0,0,0)
Computing the AO overlaps between R(-2,-2,0) and R(0,0,0)
Computing the AO overlaps between R(-2,-2,1) and R(0,0,0)
Computing the AO overlaps between R(-2,-2,2) and R(0,0,0)
Computing the AO overlaps between R(-2,-1,-2) and R(0,0,0)
Computing the AO overlaps between R(-2,-1,-1) and R(0,0,0)
Computing the AO overlaps between R(-2,-1,0) and R(0,0,0)
Computing the AO overlaps between R(-2,-1,1) and R(0,0,0)
Computing the AO overlaps between R(-2,-1,2) and R(0,0,0)
Computing the AO overlaps between R(-2,0,-2) and R(0,0,0)
Computing the AO overlaps between R(-2,0,-1) and R(0,0,0)
Computing the AO overlaps between R(-2,0,0) and R(0,0,0)
Computing the AO overlaps between R(-2,0,1) and R(0,0,0)
Computing the AO overlaps between R(-2,0,2) and R(0,0,0)
Computing the AO overlaps between R(-2,1,-2) and R(0,0,0)
Computing the AO overlaps between R(-2,1,-1) and R(0,0,0)
Computing the AO overlaps between R(-2,1,0) and R(0,0,0)
Computing the AO overlaps between R(-2,1,1) and R(0,0,0)
Computing the AO overlaps between R(-2,1,2) and R(0,0,0)
Computing the AO overlaps between R(-2,2,-2) and R(0,0,0)
Computing the AO overlaps between R(-2,2,-1) and R(0,0,0)
Computing the AO overlaps between R(-2,2,0) and R(0,0,0)
Computing the AO overlaps between R(-2,2,1) and R(0,0,0)
Computing the AO overlaps between R(-2,2,2) and R(0,0,0)
Computing the AO overlaps between R(-1,-2,-2) and R(0,0,0)
Computing the AO overlaps between R(-1,-2,-1) and R(0,0,0)
Computing the AO overlaps between R(-1,-2,0) and R(0,0,0)
Computing the AO overlaps between R(-1,-2,1) and R(0,0,0)
Computing the AO overlaps between R(-1,-2,2) and R(0,0,0)
Computing the AO overlaps between R(-1,-1,-2) and R(0,0,0)
Computing the AO overlaps between R(-1,-1,-1) and R(0,0,0)
Computing the AO overlaps between R(-1,-1,0) and R(0,0,0)
Computing the AO overlaps between R(-1,-1,1) and R(0,0,0)
Computing the AO overlaps between R(-1,-1,2) and R(0,0,0)
Computing the AO overlaps between R(-1,0,-2) and R(0,0,0)
Computing the AO overlaps between R(-1,0,-1) and R(0,0,0)
Computing the AO overlaps between R(-1,0,0) and R(0,0,0)
Computing the AO overlaps between R(-1,0,1) and R(0,0,0)
Computing the AO overlaps between R(-1,0,2) and R(0,0,0)
Computing the AO overlaps between R(-1,1,-2) and R(0,0,0)
Computing the AO overlaps between R(-1,1,-1) and R(0,0,0)
Computing the AO overlaps between R(-1,1,0) and R(0,0,0)
Computing the AO overlaps between R(-1,1,1) and R(0,0,0)
Computing the AO overlaps between R(-1,1,2) and R(0,0,0)
Computing the AO overlaps between R(-1,2,-2) and R(0,0,0)
Computing the AO overlaps between R(-1,2,-1) and R(0,0,0)
Computing the AO overlaps between R(-1,2,0) and R(0,0,0)
Computing the AO overlaps between R(-1,2,1) and R(0,0,0)
Computing the AO overlaps between R(-1,2,2) and R(0,0,0)
Computing the AO overlaps between R(0,-2,-2) and R(0,0,0)
Computing the AO overlaps between R(0,-2,-1) and R(0,0,0)
Computing the AO overlaps between R(0,-2,0) and R(0,0,0)
Computing the AO overlaps between R(0,-2,1) and R(0,0,0)
Computing the AO overlaps between R(0,-2,2) and R(0,0,0)
Computing the AO overlaps between R(0,-1,-2) and R(0,0,0)
Computing the AO overlaps between R(0,-1,-1) and R(0,0,0)
Computing the AO overlaps between R(0,-1,0) and R(0,0,0)
Computing the AO overlaps between R(0,-1,1) and R(0,0,0)
Computing the AO overlaps between R(0,-1,2) and R(0,0,0)
Computing the AO overlaps between R(0,0,-2) and R(0,0,0)
Computing the AO overlaps between R(0,0,-1) and R(0,0,0)
Computing the AO overlaps between R(0,0,1) and R(0,0,0)
Computing the AO overlaps between R(0,0,2) and R(0,0,0)
Computing the AO overlaps between R(0,1,-2) and R(0,0,0)
Computing the AO overlaps between R(0,1,-1) and R(0,0,0)
Computing the AO overlaps between R(0,1,0) and R(0,0,0)
Computing the AO overlaps between R(0,1,1) and R(0,0,0)
Computing the AO overlaps between R(0,1,2) and R(0,0,0)
Computing the AO overlaps between R(0,2,-2) and R(0,0,0)
Computing the AO overlaps between R(0,2,-1) and R(0,0,0)
Computing the AO overlaps between R(0,2,0) and R(0,0,0)
Computing the AO overlaps between R(0,2,1) and R(0,0,0)
Computing the AO overlaps between R(0,2,2) and R(0,0,0)
Computing the AO overlaps between R(1,-2,-2) and R(0,0,0)
Computing the AO overlaps between R(1,-2,-1) and R(0,0,0)
Computing the AO overlaps between R(1,-2,0) and R(0,0,0)
Computing the AO overlaps between R(1,-2,1) and R(0,0,0)
Computing the AO overlaps between R(1,-2,2) and R(0,0,0)
Computing the AO overlaps between R(1,-1,-2) and R(0,0,0)
Computing the AO overlaps between R(1,-1,-1) and R(0,0,0)
Computing the AO overlaps between R(1,-1,0) and R(0,0,0)
Computing the AO overlaps between R(1,-1,1) and R(0,0,0)
Computing the AO overlaps between R(1,-1,2) and R(0,0,0)
Computing the AO overlaps between R(1,0,-2) and R(0,0,0)
Computing the AO overlaps between R(1,0,-1) and R(0,0,0)
Computing the AO overlaps between R(1,0,0) and R(0,0,0)
Computing the AO overlaps between R(1,0,1) and R(0,0,0)
Computing the AO overlaps between R(1,0,2) and R(0,0,0)
Computing the AO overlaps between R(1,1,-2) and R(0,0,0)
Computing the AO overlaps between R(1,1,-1) and R(0,0,0)
Computing the AO overlaps between R(1,1,0) and R(0,0,0)
Computing the AO overlaps between R(1,1,1) and R(0,0,0)
Computing the AO overlaps between R(1,1,2) and R(0,0,0)
Computing the AO overlaps between R(1,2,-2) and R(0,0,0)
Computing the AO overlaps between R(1,2,-1) and R(0,0,0)
Computing the AO overlaps between R(1,2,0) and R(0,0,0)
Computing the AO overlaps between R(1,2,1) and R(0,0,0)
Computing the AO overlaps between R(1,2,2) and R(0,0,0)
Computing the AO overlaps between R(2,-2,-2) and R(0,0,0)
Computing the AO overlaps between R(2,-2,-1) and R(0,0,0)
Computing the AO overlaps between R(2,-2,0) and R(0,0,0)
Computing the AO overlaps between R(2,-2,1) and R(0,0,0)
Computing the AO overlaps between R(2,-2,2) and R(0,0,0)
Computing the AO overlaps between R(2,-1,-2) and R(0,0,0)
Computing the AO overlaps between R(2,-1,-1) and R(0,0,0)
Computing the AO overlaps between R(2,-1,0) and R(0,0,0)
Computing the AO overlaps between R(2,-1,1) and R(0,0,0)
Computing the AO overlaps between R(2,-1,2) and R(0,0,0)
Computing the AO overlaps between R(2,0,-2) and R(0,0,0)
Computing the AO overlaps between R(2,0,-1) and R(0,0,0)
Computing the AO overlaps between R(2,0,0) and R(0,0,0)
Computing the AO overlaps between R(2,0,1) and R(0,0,0)
Computing the AO overlaps between R(2,0,2) and R(0,0,0)
Computing the AO overlaps between R(2,1,-2) and R(0,0,0)
Computing the AO overlaps between R(2,1,-1) and R(0,0,0)
Computing the AO overlaps between R(2,1,0) and R(0,0,0)
Computing the AO overlaps between R(2,1,1) and R(0,0,0)
Computing the AO overlaps between R(2,1,2) and R(0,0,0)
Computing the AO overlaps between R(2,2,-2) and R(0,0,0)
Computing the AO overlaps between R(2,2,-1) and R(0,0,0)
Computing the AO overlaps between R(2,2,0) and R(0,0,0)
Computing the AO overlaps between R(2,2,1) and R(0,0,0)
Computing the AO overlaps between R(2,2,2) and R(0,0,0)
Done with computing atomic orbital overlaps. Elapsed time: 0.6078364849090576
Turning the MATRIX to numpy array...
Done with transforming MATRIX 2 numpy array. Elapsed time: 0.009062528610229492
Resorting eigenvectors elements...
Done with resorting eigenvectors elements. Elapsed time: 0.0006740093231201172
Computing and saving molecular orbital overlaps...
Done with computing molecular orbital overlaps. Elapsed time: 0.015326976776123047
Done with step 8. Elapsed time: 48.626059770584106
-----------------------Step 9-----------------------
Done with step 9 Elapsed time: 53.55379295349121
Creating shell...
Done with creating shell. Elapsed time: 0.006618022918701172
Reading energies and eigenvectors....
Done with reading energies and eigenvectors. Elapsed time: 0.024968624114990234
Computing atomic orbital overlap matrix...
Computing the AO overlaps between R(-2,-2,-2) and R(0,0,0)
Computing the AO overlaps between R(-2,-2,-1) and R(0,0,0)
Computing the AO overlaps between R(-2,-2,0) and R(0,0,0)
Computing the AO overlaps between R(-2,-2,1) and R(0,0,0)
Computing the AO overlaps between R(-2,-2,2) and R(0,0,0)
Computing the AO overlaps between R(-2,-1,-2) and R(0,0,0)
Computing the AO overlaps between R(-2,-1,-1) and R(0,0,0)
Computing the AO overlaps between R(-2,-1,0) and R(0,0,0)
Computing the AO overlaps between R(-2,-1,1) and R(0,0,0)
Computing the AO overlaps between R(-2,-1,2) and R(0,0,0)
Computing the AO overlaps between R(-2,0,-2) and R(0,0,0)
Computing the AO overlaps between R(-2,0,-1) and R(0,0,0)
Computing the AO overlaps between R(-2,0,0) and R(0,0,0)
Computing the AO overlaps between R(-2,0,1) and R(0,0,0)
Computing the AO overlaps between R(-2,0,2) and R(0,0,0)
Computing the AO overlaps between R(-2,1,-2) and R(0,0,0)
Computing the AO overlaps between R(-2,1,-1) and R(0,0,0)
Computing the AO overlaps between R(-2,1,0) and R(0,0,0)
Computing the AO overlaps between R(-2,1,1) and R(0,0,0)
Computing the AO overlaps between R(-2,1,2) and R(0,0,0)
Computing the AO overlaps between R(-2,2,-2) and R(0,0,0)
Computing the AO overlaps between R(-2,2,-1) and R(0,0,0)
Computing the AO overlaps between R(-2,2,0) and R(0,0,0)
Computing the AO overlaps between R(-2,2,1) and R(0,0,0)
Computing the AO overlaps between R(-2,2,2) and R(0,0,0)
Computing the AO overlaps between R(-1,-2,-2) and R(0,0,0)
Computing the AO overlaps between R(-1,-2,-1) and R(0,0,0)
Computing the AO overlaps between R(-1,-2,0) and R(0,0,0)
Computing the AO overlaps between R(-1,-2,1) and R(0,0,0)
Computing the AO overlaps between R(-1,-2,2) and R(0,0,0)
Computing the AO overlaps between R(-1,-1,-2) and R(0,0,0)
Computing the AO overlaps between R(-1,-1,-1) and R(0,0,0)
Computing the AO overlaps between R(-1,-1,0) and R(0,0,0)
Computing the AO overlaps between R(-1,-1,1) and R(0,0,0)
Computing the AO overlaps between R(-1,-1,2) and R(0,0,0)
Computing the AO overlaps between R(-1,0,-2) and R(0,0,0)
Computing the AO overlaps between R(-1,0,-1) and R(0,0,0)
Computing the AO overlaps between R(-1,0,0) and R(0,0,0)
Computing the AO overlaps between R(-1,0,1) and R(0,0,0)
Computing the AO overlaps between R(-1,0,2) and R(0,0,0)
Computing the AO overlaps between R(-1,1,-2) and R(0,0,0)
Computing the AO overlaps between R(-1,1,-1) and R(0,0,0)
Computing the AO overlaps between R(-1,1,0) and R(0,0,0)
Computing the AO overlaps between R(-1,1,1) and R(0,0,0)
Computing the AO overlaps between R(-1,1,2) and R(0,0,0)
Computing the AO overlaps between R(-1,2,-2) and R(0,0,0)
Computing the AO overlaps between R(-1,2,-1) and R(0,0,0)
Computing the AO overlaps between R(-1,2,0) and R(0,0,0)
Computing the AO overlaps between R(-1,2,1) and R(0,0,0)
Computing the AO overlaps between R(-1,2,2) and R(0,0,0)
Computing the AO overlaps between R(0,-2,-2) and R(0,0,0)
Computing the AO overlaps between R(0,-2,-1) and R(0,0,0)
Computing the AO overlaps between R(0,-2,0) and R(0,0,0)
Computing the AO overlaps between R(0,-2,1) and R(0,0,0)
Computing the AO overlaps between R(0,-2,2) and R(0,0,0)
Computing the AO overlaps between R(0,-1,-2) and R(0,0,0)
Computing the AO overlaps between R(0,-1,-1) and R(0,0,0)
Computing the AO overlaps between R(0,-1,0) and R(0,0,0)
Computing the AO overlaps between R(0,-1,1) and R(0,0,0)
Computing the AO overlaps between R(0,-1,2) and R(0,0,0)
Computing the AO overlaps between R(0,0,-2) and R(0,0,0)
Computing the AO overlaps between R(0,0,-1) and R(0,0,0)
Computing the AO overlaps between R(0,0,1) and R(0,0,0)
Computing the AO overlaps between R(0,0,2) and R(0,0,0)
Computing the AO overlaps between R(0,1,-2) and R(0,0,0)
Computing the AO overlaps between R(0,1,-1) and R(0,0,0)
Computing the AO overlaps between R(0,1,0) and R(0,0,0)
Computing the AO overlaps between R(0,1,1) and R(0,0,0)
Computing the AO overlaps between R(0,1,2) and R(0,0,0)
Computing the AO overlaps between R(0,2,-2) and R(0,0,0)
Computing the AO overlaps between R(0,2,-1) and R(0,0,0)
Computing the AO overlaps between R(0,2,0) and R(0,0,0)
Computing the AO overlaps between R(0,2,1) and R(0,0,0)
Computing the AO overlaps between R(0,2,2) and R(0,0,0)
Computing the AO overlaps between R(1,-2,-2) and R(0,0,0)
Computing the AO overlaps between R(1,-2,-1) and R(0,0,0)
Computing the AO overlaps between R(1,-2,0) and R(0,0,0)
Computing the AO overlaps between R(1,-2,1) and R(0,0,0)
Computing the AO overlaps between R(1,-2,2) and R(0,0,0)
Computing the AO overlaps between R(1,-1,-2) and R(0,0,0)
Computing the AO overlaps between R(1,-1,-1) and R(0,0,0)
Computing the AO overlaps between R(1,-1,0) and R(0,0,0)
Computing the AO overlaps between R(1,-1,1) and R(0,0,0)
Computing the AO overlaps between R(1,-1,2) and R(0,0,0)
Computing the AO overlaps between R(1,0,-2) and R(0,0,0)
Computing the AO overlaps between R(1,0,-1) and R(0,0,0)
Computing the AO overlaps between R(1,0,0) and R(0,0,0)
Computing the AO overlaps between R(1,0,1) and R(0,0,0)
Computing the AO overlaps between R(1,0,2) and R(0,0,0)
Computing the AO overlaps between R(1,1,-2) and R(0,0,0)
Computing the AO overlaps between R(1,1,-1) and R(0,0,0)
Computing the AO overlaps between R(1,1,0) and R(0,0,0)
Computing the AO overlaps between R(1,1,1) and R(0,0,0)
Computing the AO overlaps between R(1,1,2) and R(0,0,0)
Computing the AO overlaps between R(1,2,-2) and R(0,0,0)
Computing the AO overlaps between R(1,2,-1) and R(0,0,0)
Computing the AO overlaps between R(1,2,0) and R(0,0,0)
Computing the AO overlaps between R(1,2,1) and R(0,0,0)
Computing the AO overlaps between R(1,2,2) and R(0,0,0)
Computing the AO overlaps between R(2,-2,-2) and R(0,0,0)
Computing the AO overlaps between R(2,-2,-1) and R(0,0,0)
Computing the AO overlaps between R(2,-2,0) and R(0,0,0)
Computing the AO overlaps between R(2,-2,1) and R(0,0,0)
Computing the AO overlaps between R(2,-2,2) and R(0,0,0)
Computing the AO overlaps between R(2,-1,-2) and R(0,0,0)
Computing the AO overlaps between R(2,-1,-1) and R(0,0,0)
Computing the AO overlaps between R(2,-1,0) and R(0,0,0)
Computing the AO overlaps between R(2,-1,1) and R(0,0,0)
Computing the AO overlaps between R(2,-1,2) and R(0,0,0)
Computing the AO overlaps between R(2,0,-2) and R(0,0,0)
Computing the AO overlaps between R(2,0,-1) and R(0,0,0)
Computing the AO overlaps between R(2,0,0) and R(0,0,0)
Computing the AO overlaps between R(2,0,1) and R(0,0,0)
Computing the AO overlaps between R(2,0,2) and R(0,0,0)
Computing the AO overlaps between R(2,1,-2) and R(0,0,0)
Computing the AO overlaps between R(2,1,-1) and R(0,0,0)
Computing the AO overlaps between R(2,1,0) and R(0,0,0)
Computing the AO overlaps between R(2,1,1) and R(0,0,0)
Computing the AO overlaps between R(2,1,2) and R(0,0,0)
Computing the AO overlaps between R(2,2,-2) and R(0,0,0)
Computing the AO overlaps between R(2,2,-1) and R(0,0,0)
Computing the AO overlaps between R(2,2,0) and R(0,0,0)
Computing the AO overlaps between R(2,2,1) and R(0,0,0)
Computing the AO overlaps between R(2,2,2) and R(0,0,0)
Done with computing atomic orbital overlaps. Elapsed time: 0.6610004901885986
Turning the MATRIX to numpy array...
Done with transforming MATRIX 2 numpy array. Elapsed time: 0.009078264236450195
Resorting eigenvectors elements...
Done with resorting eigenvectors elements. Elapsed time: 0.0006861686706542969
Computing and saving molecular orbital overlaps...
Done with computing molecular orbital overlaps. Elapsed time: 0.016435861587524414
Done with step 9. Elapsed time: 54.29154348373413
-----------------------Step 10-----------------------
Done with step 10 Elapsed time: 53.44107747077942
Creating shell...
Done with creating shell. Elapsed time: 0.006613492965698242
Reading energies and eigenvectors....
Done with reading energies and eigenvectors. Elapsed time: 0.02448749542236328
Computing atomic orbital overlap matrix...
Computing the AO overlaps between R(-2,-2,-2) and R(0,0,0)
Computing the AO overlaps between R(-2,-2,-1) and R(0,0,0)
Computing the AO overlaps between R(-2,-2,0) and R(0,0,0)
Computing the AO overlaps between R(-2,-2,1) and R(0,0,0)
Computing the AO overlaps between R(-2,-2,2) and R(0,0,0)
Computing the AO overlaps between R(-2,-1,-2) and R(0,0,0)
Computing the AO overlaps between R(-2,-1,-1) and R(0,0,0)
Computing the AO overlaps between R(-2,-1,0) and R(0,0,0)
Computing the AO overlaps between R(-2,-1,1) and R(0,0,0)
Computing the AO overlaps between R(-2,-1,2) and R(0,0,0)
Computing the AO overlaps between R(-2,0,-2) and R(0,0,0)
Computing the AO overlaps between R(-2,0,-1) and R(0,0,0)
Computing the AO overlaps between R(-2,0,0) and R(0,0,0)
Computing the AO overlaps between R(-2,0,1) and R(0,0,0)
Computing the AO overlaps between R(-2,0,2) and R(0,0,0)
Computing the AO overlaps between R(-2,1,-2) and R(0,0,0)
Computing the AO overlaps between R(-2,1,-1) and R(0,0,0)
Computing the AO overlaps between R(-2,1,0) and R(0,0,0)
Computing the AO overlaps between R(-2,1,1) and R(0,0,0)
Computing the AO overlaps between R(-2,1,2) and R(0,0,0)
Computing the AO overlaps between R(-2,2,-2) and R(0,0,0)
Computing the AO overlaps between R(-2,2,-1) and R(0,0,0)
Computing the AO overlaps between R(-2,2,0) and R(0,0,0)
Computing the AO overlaps between R(-2,2,1) and R(0,0,0)
Computing the AO overlaps between R(-2,2,2) and R(0,0,0)
Computing the AO overlaps between R(-1,-2,-2) and R(0,0,0)
Computing the AO overlaps between R(-1,-2,-1) and R(0,0,0)
Computing the AO overlaps between R(-1,-2,0) and R(0,0,0)
Computing the AO overlaps between R(-1,-2,1) and R(0,0,0)
Computing the AO overlaps between R(-1,-2,2) and R(0,0,0)
Computing the AO overlaps between R(-1,-1,-2) and R(0,0,0)
Computing the AO overlaps between R(-1,-1,-1) and R(0,0,0)
Computing the AO overlaps between R(-1,-1,0) and R(0,0,0)
Computing the AO overlaps between R(-1,-1,1) and R(0,0,0)
Computing the AO overlaps between R(-1,-1,2) and R(0,0,0)
Computing the AO overlaps between R(-1,0,-2) and R(0,0,0)
Computing the AO overlaps between R(-1,0,-1) and R(0,0,0)
Computing the AO overlaps between R(-1,0,0) and R(0,0,0)
Computing the AO overlaps between R(-1,0,1) and R(0,0,0)
Computing the AO overlaps between R(-1,0,2) and R(0,0,0)
Computing the AO overlaps between R(-1,1,-2) and R(0,0,0)
Computing the AO overlaps between R(-1,1,-1) and R(0,0,0)
Computing the AO overlaps between R(-1,1,0) and R(0,0,0)
Computing the AO overlaps between R(-1,1,1) and R(0,0,0)
Computing the AO overlaps between R(-1,1,2) and R(0,0,0)
Computing the AO overlaps between R(-1,2,-2) and R(0,0,0)
Computing the AO overlaps between R(-1,2,-1) and R(0,0,0)
Computing the AO overlaps between R(-1,2,0) and R(0,0,0)
Computing the AO overlaps between R(-1,2,1) and R(0,0,0)
Computing the AO overlaps between R(-1,2,2) and R(0,0,0)
Computing the AO overlaps between R(0,-2,-2) and R(0,0,0)
Computing the AO overlaps between R(0,-2,-1) and R(0,0,0)
Computing the AO overlaps between R(0,-2,0) and R(0,0,0)
Computing the AO overlaps between R(0,-2,1) and R(0,0,0)
Computing the AO overlaps between R(0,-2,2) and R(0,0,0)
Computing the AO overlaps between R(0,-1,-2) and R(0,0,0)
Computing the AO overlaps between R(0,-1,-1) and R(0,0,0)
Computing the AO overlaps between R(0,-1,0) and R(0,0,0)
Computing the AO overlaps between R(0,-1,1) and R(0,0,0)
Computing the AO overlaps between R(0,-1,2) and R(0,0,0)
Computing the AO overlaps between R(0,0,-2) and R(0,0,0)
Computing the AO overlaps between R(0,0,-1) and R(0,0,0)
Computing the AO overlaps between R(0,0,1) and R(0,0,0)
Computing the AO overlaps between R(0,0,2) and R(0,0,0)
Computing the AO overlaps between R(0,1,-2) and R(0,0,0)
Computing the AO overlaps between R(0,1,-1) and R(0,0,0)
Computing the AO overlaps between R(0,1,0) and R(0,0,0)
Computing the AO overlaps between R(0,1,1) and R(0,0,0)
Computing the AO overlaps between R(0,1,2) and R(0,0,0)
Computing the AO overlaps between R(0,2,-2) and R(0,0,0)
Computing the AO overlaps between R(0,2,-1) and R(0,0,0)
Computing the AO overlaps between R(0,2,0) and R(0,0,0)
Computing the AO overlaps between R(0,2,1) and R(0,0,0)
Computing the AO overlaps between R(0,2,2) and R(0,0,0)
Computing the AO overlaps between R(1,-2,-2) and R(0,0,0)
Computing the AO overlaps between R(1,-2,-1) and R(0,0,0)
Computing the AO overlaps between R(1,-2,0) and R(0,0,0)
Computing the AO overlaps between R(1,-2,1) and R(0,0,0)
Computing the AO overlaps between R(1,-2,2) and R(0,0,0)
Computing the AO overlaps between R(1,-1,-2) and R(0,0,0)
Computing the AO overlaps between R(1,-1,-1) and R(0,0,0)
Computing the AO overlaps between R(1,-1,0) and R(0,0,0)
Computing the AO overlaps between R(1,-1,1) and R(0,0,0)
Computing the AO overlaps between R(1,-1,2) and R(0,0,0)
Computing the AO overlaps between R(1,0,-2) and R(0,0,0)
Computing the AO overlaps between R(1,0,-1) and R(0,0,0)
Computing the AO overlaps between R(1,0,0) and R(0,0,0)
Computing the AO overlaps between R(1,0,1) and R(0,0,0)
Computing the AO overlaps between R(1,0,2) and R(0,0,0)
Computing the AO overlaps between R(1,1,-2) and R(0,0,0)
Computing the AO overlaps between R(1,1,-1) and R(0,0,0)
Computing the AO overlaps between R(1,1,0) and R(0,0,0)
Computing the AO overlaps between R(1,1,1) and R(0,0,0)
Computing the AO overlaps between R(1,1,2) and R(0,0,0)
Computing the AO overlaps between R(1,2,-2) and R(0,0,0)
Computing the AO overlaps between R(1,2,-1) and R(0,0,0)
Computing the AO overlaps between R(1,2,0) and R(0,0,0)
Computing the AO overlaps between R(1,2,1) and R(0,0,0)
Computing the AO overlaps between R(1,2,2) and R(0,0,0)
Computing the AO overlaps between R(2,-2,-2) and R(0,0,0)
Computing the AO overlaps between R(2,-2,-1) and R(0,0,0)
Computing the AO overlaps between R(2,-2,0) and R(0,0,0)
Computing the AO overlaps between R(2,-2,1) and R(0,0,0)
Computing the AO overlaps between R(2,-2,2) and R(0,0,0)
Computing the AO overlaps between R(2,-1,-2) and R(0,0,0)
Computing the AO overlaps between R(2,-1,-1) and R(0,0,0)
Computing the AO overlaps between R(2,-1,0) and R(0,0,0)
Computing the AO overlaps between R(2,-1,1) and R(0,0,0)
Computing the AO overlaps between R(2,-1,2) and R(0,0,0)
Computing the AO overlaps between R(2,0,-2) and R(0,0,0)
Computing the AO overlaps between R(2,0,-1) and R(0,0,0)
Computing the AO overlaps between R(2,0,0) and R(0,0,0)
Computing the AO overlaps between R(2,0,1) and R(0,0,0)
Computing the AO overlaps between R(2,0,2) and R(0,0,0)
Computing the AO overlaps between R(2,1,-2) and R(0,0,0)
Computing the AO overlaps between R(2,1,-1) and R(0,0,0)
Computing the AO overlaps between R(2,1,0) and R(0,0,0)
Computing the AO overlaps between R(2,1,1) and R(0,0,0)
Computing the AO overlaps between R(2,1,2) and R(0,0,0)
Computing the AO overlaps between R(2,2,-2) and R(0,0,0)
Computing the AO overlaps between R(2,2,-1) and R(0,0,0)
Computing the AO overlaps between R(2,2,0) and R(0,0,0)
Computing the AO overlaps between R(2,2,1) and R(0,0,0)
Computing the AO overlaps between R(2,2,2) and R(0,0,0)
Done with computing atomic orbital overlaps. Elapsed time: 0.6556711196899414
Turning the MATRIX to numpy array...
Done with transforming MATRIX 2 numpy array. Elapsed time: 0.008997917175292969
Resorting eigenvectors elements...
Done with resorting eigenvectors elements. Elapsed time: 0.0006277561187744141
Computing and saving molecular orbital overlaps...
Done with computing molecular orbital overlaps. Elapsed time: 0.01470804214477539
Done with step 10. Elapsed time: 54.17939519882202
Done with the job!!!
WARNING: Parameter all_images is not defined! in the input parametersUse the default value 
WARNING: Parameter image_format is not defined! in the input parametersUse the default value 
WARNING: Parameter isXTB is not defined! in the input parametersUse the default value 
WARNING: Parameter vmd_input_template is not defined! in the input parametersUse the default value 
WARNING: Parameter states_to_plot is not defined! in the input parametersUse the default value 
WARNING: Parameter plot_phase_corrected is not defined! in the input parametersUse the default value 
WARNING: Parameter vmd_exe is not defined! in the input parametersUse the default value 
WARNING: Parameter tachyon_exe is not defined! in the input parametersUse the default value 
WARNING: Parameter x_pixels is not defined! in the input parametersUse the default value 
WARNING: Parameter y_pixels is not defined! in the input parametersUse the default value 
WARNING: Parameter remove_cube is not defined! in the input parametersUse the default value 
WARNING: Parameter together_mode is not defined! in the input parametersUse the default value 
WARNING: Parameter use_emultipole is not defined! in the input parametersUse the default value 
WARNING: Parameter emultipole_components is not defined! in the input parametersUse the default value 
